Component: Arm Compiler for Embedded 6.24 Tool: armlink [5f371500]

==============================================================================

Section Cross References

    startup_stm32h503xx.o(STACK) refers (Special) to heapauxi.o(.text) for __use_two_region_memory
    startup_stm32h503xx.o(HEAP) refers (Special) to heapauxi.o(.text) for __use_two_region_memory
    startup_stm32h503xx.o(RESET) refers (Special) to heapauxi.o(.text) for __use_two_region_memory
    startup_stm32h503xx.o(RESET) refers to startup_stm32h503xx.o(STACK) for __initial_sp
    startup_stm32h503xx.o(RESET) refers to startup_stm32h503xx.o(.text) for Reset_Handler
    startup_stm32h503xx.o(RESET) refers to mcal.o(.text.NMI_Handler) for NMI_Handler
    startup_stm32h503xx.o(RESET) refers to mcal.o(.text.HardFault_Handler) for HardFault_Handler
    startup_stm32h503xx.o(RESET) refers to mcal.o(.text.MemManage_Handler) for MemManage_Handler
    startup_stm32h503xx.o(RESET) refers to mcal.o(.text.BusFault_Handler) for BusFault_Handler
    startup_stm32h503xx.o(RESET) refers to mcal.o(.text.UsageFault_Handler) for UsageFault_Handler
    startup_stm32h503xx.o(RESET) refers to mcal.o(.text.SVC_Handler) for SVC_Handler
    startup_stm32h503xx.o(RESET) refers to mcal.o(.text.DebugMon_Handler) for DebugMon_Handler
    startup_stm32h503xx.o(RESET) refers to mcal.o(.text.PendSV_Handler) for PendSV_Handler
    startup_stm32h503xx.o(RESET) refers to mcal.o(.text.SysTick_Handler) for SysTick_Handler
    startup_stm32h503xx.o(.text) refers (Special) to heapauxi.o(.text) for __use_two_region_memory
    startup_stm32h503xx.o(.text) refers to system_stm32h5xx.o(.text.SystemInit) for SystemInit
    startup_stm32h503xx.o(.text) refers to __main.o(!!!main) for __main
    startup_stm32h503xx.o(.text) refers to startup_stm32h503xx.o(HEAP) for Heap_Mem
    startup_stm32h503xx.o(.text) refers to startup_stm32h503xx.o(STACK) for Stack_Mem
    main.o(.text.main) refers to mcal.o(.text.Mcal_Init) for Mcal_Init
    main.o(.text.main) refers to bsw.o(.text.Bsw_Init) for Bsw_Init
    main.o(.text.main) refers to stm32h5xx_hal.o(.text.HAL_Init) for HAL_Init
    main.o(.text.main) refers to app.o(.text.Application_Init) for Application_Init
    main.o(.text.main) refers to app.o(.text.Application_MainFunction) for Application_MainFunction
    main.o(.text.main) refers to stm32h5xx_hal.o(.text.HAL_Delay) for HAL_Delay
    main.o(.ARM.exidx.text.main) refers to main.o(.text.main) for [Anonymous Symbol]
    stm32h5xx_hal_cortex.o(.ARM.exidx.text.HAL_NVIC_SetPriorityGrouping) refers to stm32h5xx_hal_cortex.o(.text.HAL_NVIC_SetPriorityGrouping) for [Anonymous Symbol]
    stm32h5xx_hal_cortex.o(.ARM.exidx.text.HAL_NVIC_SetPriority) refers to stm32h5xx_hal_cortex.o(.text.HAL_NVIC_SetPriority) for [Anonymous Symbol]
    stm32h5xx_hal_cortex.o(.ARM.exidx.text.HAL_NVIC_EnableIRQ) refers to stm32h5xx_hal_cortex.o(.text.HAL_NVIC_EnableIRQ) for [Anonymous Symbol]
    stm32h5xx_hal_cortex.o(.ARM.exidx.text.HAL_NVIC_DisableIRQ) refers to stm32h5xx_hal_cortex.o(.text.HAL_NVIC_DisableIRQ) for [Anonymous Symbol]
    stm32h5xx_hal_cortex.o(.text.HAL_NVIC_SystemReset) refers to stm32h5xx_hal_cortex.o(.text.__NVIC_SystemReset) for __NVIC_SystemReset
    stm32h5xx_hal_cortex.o(.ARM.exidx.text.HAL_NVIC_SystemReset) refers to stm32h5xx_hal_cortex.o(.text.HAL_NVIC_SystemReset) for [Anonymous Symbol]
    stm32h5xx_hal_cortex.o(.ARM.exidx.text.__NVIC_SystemReset) refers to stm32h5xx_hal_cortex.o(.text.__NVIC_SystemReset) for [Anonymous Symbol]
    stm32h5xx_hal_cortex.o(.ARM.exidx.text.HAL_NVIC_GetPriorityGrouping) refers to stm32h5xx_hal_cortex.o(.text.HAL_NVIC_GetPriorityGrouping) for [Anonymous Symbol]
    stm32h5xx_hal_cortex.o(.ARM.exidx.text.HAL_NVIC_GetPriority) refers to stm32h5xx_hal_cortex.o(.text.HAL_NVIC_GetPriority) for [Anonymous Symbol]
    stm32h5xx_hal_cortex.o(.ARM.exidx.text.HAL_NVIC_SetPendingIRQ) refers to stm32h5xx_hal_cortex.o(.text.HAL_NVIC_SetPendingIRQ) for [Anonymous Symbol]
    stm32h5xx_hal_cortex.o(.ARM.exidx.text.HAL_NVIC_GetPendingIRQ) refers to stm32h5xx_hal_cortex.o(.text.HAL_NVIC_GetPendingIRQ) for [Anonymous Symbol]
    stm32h5xx_hal_cortex.o(.ARM.exidx.text.HAL_NVIC_ClearPendingIRQ) refers to stm32h5xx_hal_cortex.o(.text.HAL_NVIC_ClearPendingIRQ) for [Anonymous Symbol]
    stm32h5xx_hal_cortex.o(.ARM.exidx.text.HAL_NVIC_GetActive) refers to stm32h5xx_hal_cortex.o(.text.HAL_NVIC_GetActive) for [Anonymous Symbol]
    stm32h5xx_hal_cortex.o(.ARM.exidx.text.HAL_SYSTICK_Config) refers to stm32h5xx_hal_cortex.o(.text.HAL_SYSTICK_Config) for [Anonymous Symbol]
    stm32h5xx_hal_cortex.o(.ARM.exidx.text.HAL_SYSTICK_CLKSourceConfig) refers to stm32h5xx_hal_cortex.o(.text.HAL_SYSTICK_CLKSourceConfig) for [Anonymous Symbol]
    stm32h5xx_hal_cortex.o(.ARM.exidx.text.HAL_SYSTICK_GetCLKSourceConfig) refers to stm32h5xx_hal_cortex.o(.text.HAL_SYSTICK_GetCLKSourceConfig) for [Anonymous Symbol]
[...]
    Removing stm32h5xx_hal_flash.o(.text.HAL_FLASH_GetError), (12 bytes).
    Removing stm32h5xx_hal_flash.o(.ARM.exidx.text.HAL_FLASH_GetError), (8 bytes).
    Removing stm32h5xx_hal_flash.o(.data.pFlash), (28 bytes).
    Removing stm32h5xx_hal_flash_ex.o(.text), (0 bytes).
    Removing stm32h5xx_hal_flash_ex.o(.text.HAL_FLASHEx_Erase), (300 bytes).
    Removing stm32h5xx_hal_flash_ex.o(.ARM.exidx.text.HAL_FLASHEx_Erase), (8 bytes).
    Removing stm32h5xx_hal_flash_ex.o(.text.FLASH_Erase_Sector), (64 bytes).
    Removing stm32h5xx_hal_flash_ex.o(.ARM.exidx.text.FLASH_Erase_Sector), (8 bytes).
    Removing stm32h5xx_hal_flash_ex.o(.text.HAL_FLASHEx_Erase_IT), (196 bytes).
    Removing stm32h5xx_hal_flash_ex.o(.ARM.exidx.text.HAL_FLASHEx_Erase_IT), (8 bytes).
    Removing stm32h5xx_hal_flash_ex.o(.text.HAL_FLASHEx_OBProgram), (652 bytes).
    Removing stm32h5xx_hal_flash_ex.o(.ARM.exidx.text.HAL_FLASHEx_OBProgram), (8 bytes).
    Removing stm32h5xx_hal_flash_ex.o(.text.HAL_FLASHEx_OBGetConfig), (160 bytes).
    Removing stm32h5xx_hal_flash_ex.o(.ARM.exidx.text.HAL_FLASHEx_OBGetConfig), (8 bytes).
    Removing stm32h5xx_hal_flash_ex.o(.text.HAL_FLASHEx_GetOperation), (30 bytes).
    Removing stm32h5xx_hal_flash_ex.o(.ARM.exidx.text.HAL_FLASHEx_GetOperation), (8 bytes).
    Removing stm32h5xx_hal_flash_ex.o(.text.HAL_FLASHEx_ConfigBBAttributes), (72 bytes).
    Removing stm32h5xx_hal_flash_ex.o(.ARM.exidx.text.HAL_FLASHEx_ConfigBBAttributes), (8 bytes).
    Removing stm32h5xx_hal_flash_ex.o(.text.HAL_FLASHEx_GetConfigBBAttributes), (34 bytes).
    Removing stm32h5xx_hal_flash_ex.o(.ARM.exidx.text.HAL_FLASHEx_GetConfigBBAttributes), (8 bytes).
    Removing stm32h5xx_hal_flash_ex.o(.text.HAL_FLASHEx_ConfigPrivMode), (20 bytes).
    Removing stm32h5xx_hal_flash_ex.o(.ARM.exidx.text.HAL_FLASHEx_ConfigPrivMode), (8 bytes).
    Removing stm32h5xx_hal_flash_ex.o(.text.HAL_FLASHEx_GetPrivMode), (16 bytes).
    Removing stm32h5xx_hal_flash_ex.o(.ARM.exidx.text.HAL_FLASHEx_GetPrivMode), (8 bytes).
    Removing stm32h5xx_hal_flash_ex.o(.text.HAL_FLASHEx_ConfigHDPExtension), (68 bytes).
    Removing stm32h5xx_hal_flash_ex.o(.ARM.exidx.text.HAL_FLASHEx_ConfigHDPExtension), (8 bytes).
    Removing stm32h5xx_hal_flash_ex.o(.text.HAL_FLASHEx_EnableEccCorrectionInterrupt), (18 bytes).
    Removing stm32h5xx_hal_flash_ex.o(.ARM.exidx.text.HAL_FLASHEx_EnableEccCorrectionInterrupt), (8 bytes).
    Removing stm32h5xx_hal_flash_ex.o(.text.HAL_FLASHEx_DisableEccCorrectionInterrupt), (18 bytes).
    Removing stm32h5xx_hal_flash_ex.o(.ARM.exidx.text.HAL_FLASHEx_DisableEccCorrectionInterrupt), (8 bytes).
    Removing stm32h5xx_hal_flash_ex.o(.text.HAL_FLASHEx_GetEccInfo), (226 bytes).
    Removing stm32h5xx_hal_flash_ex.o(.ARM.exidx.text.HAL_FLASHEx_GetEccInfo), (8 bytes).
    Removing stm32h5xx_hal_flash_ex.o(.text.HAL_FLASHEx_ECCD_IRQHandler), (34 bytes).
    Removing stm32h5xx_hal_flash_ex.o(.ARM.exidx.text.HAL_FLASHEx_ECCD_IRQHandler), (8 bytes).
    Removing stm32h5xx_hal_flash_ex.o(.text.HAL_FLASHEx_EccDetectionCallback), (2 bytes).
    Removing stm32h5xx_hal_flash_ex.o(.ARM.exidx.text.HAL_FLASHEx_EccDetectionCallback), (8 bytes).
    Removing stm32h5xx_hal_flash_ex.o(.text.HAL_FLASHEx_EccCorrectionCallback), (2 bytes).
    Removing stm32h5xx_hal_flash_ex.o(.ARM.exidx.text.HAL_FLASHEx_EccCorrectionCallback), (8 bytes).
    Removing stm32h5xx_hal_gpio.o(.text), (0 bytes).
    Removing stm32h5xx_hal_gpio.o(.ARM.exidx.text.HAL_GPIO_Init), (8 bytes).
    Removing stm32h5xx_hal_gpio.o(.text.HAL_GPIO_DeInit), (260 bytes).
    Removing stm32h5xx_hal_gpio.o(.ARM.exidx.text.HAL_GPIO_DeInit), (8 bytes).
    Removing stm32h5xx_hal_gpio.o(.ARM.exidx.text.HAL_GPIO_ReadPin), (8 bytes).
    Removing stm32h5xx_hal_gpio.o(.ARM.exidx.text.HAL_GPIO_WritePin), (8 bytes).
    Removing stm32h5xx_hal_gpio.o(.text.HAL_GPIO_WriteMultipleStatePin), (8 bytes).
    Removing stm32h5xx_hal_gpio.o(.ARM.exidx.text.HAL_GPIO_WriteMultipleStatePin), (8 bytes).
    Removing stm32h5xx_hal_gpio.o(.text.HAL_GPIO_TogglePin), (16 bytes).
    Removing stm32h5xx_hal_gpio.o(.ARM.exidx.text.HAL_GPIO_TogglePin), (8 bytes).
    Removing stm32h5xx_hal_gpio.o(.text.HAL_GPIO_LockPin), (44 bytes).
    Removing stm32h5xx_hal_gpio.o(.ARM.exidx.text.HAL_GPIO_LockPin), (8 bytes).
    Removing stm32h5xx_hal_gpio.o(.text.HAL_GPIO_EnableHighSPeedLowVoltage), (8 bytes).
    Removing stm32h5xx_hal_gpio.o(.ARM.exidx.text.HAL_GPIO_EnableHighSPeedLowVoltage), (8 bytes).
    Removing stm32h5xx_hal_gpio.o(.text.HAL_GPIO_DisableHighSPeedLowVoltage), (10 bytes).
    Removing stm32h5xx_hal_gpio.o(.ARM.exidx.text.HAL_GPIO_DisableHighSPeedLowVoltage), (8 bytes).
    Removing stm32h5xx_hal_gpio.o(.text.HAL_GPIO_EXTI_IRQHandler), (46 bytes).
    Removing stm32h5xx_hal_gpio.o(.ARM.exidx.text.HAL_GPIO_EXTI_IRQHandler), (8 bytes).
    Removing stm32h5xx_hal_gpio.o(.text.HAL_GPIO_EXTI_Rising_Callback), (2 bytes).
    Removing stm32h5xx_hal_gpio.o(.ARM.exidx.text.HAL_GPIO_EXTI_Rising_Callback), (8 bytes).
    Removing stm32h5xx_hal_gpio.o(.text.HAL_GPIO_EXTI_Falling_Callback), (2 bytes).
    Removing stm32h5xx_hal_gpio.o(.ARM.exidx.text.HAL_GPIO_EXTI_Falling_Callback), (8 bytes).
    Removing stm32h5xx_hal_dma.o(.text), (0 bytes).
    Removing stm32h5xx_hal_dma.o(.text.HAL_DMA_Init), (578 bytes).
    Removing stm32h5xx_hal_dma.o(.ARM.exidx.text.HAL_DMA_Init), (8 bytes).
    Removing stm32h5xx_hal_dma.o(.text.HAL_DMA_DeInit), (222 bytes).
    Removing stm32h5xx_hal_dma.o(.ARM.exidx.text.HAL_DMA_DeInit), (8 bytes).
    Removing stm32h5xx_hal_dma.o(.text.HAL_DMA_Start), (126 bytes).
    Removing stm32h5xx_hal_dma.o(.ARM.exidx.text.HAL_DMA_Start), (8 bytes).
    Removing stm32h5xx_hal_dma.o(.text.HAL_DMA_Start_IT), (178 bytes).
    Removing stm32h5xx_hal_dma.o(.ARM.exidx.text.HAL_DMA_Start_IT), (8 bytes).
    Removing stm32h5xx_hal_dma.o(.text.HAL_DMA_Abort), (168 bytes).
    Removing stm32h5xx_hal_dma.o(.ARM.exidx.text.HAL_DMA_Abort), (8 bytes).
    Removing stm32h5xx_hal_dma.o(.text.HAL_DMA_Abort_IT), (40 bytes).
    Removing stm32h5xx_hal_dma.o(.ARM.exidx.text.HAL_DMA_Abort_IT), (8 bytes).
    Removing stm32h5xx_hal_dma.o(.text.HAL_DMA_PollForTransfer), (508 bytes).
    Removing stm32h5xx_hal_dma.o(.ARM.exidx.text.HAL_DMA_PollForTransfer), (8 bytes).
    Removing stm32h5xx_hal_dma.o(.text.HAL_DMA_IRQHandler), (424 bytes).
    Removing stm32h5xx_hal_dma.o(.ARM.exidx.text.HAL_DMA_IRQHandler), (8 bytes).
    Removing stm32h5xx_hal_dma.o(.text.HAL_DMA_RegisterCallback), (42 bytes).
    Removing stm32h5xx_hal_dma.o(.ARM.exidx.text.HAL_DMA_RegisterCallback), (8 bytes).
    Removing stm32h5xx_hal_dma.o(.text.HAL_DMA_UnRegisterCallback), (90 bytes).
    Removing stm32h5xx_hal_dma.o(.ARM.exidx.text.HAL_DMA_UnRegisterCallback), (8 bytes).
    Removing stm32h5xx_hal_dma.o(.text.HAL_DMA_GetState), (6 bytes).
    Removing stm32h5xx_hal_dma.o(.ARM.exidx.text.HAL_DMA_GetState), (8 bytes).
    Removing stm32h5xx_hal_dma.o(.text.HAL_DMA_GetError), (4 bytes).
    Removing stm32h5xx_hal_dma.o(.ARM.exidx.text.HAL_DMA_GetError), (8 bytes).
    Removing stm32h5xx_hal_dma.o(.text.HAL_DMA_ConfigChannelAttributes), (58 bytes).
    Removing stm32h5xx_hal_dma.o(.ARM.exidx.text.HAL_DMA_ConfigChannelAttributes), (8 bytes).
    Removing stm32h5xx_hal_dma.o(.text.HAL_DMA_GetConfigChannelAttributes), (52 bytes).
    Removing stm32h5xx_hal_dma.o(.ARM.exidx.text.HAL_DMA_GetConfigChannelAttributes), (8 bytes).
    Removing stm32h5xx_hal_dma_ex.o(.text), (0 bytes).
    Removing stm32h5xx_hal_dma_ex.o(.text.HAL_DMAEx_List_Init), (226 bytes).
    Removing stm32h5xx_hal_dma_ex.o(.ARM.exidx.text.HAL_DMAEx_List_Init), (8 bytes).
    Removing stm32h5xx_hal_dma_ex.o(.text.HAL_DMAEx_List_DeInit), (234 bytes).
    Removing stm32h5xx_hal_dma_ex.o(.ARM.exidx.text.HAL_DMAEx_List_DeInit), (8 bytes).
    Removing stm32h5xx_hal_dma_ex.o(.text.HAL_DMAEx_List_Start), (172 bytes).
    Removing stm32h5xx_hal_dma_ex.o(.ARM.exidx.text.HAL_DMAEx_List_Start), (8 bytes).
    Removing stm32h5xx_hal_dma_ex.o(.text.HAL_DMAEx_List_Start_IT), (216 bytes).
    Removing stm32h5xx_hal_dma_ex.o(.ARM.exidx.text.HAL_DMAEx_List_Start_IT), (8 bytes).
    Removing stm32h5xx_hal_dma_ex.o(.text.HAL_DMAEx_List_BuildNode), (372 bytes).
    Removing stm32h5xx_hal_dma_ex.o(.ARM.exidx.text.HAL_DMAEx_List_BuildNode), (8 bytes).
    Removing stm32h5xx_hal_dma_ex.o(.text.HAL_DMAEx_List_GetNodeConfig), (342 bytes).
    Removing stm32h5xx_hal_dma_ex.o(.ARM.exidx.text.HAL_DMAEx_List_GetNodeConfig), (8 bytes).
    Removing stm32h5xx_hal_dma_ex.o(.text.HAL_DMAEx_List_InsertNode), (298 bytes).
    Removing stm32h5xx_hal_dma_ex.o(.ARM.exidx.text.HAL_DMAEx_List_InsertNode), (8 bytes).
    Removing stm32h5xx_hal_dma_ex.o(.text.DMA_List_CheckNodesTypes), (48 bytes).
    Removing stm32h5xx_hal_dma_ex.o(.ARM.exidx.text.DMA_List_CheckNodesTypes), (8 bytes).
    Removing stm32h5xx_hal_dma_ex.o(.text.DMA_List_FindNode), (466 bytes).
    Removing stm32h5xx_hal_dma_ex.o(.ARM.exidx.text.DMA_List_FindNode), (8 bytes).
    Removing stm32h5xx_hal_dma_ex.o(.text.HAL_DMAEx_List_InsertNode_Head), (160 bytes).
    Removing stm32h5xx_hal_dma_ex.o(.ARM.exidx.text.HAL_DMAEx_List_InsertNode_Head), (8 bytes).
    Removing stm32h5xx_hal_dma_ex.o(.text.HAL_DMAEx_List_InsertNode_Tail), (348 bytes).
    Removing stm32h5xx_hal_dma_ex.o(.ARM.exidx.text.HAL_DMAEx_List_InsertNode_Tail), (8 bytes).
    Removing stm32h5xx_hal_dma_ex.o(.text.HAL_DMAEx_List_RemoveNode), (494 bytes).
    Removing stm32h5xx_hal_dma_ex.o(.ARM.exidx.text.HAL_DMAEx_List_RemoveNode), (8 bytes).
    Removing stm32h5xx_hal_dma_ex.o(.text.HAL_DMAEx_List_RemoveNode_Head), (324 bytes).
    Removing stm32h5xx_hal_dma_ex.o(.ARM.exidx.text.HAL_DMAEx_List_RemoveNode_Head), (8 bytes).
    Removing stm32h5xx_hal_dma_ex.o(.text.HAL_DMAEx_List_RemoveNode_Tail), (304 bytes).
    Removing stm32h5xx_hal_dma_ex.o(.ARM.exidx.text.HAL_DMAEx_List_RemoveNode_Tail), (8 bytes).
    Removing stm32h5xx_hal_dma_ex.o(.text.HAL_DMAEx_List_ReplaceNode), (548 bytes).
    Removing stm32h5xx_hal_dma_ex.o(.ARM.exidx.text.HAL_DMAEx_List_ReplaceNode), (8 bytes).
    Removing stm32h5xx_hal_dma_ex.o(.text.HAL_DMAEx_List_ReplaceNode_Head), (206 bytes).
    Removing stm32h5xx_hal_dma_ex.o(.ARM.exidx.text.HAL_DMAEx_List_ReplaceNode_Head), (8 bytes).
    Removing stm32h5xx_hal_dma_ex.o(.text.HAL_DMAEx_List_ReplaceNode_Tail), (362 bytes).
    Removing stm32h5xx_hal_dma_ex.o(.ARM.exidx.text.HAL_DMAEx_List_ReplaceNode_Tail), (8 bytes).
    Removing stm32h5xx_hal_dma_ex.o(.text.HAL_DMAEx_List_ResetQ), (218 bytes).
    Removing stm32h5xx_hal_dma_ex.o(.ARM.exidx.text.HAL_DMAEx_List_ResetQ), (8 bytes).
    Removing stm32h5xx_hal_dma_ex.o(.text.HAL_DMAEx_List_InsertQ), (458 bytes).
    Removing stm32h5xx_hal_dma_ex.o(.ARM.exidx.text.HAL_DMAEx_List_InsertQ), (8 bytes).
    Removing stm32h5xx_hal_dma_ex.o(.text.HAL_DMAEx_List_InsertQ_Head), (260 bytes).
    Removing stm32h5xx_hal_dma_ex.o(.ARM.exidx.text.HAL_DMAEx_List_InsertQ_Head), (8 bytes).
    Removing stm32h5xx_hal_dma_ex.o(.text.HAL_DMAEx_List_InsertQ_Tail), (272 bytes).
    Removing stm32h5xx_hal_dma_ex.o(.ARM.exidx.text.HAL_DMAEx_List_InsertQ_Tail), (8 bytes).
    Removing stm32h5xx_hal_dma_ex.o(.text.HAL_DMAEx_List_SetCircularModeConfig), (480 bytes).
    Removing stm32h5xx_hal_dma_ex.o(.ARM.exidx.text.HAL_DMAEx_List_SetCircularModeConfig), (8 bytes).
    Removing stm32h5xx_hal_dma_ex.o(.text.HAL_DMAEx_List_SetCircularMode), (278 bytes).
    Removing stm32h5xx_hal_dma_ex.o(.ARM.exidx.text.HAL_DMAEx_List_SetCircularMode), (8 bytes).
    Removing stm32h5xx_hal_dma_ex.o(.text.HAL_DMAEx_List_ClearCircularMode), (258 bytes).
    Removing stm32h5xx_hal_dma_ex.o(.ARM.exidx.text.HAL_DMAEx_List_ClearCircularMode), (8 bytes).
    Removing stm32h5xx_hal_dma_ex.o(.text.HAL_DMAEx_List_ConvertQToDynamic), (1080 bytes).
    Removing stm32h5xx_hal_dma_ex.o(.ARM.exidx.text.HAL_DMAEx_List_ConvertQToDynamic), (8 bytes).
    Removing stm32h5xx_hal_dma_ex.o(.text.HAL_DMAEx_List_ConvertQToStatic), (936 bytes).
    Removing stm32h5xx_hal_dma_ex.o(.ARM.exidx.text.HAL_DMAEx_List_ConvertQToStatic), (8 bytes).
    Removing stm32h5xx_hal_dma_ex.o(.text.HAL_DMAEx_List_LinkQ), (174 bytes).
    Removing stm32h5xx_hal_dma_ex.o(.ARM.exidx.text.HAL_DMAEx_List_LinkQ), (8 bytes).
    Removing stm32h5xx_hal_dma_ex.o(.text.HAL_DMAEx_List_UnLinkQ), (44 bytes).
    Removing stm32h5xx_hal_dma_ex.o(.ARM.exidx.text.HAL_DMAEx_List_UnLinkQ), (8 bytes).
    Removing stm32h5xx_hal_dma_ex.o(.text.HAL_DMAEx_ConfigDataHandling), (84 bytes).
    Removing stm32h5xx_hal_dma_ex.o(.ARM.exidx.text.HAL_DMAEx_ConfigDataHandling), (8 bytes).
    Removing stm32h5xx_hal_dma_ex.o(.text.HAL_DMAEx_ConfigTrigger), (92 bytes).
    Removing stm32h5xx_hal_dma_ex.o(.ARM.exidx.text.HAL_DMAEx_ConfigTrigger), (8 bytes).
    Removing stm32h5xx_hal_dma_ex.o(.text.HAL_DMAEx_ConfigRepeatBlock), (172 bytes).
    Removing stm32h5xx_hal_dma_ex.o(.ARM.exidx.text.HAL_DMAEx_ConfigRepeatBlock), (8 bytes).
    Removing stm32h5xx_hal_dma_ex.o(.text.HAL_DMAEx_Suspend), (106 bytes).
    Removing stm32h5xx_hal_dma_ex.o(.ARM.exidx.text.HAL_DMAEx_Suspend), (8 bytes).
    Removing stm32h5xx_hal_dma_ex.o(.text.HAL_DMAEx_Suspend_IT), (42 bytes).
    Removing stm32h5xx_hal_dma_ex.o(.ARM.exidx.text.HAL_DMAEx_Suspend_IT), (8 bytes).
    Removing stm32h5xx_hal_dma_ex.o(.text.HAL_DMAEx_Resume), (54 bytes).
    Removing stm32h5xx_hal_dma_ex.o(.ARM.exidx.text.HAL_DMAEx_Resume), (8 bytes).
    Removing stm32h5xx_hal_dma_ex.o(.text.HAL_DMAEx_GetFifoLevel), (10 bytes).
    Removing stm32h5xx_hal_dma_ex.o(.ARM.exidx.text.HAL_DMAEx_GetFifoLevel), (8 bytes).
    Removing stm32h5xx_hal_dma_ex.o(.rodata.cst32), (32 bytes).
    Removing stm32h5xx_hal_pwr.o(.text), (0 bytes).
    Removing stm32h5xx_hal_pwr.o(.text.HAL_PWR_DeInit), (2 bytes).
    Removing stm32h5xx_hal_pwr.o(.ARM.exidx.text.HAL_PWR_DeInit), (8 bytes).
    Removing stm32h5xx_hal_pwr.o(.text.HAL_PWR_EnableBkUpAccess), (18 bytes).
    Removing stm32h5xx_hal_pwr.o(.ARM.exidx.text.HAL_PWR_EnableBkUpAccess), (8 bytes).
    Removing stm32h5xx_hal_pwr.o(.text.HAL_PWR_DisableBkUpAccess), (18 bytes).
    Removing stm32h5xx_hal_pwr.o(.ARM.exidx.text.HAL_PWR_DisableBkUpAccess), (8 bytes).
    Removing stm32h5xx_hal_pwr.o(.text.HAL_PWR_ConfigPVD), (148 bytes).
    Removing stm32h5xx_hal_pwr.o(.ARM.exidx.text.HAL_PWR_ConfigPVD), (8 bytes).
    Removing stm32h5xx_hal_pwr.o(.text.HAL_PWR_EnablePVD), (18 bytes).
    Removing stm32h5xx_hal_pwr.o(.ARM.exidx.text.HAL_PWR_EnablePVD), (8 bytes).
    Removing stm32h5xx_hal_pwr.o(.text.HAL_PWR_DisablePVD), (18 bytes).
    Removing stm32h5xx_hal_pwr.o(.ARM.exidx.text.HAL_PWR_DisablePVD), (8 bytes).
    Removing stm32h5xx_hal_pwr.o(.text.HAL_PWR_EnableWakeUpPin), (26 bytes).
    Removing stm32h5xx_hal_pwr.o(.ARM.exidx.text.HAL_PWR_EnableWakeUpPin), (8 bytes).
    Removing stm32h5xx_hal_pwr.o(.text.HAL_PWR_DisableWakeUpPin), (24 bytes).
    Removing stm32h5xx_hal_pwr.o(.ARM.exidx.text.HAL_PWR_DisableWakeUpPin), (8 bytes).
    Removing stm32h5xx_hal_pwr.o(.text.HAL_PWR_EnterSLEEPMode), (30 bytes).
    Removing stm32h5xx_hal_pwr.o(.ARM.exidx.text.HAL_PWR_EnterSLEEPMode), (8 bytes).
    Removing stm32h5xx_hal_pwr.o(.text.HAL_PWR_EnterSTOPMode), (54 bytes).
    Removing stm32h5xx_hal_pwr.o(.ARM.exidx.text.HAL_PWR_EnterSTOPMode), (8 bytes).
    Removing stm32h5xx_hal_pwr.o(.text.HAL_PWR_EnterSTANDBYMode), (44 bytes).
    Removing stm32h5xx_hal_pwr.o(.ARM.exidx.text.HAL_PWR_EnterSTANDBYMode), (8 bytes).
    Removing stm32h5xx_hal_pwr.o(.text.HAL_PWR_EnableSleepOnExit), (18 bytes).
    Removing stm32h5xx_hal_pwr.o(.ARM.exidx.text.HAL_PWR_EnableSleepOnExit), (8 bytes).
    Removing stm32h5xx_hal_pwr.o(.text.HAL_PWR_DisableSleepOnExit), (18 bytes).
    Removing stm32h5xx_hal_pwr.o(.ARM.exidx.text.HAL_PWR_DisableSleepOnExit), (8 bytes).
    Removing stm32h5xx_hal_pwr.o(.text.HAL_PWR_EnableSEVOnPend), (18 bytes).
    Removing stm32h5xx_hal_pwr.o(.ARM.exidx.text.HAL_PWR_EnableSEVOnPend), (8 bytes).
    Removing stm32h5xx_hal_pwr.o(.text.HAL_PWR_DisableSEVOnPend), (18 bytes).
    Removing stm32h5xx_hal_pwr.o(.ARM.exidx.text.HAL_PWR_DisableSEVOnPend), (8 bytes).
    Removing stm32h5xx_hal_pwr.o(.text.HAL_PWR_PVD_IRQHandler), (36 bytes).
    Removing stm32h5xx_hal_pwr.o(.ARM.exidx.text.HAL_PWR_PVD_IRQHandler), (8 bytes).
    Removing stm32h5xx_hal_pwr.o(.text.HAL_PWR_PVDCallback), (2 bytes).
    Removing stm32h5xx_hal_pwr.o(.ARM.exidx.text.HAL_PWR_PVDCallback), (8 bytes).
    Removing stm32h5xx_hal_pwr.o(.text.HAL_PWR_ConfigAttributes), (34 bytes).
    Removing stm32h5xx_hal_pwr.o(.ARM.exidx.text.HAL_PWR_ConfigAttributes), (8 bytes).
    Removing stm32h5xx_hal_pwr.o(.text.HAL_PWR_GetConfigAttributes), (34 bytes).
    Removing stm32h5xx_hal_pwr.o(.ARM.exidx.text.HAL_PWR_GetConfigAttributes), (8 bytes).
    Removing stm32h5xx_hal_pwr_ex.o(.text), (0 bytes).
    Removing stm32h5xx_hal_pwr_ex.o(.text.HAL_PWREx_ConfigSupply), (64 bytes).
    Removing stm32h5xx_hal_pwr_ex.o(.ARM.exidx.text.HAL_PWREx_ConfigSupply), (8 bytes).
    Removing stm32h5xx_hal_pwr_ex.o(.text.HAL_PWREx_GetSupplyConfig), (18 bytes).
    Removing stm32h5xx_hal_pwr_ex.o(.ARM.exidx.text.HAL_PWREx_GetSupplyConfig), (8 bytes).
    Removing stm32h5xx_hal_pwr_ex.o(.text.HAL_PWREx_ControlVoltageScaling), (66 bytes).
    Removing stm32h5xx_hal_pwr_ex.o(.ARM.exidx.text.HAL_PWREx_ControlVoltageScaling), (8 bytes).
    Removing stm32h5xx_hal_pwr_ex.o(.text.HAL_PWREx_GetVoltageRange), (16 bytes).
    Removing stm32h5xx_hal_pwr_ex.o(.ARM.exidx.text.HAL_PWREx_GetVoltageRange), (8 bytes).
    Removing stm32h5xx_hal_pwr_ex.o(.text.HAL_PWREx_ControlStopModeVoltageScaling), (22 bytes).
    Removing stm32h5xx_hal_pwr_ex.o(.ARM.exidx.text.HAL_PWREx_ControlStopModeVoltageScaling), (8 bytes).
    Removing stm32h5xx_hal_pwr_ex.o(.text.HAL_PWREx_GetStopModeVoltageRange), (16 bytes).
    Removing stm32h5xx_hal_pwr_ex.o(.ARM.exidx.text.HAL_PWREx_GetStopModeVoltageRange), (8 bytes).
    Removing stm32h5xx_hal_pwr_ex.o(.text.HAL_PWREx_ConfigAVD), (142 bytes).
    Removing stm32h5xx_hal_pwr_ex.o(.ARM.exidx.text.HAL_PWREx_ConfigAVD), (8 bytes).
    Removing stm32h5xx_hal_pwr_ex.o(.text.HAL_PWREx_EnableAVD), (18 bytes).
    Removing stm32h5xx_hal_pwr_ex.o(.ARM.exidx.text.HAL_PWREx_EnableAVD), (8 bytes).
    Removing stm32h5xx_hal_pwr_ex.o(.text.HAL_PWREx_DisableAVD), (18 bytes).
    Removing stm32h5xx_hal_pwr_ex.o(.ARM.exidx.text.HAL_PWREx_DisableAVD), (8 bytes).
    Removing stm32h5xx_hal_pwr_ex.o(.text.HAL_PWREx_EnableMonitoring), (18 bytes).
    Removing stm32h5xx_hal_pwr_ex.o(.ARM.exidx.text.HAL_PWREx_EnableMonitoring), (8 bytes).
    Removing stm32h5xx_hal_pwr_ex.o(.text.HAL_PWREx_DisableMonitoring), (18 bytes).
    Removing stm32h5xx_hal_pwr_ex.o(.ARM.exidx.text.HAL_PWREx_DisableMonitoring), (8 bytes).
    Removing stm32h5xx_hal_pwr_ex.o(.text.HAL_PWREx_EnableBatteryCharging), (28 bytes).
    Removing stm32h5xx_hal_pwr_ex.o(.ARM.exidx.text.HAL_PWREx_EnableBatteryCharging), (8 bytes).
    Removing stm32h5xx_hal_pwr_ex.o(.text.HAL_PWREx_DisableBatteryCharging), (18 bytes).
    Removing stm32h5xx_hal_pwr_ex.o(.ARM.exidx.text.HAL_PWREx_DisableBatteryCharging), (8 bytes).
    Removing stm32h5xx_hal_pwr_ex.o(.text.HAL_PWREx_EnableAnalogBooster), (26 bytes).
    Removing stm32h5xx_hal_pwr_ex.o(.ARM.exidx.text.HAL_PWREx_EnableAnalogBooster), (8 bytes).
    Removing stm32h5xx_hal_pwr_ex.o(.text.HAL_PWREx_DisableAnalogBooster), (26 bytes).
    Removing stm32h5xx_hal_pwr_ex.o(.ARM.exidx.text.HAL_PWREx_DisableAnalogBooster), (8 bytes).
    Removing stm32h5xx_hal_pwr_ex.o(.text.HAL_PWREx_PVD_AVD_IRQHandler), (48 bytes).
    Removing stm32h5xx_hal_pwr_ex.o(.ARM.exidx.text.HAL_PWREx_PVD_AVD_IRQHandler), (8 bytes).
    Removing stm32h5xx_hal_pwr_ex.o(.text.HAL_PWREx_PVD_AVD_Rising_Callback), (2 bytes).
    Removing stm32h5xx_hal_pwr_ex.o(.ARM.exidx.text.HAL_PWREx_PVD_AVD_Rising_Callback), (8 bytes).
    Removing stm32h5xx_hal_pwr_ex.o(.text.HAL_PWREx_PVD_AVD_Falling_Callback), (2 bytes).
    Removing stm32h5xx_hal_pwr_ex.o(.ARM.exidx.text.HAL_PWREx_PVD_AVD_Falling_Callback), (8 bytes).
    Removing stm32h5xx_hal_pwr_ex.o(.text.HAL_PWREx_EnableWakeUpPin), (92 bytes).
    Removing stm32h5xx_hal_pwr_ex.o(.ARM.exidx.text.HAL_PWREx_EnableWakeUpPin), (8 bytes).
    Removing stm32h5xx_hal_pwr_ex.o(.text.HAL_PWREx_DisableWakeUpPin), (24 bytes).
    Removing stm32h5xx_hal_pwr_ex.o(.ARM.exidx.text.HAL_PWREx_DisableWakeUpPin), (8 bytes).
    Removing stm32h5xx_hal_pwr_ex.o(.text.HAL_PWREx_EnableFlashPowerDown), (18 bytes).
    Removing stm32h5xx_hal_pwr_ex.o(.ARM.exidx.text.HAL_PWREx_EnableFlashPowerDown), (8 bytes).
    Removing stm32h5xx_hal_pwr_ex.o(.text.HAL_PWREx_DisableFlashPowerDown), (18 bytes).
    Removing stm32h5xx_hal_pwr_ex.o(.ARM.exidx.text.HAL_PWREx_DisableFlashPowerDown), (8 bytes).
    Removing stm32h5xx_hal_pwr_ex.o(.text.HAL_PWREx_EnableMemoryShutOff), (16 bytes).
    Removing stm32h5xx_hal_pwr_ex.o(.ARM.exidx.text.HAL_PWREx_EnableMemoryShutOff), (8 bytes).
    Removing stm32h5xx_hal_pwr_ex.o(.text.HAL_PWREx_DisableMemoryShutOff), (18 bytes).
    Removing stm32h5xx_hal_pwr_ex.o(.ARM.exidx.text.HAL_PWREx_DisableMemoryShutOff), (8 bytes).
    Removing stm32h5xx_hal_pwr_ex.o(.text.HAL_PWREx_EnableBkupRAMRetention), (20 bytes).
    Removing stm32h5xx_hal_pwr_ex.o(.ARM.exidx.text.HAL_PWREx_EnableBkupRAMRetention), (8 bytes).
    Removing stm32h5xx_hal_pwr_ex.o(.text.HAL_PWREx_DisableBkupRAMRetention), (18 bytes).
    Removing stm32h5xx_hal_pwr_ex.o(.ARM.exidx.text.HAL_PWREx_DisableBkupRAMRetention), (8 bytes).
    Removing stm32h5xx_hal_pwr_ex.o(.text.HAL_PWREx_EnableStandbyIORetention), (18 bytes).
    Removing stm32h5xx_hal_pwr_ex.o(.ARM.exidx.text.HAL_PWREx_EnableStandbyIORetention), (8 bytes).
    Removing stm32h5xx_hal_pwr_ex.o(.text.HAL_PWREx_DisableStandbyIORetention), (18 bytes).
    Removing stm32h5xx_hal_pwr_ex.o(.ARM.exidx.text.HAL_PWREx_DisableStandbyIORetention), (8 bytes).
    Removing stm32h5xx_hal_pwr_ex.o(.text.HAL_PWREx_EnableStandbyJTAGIORetention), (18 bytes).
    Removing stm32h5xx_hal_pwr_ex.o(.ARM.exidx.text.HAL_PWREx_EnableStandbyJTAGIORetention), (8 bytes).
    Removing stm32h5xx_hal_pwr_ex.o(.text.HAL_PWREx_DisableStandbyJTAGIORetention), (18 bytes).
    Removing stm32h5xx_hal_pwr_ex.o(.ARM.exidx.text.HAL_PWREx_DisableStandbyJTAGIORetention), (8 bytes).
    Removing stm32h5xx_hal.o(.text), (0 bytes).
    Removing stm32h5xx_hal.o(.ARM.exidx.text.HAL_Init), (8 bytes).
    Removing stm32h5xx_hal.o(.ARM.exidx.text.HAL_InitTick), (8 bytes).
    Removing stm32h5xx_hal.o(.text.HAL_MspInit), (2 bytes).
    Removing stm32h5xx_hal.o(.ARM.exidx.text.HAL_MspInit), (8 bytes).
    Removing stm32h5xx_hal.o(.text.HAL_DeInit), (92 bytes).
    Removing stm32h5xx_hal.o(.ARM.exidx.text.HAL_DeInit), (8 bytes).
    Removing stm32h5xx_hal.o(.text.HAL_MspDeInit), (2 bytes).
    Removing stm32h5xx_hal.o(.ARM.exidx.text.HAL_MspDeInit), (8 bytes).
    Removing stm32h5xx_hal.o(.ARM.exidx.text.HAL_IncTick), (8 bytes).
    Removing stm32h5xx_hal.o(.ARM.exidx.text.HAL_GetTick), (8 bytes).
    Removing stm32h5xx_hal.o(.text.HAL_GetTickPrio), (12 bytes).
    Removing stm32h5xx_hal.o(.ARM.exidx.text.HAL_GetTickPrio), (8 bytes).
    Removing stm32h5xx_hal.o(.text.HAL_SetTickFreq), (38 bytes).
    Removing stm32h5xx_hal.o(.ARM.exidx.text.HAL_SetTickFreq), (8 bytes).
    Removing stm32h5xx_hal.o(.text.HAL_GetTickFreq), (12 bytes).
    Removing stm32h5xx_hal.o(.ARM.exidx.text.HAL_GetTickFreq), (8 bytes).
    Removing stm32h5xx_hal.o(.ARM.exidx.text.HAL_Delay), (8 bytes).
    Removing stm32h5xx_hal.o(.text.HAL_SuspendTick), (18 bytes).
    Removing stm32h5xx_hal.o(.ARM.exidx.text.HAL_SuspendTick), (8 bytes).
    Removing stm32h5xx_hal.o(.text.HAL_ResumeTick), (18 bytes).
    Removing stm32h5xx_hal.o(.ARM.exidx.text.HAL_ResumeTick), (8 bytes).
    Removing stm32h5xx_hal.o(.text.HAL_GetHalVersion), (8 bytes).
    Removing stm32h5xx_hal.o(.ARM.exidx.text.HAL_GetHalVersion), (8 bytes).
    Removing stm32h5xx_hal.o(.text.HAL_GetREVID), (14 bytes).
    Removing stm32h5xx_hal.o(.ARM.exidx.text.HAL_GetREVID), (8 bytes).
    Removing stm32h5xx_hal.o(.text.HAL_GetDEVID), (16 bytes).
    Removing stm32h5xx_hal.o(.ARM.exidx.text.HAL_GetDEVID), (8 bytes).
    Removing stm32h5xx_hal.o(.text.HAL_GetUIDw0), (12 bytes).
    Removing stm32h5xx_hal.o(.ARM.exidx.text.HAL_GetUIDw0), (8 bytes).
    Removing stm32h5xx_hal.o(.text.HAL_GetUIDw1), (12 bytes).
    Removing stm32h5xx_hal.o(.ARM.exidx.text.HAL_GetUIDw1), (8 bytes).
    Removing stm32h5xx_hal.o(.text.HAL_GetUIDw2), (12 bytes).
    Removing stm32h5xx_hal.o(.ARM.exidx.text.HAL_GetUIDw2), (8 bytes).
    Removing stm32h5xx_hal.o(.text.HAL_DBGMCU_EnableDBGStopMode), (18 bytes).
    Removing stm32h5xx_hal.o(.ARM.exidx.text.HAL_DBGMCU_EnableDBGStopMode), (8 bytes).
    Removing stm32h5xx_hal.o(.text.HAL_DBGMCU_DisableDBGStopMode), (18 bytes).
    Removing stm32h5xx_hal.o(.ARM.exidx.text.HAL_DBGMCU_DisableDBGStopMode), (8 bytes).
    Removing stm32h5xx_hal.o(.text.HAL_DBGMCU_EnableDBGStandbyMode), (18 bytes).
    Removing stm32h5xx_hal.o(.ARM.exidx.text.HAL_DBGMCU_EnableDBGStandbyMode), (8 bytes).
    Removing stm32h5xx_hal.o(.text.HAL_DBGMCU_DisableDBGStandbyMode), (18 bytes).
    Removing stm32h5xx_hal.o(.ARM.exidx.text.HAL_DBGMCU_DisableDBGStandbyMode), (8 bytes).
    Removing stm32h5xx_hal.o(.text.HAL_SBS_EnableVddIO1CompensationCell), (18 bytes).
    Removing stm32h5xx_hal.o(.ARM.exidx.text.HAL_SBS_EnableVddIO1CompensationCell), (8 bytes).
    Removing stm32h5xx_hal.o(.text.HAL_SBS_DisableVddIO1CompensationCell), (18 bytes).
    Removing stm32h5xx_hal.o(.ARM.exidx.text.HAL_SBS_DisableVddIO1CompensationCell), (8 bytes).
    Removing stm32h5xx_hal.o(.text.HAL_SBS_EnableVddIO2CompensationCell), (18 bytes).
    Removing stm32h5xx_hal.o(.ARM.exidx.text.HAL_SBS_EnableVddIO2CompensationCell), (8 bytes).
    Removing stm32h5xx_hal.o(.text.HAL_SBS_DisableVddIO2CompensationCell), (18 bytes).
    Removing stm32h5xx_hal.o(.ARM.exidx.text.HAL_SBS_DisableVddIO2CompensationCell), (8 bytes).
    Removing stm32h5xx_hal.o(.text.HAL_SBS_VDDCompensationCodeSelect), (20 bytes).
    Removing stm32h5xx_hal.o(.ARM.exidx.text.HAL_SBS_VDDCompensationCodeSelect), (8 bytes).
    Removing stm32h5xx_hal.o(.text.HAL_SBS_VDDIOCompensationCodeSelect), (20 bytes).
    Removing stm32h5xx_hal.o(.ARM.exidx.text.HAL_SBS_VDDIOCompensationCodeSelect), (8 bytes).
    Removing stm32h5xx_hal.o(.text.HAL_SBS_GetVddIO1CompensationCellReadyFlag), (16 bytes).
    Removing stm32h5xx_hal.o(.ARM.exidx.text.HAL_SBS_GetVddIO1CompensationCellReadyFlag), (8 bytes).
    Removing stm32h5xx_hal.o(.text.HAL_SBS_GetVddIO2CompensationCellReadyFlag), (16 bytes).
    Removing stm32h5xx_hal.o(.ARM.exidx.text.HAL_SBS_GetVddIO2CompensationCellReadyFlag), (8 bytes).
    Removing stm32h5xx_hal.o(.text.HAL_SBS_VDDCompensationCodeConfig), (24 bytes).
    Removing stm32h5xx_hal.o(.ARM.exidx.text.HAL_SBS_VDDCompensationCodeConfig), (8 bytes).
    Removing stm32h5xx_hal.o(.text.HAL_SBS_VDDIOCompensationCodeConfig), (26 bytes).
    Removing stm32h5xx_hal.o(.ARM.exidx.text.HAL_SBS_VDDIOCompensationCodeConfig), (8 bytes).
    Removing stm32h5xx_hal.o(.text.HAL_SBS_GetNMOSVddCompensationValue), (16 bytes).
    Removing stm32h5xx_hal.o(.ARM.exidx.text.HAL_SBS_GetNMOSVddCompensationValue), (8 bytes).
    Removing stm32h5xx_hal.o(.text.HAL_SBS_GetPMOSVddCompensationValue), (16 bytes).
    Removing stm32h5xx_hal.o(.ARM.exidx.text.HAL_SBS_GetPMOSVddCompensationValue), (8 bytes).
    Removing stm32h5xx_hal.o(.text.HAL_SBS_GetNMOSVddIO2CompensationValue), (16 bytes).
    Removing stm32h5xx_hal.o(.ARM.exidx.text.HAL_SBS_GetNMOSVddIO2CompensationValue), (8 bytes).
    Removing stm32h5xx_hal.o(.text.HAL_SBS_GetPMOSVddIO2CompensationValue), (16 bytes).
    Removing stm32h5xx_hal.o(.ARM.exidx.text.HAL_SBS_GetPMOSVddIO2CompensationValue), (8 bytes).
    Removing stm32h5xx_hal.o(.text.HAL_SBS_FLASH_DisableECCNMI), (18 bytes).
    Removing stm32h5xx_hal.o(.ARM.exidx.text.HAL_SBS_FLASH_DisableECCNMI), (8 bytes).
    Removing stm32h5xx_hal.o(.text.HAL_SBS_FLASH_EnableECCNMI), (18 bytes).
    Removing stm32h5xx_hal.o(.ARM.exidx.text.HAL_SBS_FLASH_EnableECCNMI), (8 bytes).
    Removing stm32h5xx_hal.o(.text.HAL_SBS_FLASH_ECCNMI_IsDisabled), (16 bytes).
    Removing stm32h5xx_hal.o(.ARM.exidx.text.HAL_SBS_FLASH_ECCNMI_IsDisabled), (8 bytes).
    Removing stm32h5xx_hal.o(.text.HAL_SBS_IncrementHDPLValue), (20 bytes).
    Removing stm32h5xx_hal.o(.ARM.exidx.text.HAL_SBS_IncrementHDPLValue), (8 bytes).
    Removing stm32h5xx_hal.o(.text.HAL_SBS_GetHDPLValue), (14 bytes).
    Removing stm32h5xx_hal.o(.ARM.exidx.text.HAL_SBS_GetHDPLValue), (8 bytes).
    Removing stm32h5xx_hal.o(.text.HAL_SBS_OpenAccessPort), (20 bytes).
    Removing stm32h5xx_hal.o(.ARM.exidx.text.HAL_SBS_OpenAccessPort), (8 bytes).
    Removing stm32h5xx_hal.o(.text.HAL_SBS_OpenDebug), (20 bytes).
    Removing stm32h5xx_hal.o(.ARM.exidx.text.HAL_SBS_OpenDebug), (8 bytes).
    Removing stm32h5xx_hal.o(.text.HAL_SBS_ConfigDebugLevel), (32 bytes).
    Removing stm32h5xx_hal.o(.ARM.exidx.text.HAL_SBS_ConfigDebugLevel), (8 bytes).
    Removing stm32h5xx_hal.o(.text.HAL_SBS_GetDebugLevel), (16 bytes).
    Removing stm32h5xx_hal.o(.ARM.exidx.text.HAL_SBS_GetDebugLevel), (8 bytes).
    Removing stm32h5xx_hal.o(.text.HAL_SBS_LockDebugConfig), (20 bytes).
    Removing stm32h5xx_hal.o(.ARM.exidx.text.HAL_SBS_LockDebugConfig), (8 bytes).
    Removing stm32h5xx_hal.o(.text.HAL_SBS_Lock), (14 bytes).
    Removing stm32h5xx_hal.o(.ARM.exidx.text.HAL_SBS_Lock), (8 bytes).
    Removing stm32h5xx_hal.o(.text.HAL_SBS_GetLock), (24 bytes).
    Removing stm32h5xx_hal.o(.ARM.exidx.text.HAL_SBS_GetLock), (8 bytes).
    Removing stm32h5xx_hal_exti.o(.text), (0 bytes).
    Removing stm32h5xx_hal_exti.o(.text.HAL_EXTI_SetConfigLine), (200 bytes).
    Removing stm32h5xx_hal_exti.o(.ARM.exidx.text.HAL_EXTI_SetConfigLine), (8 bytes).
    Removing stm32h5xx_hal_exti.o(.text.HAL_EXTI_GetConfigLine), (164 bytes).
    Removing stm32h5xx_hal_exti.o(.ARM.exidx.text.HAL_EXTI_GetConfigLine), (8 bytes).
    Removing stm32h5xx_hal_exti.o(.text.HAL_EXTI_ClearConfigLine), (132 bytes).
    Removing stm32h5xx_hal_exti.o(.ARM.exidx.text.HAL_EXTI_ClearConfigLine), (8 bytes).
    Removing stm32h5xx_hal_exti.o(.text.HAL_EXTI_RegisterCallback), (36 bytes).
    Removing stm32h5xx_hal_exti.o(.ARM.exidx.text.HAL_EXTI_RegisterCallback), (8 bytes).
    Removing stm32h5xx_hal_exti.o(.text.HAL_EXTI_GetHandle), (12 bytes).
    Removing stm32h5xx_hal_exti.o(.ARM.exidx.text.HAL_EXTI_GetHandle), (8 bytes).
    Removing stm32h5xx_hal_exti.o(.text.HAL_EXTI_IRQHandler), (84 bytes).
    Removing stm32h5xx_hal_exti.o(.ARM.exidx.text.HAL_EXTI_IRQHandler), (8 bytes).
    Removing stm32h5xx_hal_exti.o(.text.HAL_EXTI_GetPending), (48 bytes).
    Removing stm32h5xx_hal_exti.o(.ARM.exidx.text.HAL_EXTI_GetPending), (8 bytes).
    Removing stm32h5xx_hal_exti.o(.text.HAL_EXTI_ClearPending), (46 bytes).
    Removing stm32h5xx_hal_exti.o(.ARM.exidx.text.HAL_EXTI_ClearPending), (8 bytes).
    Removing stm32h5xx_hal_exti.o(.text.HAL_EXTI_GenerateSWI), (30 bytes).
    Removing stm32h5xx_hal_exti.o(.ARM.exidx.text.HAL_EXTI_GenerateSWI), (8 bytes).
    Removing stm32h5xx_hal_exti.o(.text.HAL_EXTI_ConfigLineAttributes), (64 bytes).
    Removing stm32h5xx_hal_exti.o(.ARM.exidx.text.HAL_EXTI_ConfigLineAttributes), (8 bytes).
    Removing stm32h5xx_hal_exti.o(.text.HAL_EXTI_GetConfigLineAttributes), (50 bytes).
    Removing stm32h5xx_hal_exti.o(.ARM.exidx.text.HAL_EXTI_GetConfigLineAttributes), (8 bytes).
    Removing system_stm32h5xx.o(.text), (0 bytes).
    Removing system_stm32h5xx.o(.ARM.exidx.text.SystemInit), (8 bytes).
    Removing system_stm32h5xx.o(.text.SystemCoreClockUpdate), (292 bytes).
    Removing system_stm32h5xx.o(.ARM.exidx.text.SystemCoreClockUpdate), (8 bytes).
    Removing system_stm32h5xx.o(.rodata.APBPrescTable), (8 bytes).
    Removing mcal.o(.text), (0 bytes).
    Removing mcal.o(.ARM.exidx.text.SystemClock_Config), (8 bytes).
    Removing mcal.o(.text.Error_Handler), (6 bytes).
    Removing mcal.o(.ARM.exidx.text.Error_Handler), (8 bytes).
    Removing mcal.o(.ARM.exidx.text.HAL_MspInit), (8 bytes).
    Removing mcal.o(.ARM.exidx.text.NMI_Handler), (8 bytes).
    Removing mcal.o(.ARM.exidx.text.HardFault_Handler), (8 bytes).
    Removing mcal.o(.ARM.exidx.text.MemManage_Handler), (8 bytes).
    Removing mcal.o(.ARM.exidx.text.BusFault_Handler), (8 bytes).
    Removing mcal.o(.ARM.exidx.text.UsageFault_Handler), (8 bytes).
    Removing mcal.o(.ARM.exidx.text.SVC_Handler), (8 bytes).
    Removing mcal.o(.ARM.exidx.text.DebugMon_Handler), (8 bytes).
    Removing mcal.o(.ARM.exidx.text.PendSV_Handler), (8 bytes).
    Removing mcal.o(.ARM.exidx.text.SysTick_Handler), (8 bytes).
    Removing mcal.o(.ARM.exidx.text.Mcal_Init), (8 bytes).
    Removing mcal_lcfg.o(.text), (0 bytes).
    Removing app.o(.text), (0 bytes).
    Removing app.o(.ARM.exidx.text.Application_MainFunction), (8 bytes).
    Removing app.o(.ARM.exidx.text.Application_Init), (8 bytes).
    Removing bsw.o(.text), (0 bytes).
    Removing bsw.o(.ARM.exidx.text.Bsw_Init), (8 bytes).

586 unused section(s) (total 30288 bytes) removed from the image.

==============================================================================

Image Symbol Table

    Local Symbols

    Symbol Name                              Value     Ov Type        Size  Object(Section)

    ../clib/angel/boardlib.s                 0x00000000   Number         0  boardinit1.o ABSOLUTE
    ../clib/angel/boardlib.s                 0x00000000   Number         0  boardinit2.o ABSOLUTE
    ../clib/angel/boardlib.s                 0x00000000   Number         0  boardinit3.o ABSOLUTE
    ../clib/angel/boardlib.s                 0x00000000   Number         0  boardshut.o ABSOLUTE
    ../clib/angel/handlers.s                 0x00000000   Number         0  __scatter_copy.o ABSOLUTE
    ../clib/angel/handlers.s                 0x00000000   Number         0  __scatter_zi.o ABSOLUTE
    ../clib/angel/kernel.s                   0x00000000   Number         0  __rtentry.o ABSOLUTE
    ../clib/angel/kernel.s                   0x00000000   Number         0  __rtentry2.o ABSOLUTE
    ../clib/angel/kernel.s                   0x00000000   Number         0  __rtentry4.o ABSOLUTE
    ../clib/angel/kernel.s                   0x00000000   Number         0  rtexit.o ABSOLUTE
    ../clib/angel/kernel.s                   0x00000000   Number         0  rtexit2.o ABSOLUTE
    ../clib/angel/rt.s                       0x00000000   Number         0  rt_raise.o ABSOLUTE
    ../clib/angel/scatter.s                  0x00000000   Number         0  __scatter.o ABSOLUTE
    ../clib/angel/startup.s                  0x00000000   Number         0  __main.o ABSOLUTE
    ../clib/angel/sys.s                      0x00000000   Number         0  sys_stackheap_outer.o ABSOLUTE
    ../clib/angel/sys.s                      0x00000000   Number         0  libspace.o ABSOLUTE
    ../clib/angel/sys.s                      0x00000000   Number         0  use_no_semi.o ABSOLUTE
    ../clib/angel/sys.s                      0x00000000   Number         0  indicate_semi.o ABSOLUTE
    ../clib/angel/sysapp.c                   0x00000000   Number         0  sys_exit.o ABSOLUTE
    ../clib/angel/sysapp.c                   0x00000000   Number         0  sys_exit_hlt.o ABSOLUTE
    ../clib/angel/sysapp.c                   0x00000000   Number         0  sys_command.o ABSOLUTE
    ../clib/angel/sysapp.c                   0x00000000   Number         0  sys_command_hlt.o ABSOLUTE
    ../clib/angel/sysapp.c                   0x00000000   Number         0  sys_wrch.o ABSOLUTE
    ../clib/angel/sysapp.c                   0x00000000   Number         0  sys_wrch_hlt.o ABSOLUTE
    ../clib/armsys.c                         0x00000000   Number         0  argv_veneer.o ABSOLUTE
    ../clib/armsys.c                         0x00000000   Number         0  argv_veneer.o ABSOLUTE
    ../clib/armsys.c                         0x00000000   Number         0  _get_argv_nomalloc.o ABSOLUTE
    ../clib/armsys.c                         0x00000000   Number         0  no_argv.o ABSOLUTE
    ../clib/heapalloc.c                      0x00000000   Number         0  hrguard.o ABSOLUTE
    ../clib/heapaux.c                        0x00000000   Number         0  heapauxi.o ABSOLUTE
    ../clib/libinit.s                        0x00000000   Number         0  libinit.o ABSOLUTE
    ../clib/libinit.s                        0x00000000   Number         0  libinit2.o ABSOLUTE
    ../clib/libinit.s                        0x00000000   Number         0  libshutdown.o ABSOLUTE
    ../clib/libinit.s                        0x00000000   Number         0  libshutdown2.o ABSOLUTE
    ../clib/memcpset.s                       0x00000000   Number         0  rt_memclr_w.o ABSOLUTE
    ../clib/signal.c                         0x00000000   Number         0  defsig_rtmem_outer.o ABSOLUTE
    ../clib/signal.c                         0x00000000   Number         0  defsig_rtmem_formal.o ABSOLUTE
    ../clib/signal.c                         0x00000000   Number         0  defsig_exit.o ABSOLUTE
    ../clib/signal.c                         0x00000000   Number         0  defsig_rtmem_inner.o ABSOLUTE
    ../clib/signal.c                         0x00000000   Number         0  __raise.o ABSOLUTE
    ../clib/signal.c                         0x00000000   Number         0  defsig_general.o ABSOLUTE
    ../clib/signal.c                         0x00000000   Number         0  defsig_abrt_inner.o ABSOLUTE
    ../clib/signal.c                         0x00000000   Number         0  defsig_fpe_inner.o ABSOLUTE
    ../clib/signal.c                         0x00000000   Number         0  defsig_rtred_inner.o ABSOLUTE
    ../clib/signal.c                         0x00000000   Number         0  defsig_stak_inner.o ABSOLUTE
    ../clib/signal.c                         0x00000000   Number         0  defsig_pvfn_inner.o ABSOLUTE
    ../clib/signal.c                         0x00000000   Number         0  defsig_cppl_inner.o ABSOLUTE
    ../clib/signal.c                         0x00000000   Number         0  defsig_segv_inner.o ABSOLUTE
    ../clib/signal.c                         0x00000000   Number         0  defsig_other.o ABSOLUTE
    ../clib/signal.s                         0x00000000   Number         0  defsig.o ABSOLUTE
    ../clib/stdlib.c                         0x00000000   Number         0  exit.o ABSOLUTE
    ../fplib/fpinit.s                        0x00000000   Number         0  fpinit.o ABSOLUTE
    App.c                                    0x00000000   Number         0  app.o ABSOLUTE
    Bsw.c                                    0x00000000   Number         0  bsw.o ABSOLUTE
    Mcal.c                                   0x00000000   Number         0  mcal.o ABSOLUTE
    Mcal_Lcfg.c                              0x00000000   Number         0  mcal_lcfg.o ABSOLUTE
    dc.s                                     0x00000000   Number         0  dc.o ABSOLUTE
    main.c                                   0x00000000   Number         0  main.o ABSOLUTE
    startup_stm32h503xx.s                    0x00000000   Number         0  startup_stm32h503xx.o ABSOLUTE
    stm32h5xx_hal.c                          0x00000000   Number         0  stm32h5xx_hal.o ABSOLUTE
    stm32h5xx_hal_cortex.c                   0x00000000   Number         0  stm32h5xx_hal_cortex.o ABSOLUTE
    stm32h5xx_hal_dma.c                      0x00000000   Number         0  stm32h5xx_hal_dma.o ABSOLUTE
    stm32h5xx_hal_dma_ex.c                   0x00000000   Number         0  stm32h5xx_hal_dma_ex.o ABSOLUTE
    stm32h5xx_hal_exti.c                     0x00000000   Number         0  stm32h5xx_hal_exti.o ABSOLUTE
    stm32h5xx_hal_flash.c                    0x00000000   Number         0  stm32h5xx_hal_flash.o ABSOLUTE
    stm32h5xx_hal_flash_ex.c                 0x00000000   Number         0  stm32h5xx_hal_flash_ex.o ABSOLUTE
    stm32h5xx_hal_gpio.c                     0x00000000   Number         0  stm32h5xx_hal_gpio.o ABSOLUTE
    stm32h5xx_hal_icache.c                   0x00000000   Number         0  stm32h5xx_hal_icache.o ABSOLUTE
    stm32h5xx_hal_pwr.c                      0x00000000   Number         0  stm32h5xx_hal_pwr.o ABSOLUTE
    stm32h5xx_hal_pwr_ex.c                   0x00000000   Number         0  stm32h5xx_hal_pwr_ex.o ABSOLUTE
    stm32h5xx_hal_rcc.c                      0x00000000   Number         0  stm32h5xx_hal_rcc.o ABSOLUTE
    stm32h5xx_hal_rcc_ex.c                   0x00000000   Number         0  stm32h5xx_hal_rcc_ex.o ABSOLUTE
    system_stm32h5xx.c                       0x00000000   Number         0  system_stm32h5xx.o ABSOLUTE
    RESET                                    0x08000000   Section      600  startup_stm32h503xx.o(RESET)
    !!!main                                  0x08000258   Section        8  __main.o(!!!main)
    !!!scatter                               0x08000260   Section       92  __scatter.o(!!!scatter)
    !!handler_copy                           0x080002bc   Section       26  __scatter_copy.o(!!handler_copy)
    !!handler_null                           0x080002d8   Section        2  __scatter.o(!!handler_null)
    !!handler_zi                             0x080002dc   Section       28  __scatter_zi.o(!!handler_zi)
    .ARM.Collect$$libinit$$00000000          0x080002f8   Section        2  libinit.o(.ARM.Collect$$libinit$$00000000)
    .ARM.Collect$$libinit$$00000001          0x080002fa   Section        4  libinit2.o(.ARM.Collect$$libinit$$00000001)
    .ARM.Collect$$libinit$$00000004          0x080002fe   Section        0  libinit2.o(.ARM.Collect$$libinit$$00000004)
    .ARM.Collect$$libinit$$00000006          0x080002fe   Section        0  libinit2.o(.ARM.Collect$$libinit$$00000006)
    .ARM.Collect$$libinit$$0000000C          0x080002fe   Section        0  libinit2.o(.ARM.Collect$$libinit$$0000000C)
    .ARM.Collect$$libinit$$0000000E          0x080002fe   Section        0  libinit2.o(.ARM.Collect$$libinit$$0000000E)
    .ARM.Collect$$libinit$$00000010          0x080002fe   Section        0  libinit2.o(.ARM.Collect$$libinit$$00000010)
    .ARM.Collect$$libinit$$00000013          0x080002fe   Section        0  libinit2.o(.ARM.Collect$$libinit$$00000013)
    .ARM.Collect$$libinit$$00000015          0x080002fe   Section        0  libinit2.o(.ARM.Collect$$libinit$$00000015)
    .ARM.Collect$$libinit$$00000017          0x080002fe   Section        0  libinit2.o(.ARM.Collect$$libinit$$00000017)
    .ARM.Collect$$libinit$$00000019          0x080002fe   Section        0  libinit2.o(.ARM.Collect$$libinit$$00000019)
    .ARM.Collect$$libinit$$0000001B          0x080002fe   Section        0  libinit2.o(.ARM.Collect$$libinit$$0000001B)
    .ARM.Collect$$libinit$$0000001D          0x080002fe   Section        0  libinit2.o(.ARM.Collect$$libinit$$0000001D)
    .ARM.Collect$$libinit$$0000001F          0x080002fe   Section        0  libinit2.o(.ARM.Collect$$libinit$$0000001F)
    .ARM.Collect$$libinit$$00000021          0x080002fe   Section        0  libinit2.o(.ARM.Collect$$libinit$$00000021)
    .ARM.Collect$$libinit$$00000023          0x080002fe   Section        0  libinit2.o(.ARM.Collect$$libinit$$00000023)
    .ARM.Collect$$libinit$$00000025          0x080002fe   Section        0  libinit2.o(.ARM.Collect$$libinit$$00000025)
    .ARM.Collect$$libinit$$00000027          0x080002fe   Section        0  libinit2.o(.ARM.Collect$$libinit$$00000027)
    .ARM.Collect$$libinit$$0000002E          0x080002fe   Section        0  libinit2.o(.ARM.Collect$$libinit$$0000002E)
    .ARM.Collect$$libinit$$00000030          0x080002fe   Section        0  libinit2.o(.ARM.Collect$$libinit$$00000030)
    .ARM.Collect$$libinit$$00000032          0x080002fe   Section        0  libinit2.o(.ARM.Collect$$libinit$$00000032)
    .ARM.Collect$$libinit$$00000034          0x080002fe   Section        0  libinit2.o(.ARM.Collect$$libinit$$00000034)
    .ARM.Collect$$libinit$$00000035          0x080002fe   Section        2  libinit2.o(.ARM.Collect$$libinit$$00000035)
    .ARM.Collect$$libshutdown$$00000000      0x08000300   Section        2  libshutdown.o(.ARM.Collect$$libshutdown$$00000000)
    .ARM.Collect$$libshutdown$$00000002      0x08000302   Section        0  libshutdown2.o(.ARM.Collect$$libshutdown$$00000002)
    .ARM.Collect$$libshutdown$$00000004      0x08000302   Section        0  libshutdown2.o(.ARM.Collect$$libshutdown$$00000004)
    .ARM.Collect$$libshutdown$$00000007      0x08000302   Section        0  libshutdown2.o(.ARM.Collect$$libshutdown$$00000007)
    .ARM.Collect$$libshutdown$$0000000A      0x08000302   Section        0  libshutdown2.o(.ARM.Collect$$libshutdown$$0000000A)
    .ARM.Collect$$libshutdown$$0000000C      0x08000302   Section        0  libshutdown2.o(.ARM.Collect$$libshutdown$$0000000C)
    .ARM.Collect$$libshutdown$$0000000F      0x08000302   Section        0  libshutdown2.o(.ARM.Collect$$libshutdown$$0000000F)
    .ARM.Collect$$libshutdown$$00000010      0x08000302   Section        2  libshutdown2.o(.ARM.Collect$$libshutdown$$00000010)
    .ARM.Collect$$rtentry$$00000000          0x08000304   Section        0  __rtentry.o(.ARM.Collect$$rtentry$$00000000)
    .ARM.Collect$$rtentry$$00000002          0x08000304   Section        0  __rtentry2.o(.ARM.Collect$$rtentry$$00000002)
    .ARM.Collect$$rtentry$$00000004          0x08000304   Section        6  __rtentry4.o(.ARM.Collect$$rtentry$$00000004)
    .ARM.Collect$$rtentry$$00000009          0x0800030a   Section        0  __rtentry2.o(.ARM.Collect$$rtentry$$00000009)
    .ARM.Collect$$rtentry$$0000000A          0x0800030a   Section        4  __rtentry2.o(.ARM.Collect$$rtentry$$0000000A)
    .ARM.Collect$$rtentry$$0000000C          0x0800030e   Section        0  __rtentry2.o(.ARM.Collect$$rtentry$$0000000C)
    .ARM.Collect$$rtentry$$0000000D          0x0800030e   Section        8  __rtentry2.o(.ARM.Collect$$rtentry$$0000000D)
    .ARM.Collect$$rtexit$$00000000           0x08000316   Section        2  rtexit.o(.ARM.Collect$$rtexit$$00000000)
    .ARM.Collect$$rtexit$$00000002           0x08000318   Section        0  rtexit2.o(.ARM.Collect$$rtexit$$00000002)
    .ARM.Collect$$rtexit$$00000003           0x08000318   Section        4  rtexit2.o(.ARM.Collect$$rtexit$$00000003)
    .ARM.Collect$$rtexit$$00000004           0x0800031c   Section        6  rtexit2.o(.ARM.Collect$$rtexit$$00000004)
    $v0                                      0x08000324   Number         0  startup_stm32h503xx.o(.text)
    .text                                    0x08000324   Section       68  startup_stm32h503xx.o(.text)
    .text                                    0x08000368   Section       78  rt_memclr_w.o(.text)
    .text                                    0x080003b6   Section        0  heapauxi.o(.text)
    .text                                    0x080003bc   Section       74  sys_stackheap_outer.o(.text)
    .text                                    0x08000406   Section        0  exit.o(.text)
    .text                                    0x08000418   Section        8  libspace.o(.text)
    .text                                    0x08000420   Section        0  sys_exit.o(.text)
    .text                                    0x0800042c   Section        2  use_no_semi.o(.text)
    .text                                    0x0800042e   Section        0  indicate_semi.o(.text)
    [Anonymous Symbol]                       0x08000430   Section        0  app.o(.text.Application_Init)
    [Anonymous Symbol]                       0x08000440   Section        0  app.o(.text.Application_MainFunction)
    [Anonymous Symbol]                       0x0800048c   Section        0  bsw.o(.text.Bsw_Init)
    [Anonymous Symbol]                       0x08000490   Section        0  mcal.o(.text.BusFault_Handler)
    [Anonymous Symbol]                       0x08000494   Section        0  mcal.o(.text.DebugMon_Handler)
    [Anonymous Symbol]                       0x08000498   Section        0  stm32h5xx_hal.o(.text.HAL_Delay)
    [Anonymous Symbol]                       0x080004c0   Section        0  stm32h5xx_hal_gpio.o(.text.HAL_GPIO_Init)
    [Anonymous Symbol]                       0x08000648   Section        0  stm32h5xx_hal_gpio.o(.text.HAL_GPIO_ReadPin)
    [Anonymous Symbol]                       0x08000654   Section        0  stm32h5xx_hal_gpio.o(.text.HAL_GPIO_WritePin)
    [Anonymous Symbol]                       0x08000660   Section        0  stm32h5xx_hal.o(.text.HAL_GetTick)
    [Anonymous Symbol]                       0x0800066c   Section        0  stm32h5xx_hal_icache.o(.text.HAL_ICACHE_ConfigAssociativityMode)
    [Anonymous Symbol]                       0x0800068c   Section        0  stm32h5xx_hal_icache.o(.text.HAL_ICACHE_Enable)
    [Anonymous Symbol]                       0x080006a0   Section        0  stm32h5xx_hal.o(.text.HAL_IncTick)
    [Anonymous Symbol]                       0x080006bc   Section        0  stm32h5xx_hal.o(.text.HAL_Init)
    [Anonymous Symbol]                       0x08000708   Section        0  stm32h5xx_hal.o(.text.HAL_InitTick)
    [Anonymous Symbol]                       0x080007b0   Section        0  mcal.o(.text.HAL_MspInit)
    [Anonymous Symbol]                       0x080007b4   Section        0  stm32h5xx_hal_cortex.o(.text.HAL_NVIC_SetPriority)
    [Anonymous Symbol]                       0x0800080c   Section        0  stm32h5xx_hal_cortex.o(.text.HAL_NVIC_SetPriorityGrouping)
    [Anonymous Symbol]                       0x0800082c   Section        0  stm32h5xx_hal_rcc.o(.text.HAL_RCC_ClockConfig)
    [Anonymous Symbol]                       0x08000a8c   Section        0  stm32h5xx_hal_rcc.o(.text.HAL_RCC_GetSysClockFreq)
    [Anonymous Symbol]                       0x08000bb8   Section        0  stm32h5xx_hal_rcc.o(.text.HAL_RCC_OscConfig)
    [Anonymous Symbol]                       0x080011fc   Section        0  stm32h5xx_hal_cortex.o(.text.HAL_SYSTICK_CLKSourceConfig)
    [Anonymous Symbol]                       0x08001274   Section        0  stm32h5xx_hal_cortex.o(.text.HAL_SYSTICK_Config)
    [Anonymous Symbol]                       0x08001298   Section        0  stm32h5xx_hal_cortex.o(.text.HAL_SYSTICK_GetCLKSourceConfig)
    [Anonymous Symbol]                       0x080012d0   Section        0  mcal.o(.text.HardFault_Handler)
    [Anonymous Symbol]                       0x080012d4   Section        0  mcal.o(.text.Mcal_Init)
    [Anonymous Symbol]                       0x08001384   Section        0  mcal.o(.text.MemManage_Handler)
    [Anonymous Symbol]                       0x08001388   Section        0  mcal.o(.text.NMI_Handler)
    [Anonymous Symbol]                       0x0800138c   Section        0  mcal.o(.text.PendSV_Handler)
    [Anonymous Symbol]                       0x08001390   Section        0  mcal.o(.text.SVC_Handler)
    [Anonymous Symbol]                       0x08001394   Section        0  mcal.o(.text.SysTick_Handler)
    [Anonymous Symbol]                       0x08001398   Section        0  mcal.o(.text.SystemClock_Config)
    [Anonymous Symbol]                       0x08001460   Section        0  system_stm32h5xx.o(.text.SystemInit)
    [Anonymous Symbol]                       0x08001508   Section        0  mcal.o(.text.UsageFault_Handler)
    [Anonymous Symbol]                       0x0800150c   Section        0  main.o(.text.main)
    $v0                                      0x08001528   Number         0  fpinit.o(x$fpl$fpinit)
    x$fpl$fpinit                             0x08001528   Section       26  fpinit.o(x$fpl$fpinit)
    .L_MergedGlobals                         0x20000000   Data           8  stm32h5xx_hal.o(.data..L_MergedGlobals)
    [Anonymous Symbol]                       0x20000000   Section        0  stm32h5xx_hal.o(.data..L_MergedGlobals)
    .bss                                     0x20000010   Section       96  libspace.o(.bss)
    Heap_Mem                                 0x20000078   Data         512  startup_stm32h503xx.o(HEAP)
    HEAP                                     0x20000078   Section      512  startup_stm32h503xx.o(HEAP)
    Stack_Mem                                0x20000278   Data        1024  startup_stm32h503xx.o(STACK)
    STACK                                    0x20000278   Section     1024  startup_stm32h503xx.o(STACK)
    __initial_sp                             0x20000678   Data           0  startup_stm32h503xx.o(STACK)

    Global Symbols

    Symbol Name                              Value     Ov Type        Size  Object(Section)

    BuildAttributes$$THM_ISAv4$E$P$D$K$B$S$7EM$8M$VFPi5$EXTD16$VFPS$VFMA$PE$A:L22UL41UL21$X:L11$S22US41US21$IEEE1$IW$~IW$USESV6$~STKCKD$USESV7$~SHL$OTIME$ROPI$EBA8$UX$STANDARDLIB$REQ8$PRES8$EABIv2 0x00000000   Number         0  anon$$obj.o ABSOLUTE
    __ARM_exceptions_init                     - Undefined Weak Reference
    __alloca_initialize                       - Undefined Weak Reference
    __arm_preinit_                            - Undefined Weak Reference
    __arm_relocate_pie_                       - Undefined Weak Reference
    __cpp_initialize__aeabi_                  - Undefined Weak Reference
    __cxa_finalize                            - Undefined Weak Reference
    __rt_locale                               - Undefined Weak Reference
    __sigvec_lookup                           - Undefined Weak Reference
    _atexit_init                              - Undefined Weak Reference
    _call_atexit_fns                          - Undefined Weak Reference
    _clock_init                               - Undefined Weak Reference
    _fp_trap_init                             - Undefined Weak Reference
    _fp_trap_shutdown                         - Undefined Weak Reference
    _get_lc_collate                           - Undefined Weak Reference
    _get_lc_ctype                             - Undefined Weak Reference
    _get_lc_monetary                          - Undefined Weak Reference
    _get_lc_numeric                           - Undefined Weak Reference
    _get_lc_time                              - Undefined Weak Reference
    _getenv_init                              - Undefined Weak Reference
    _handle_redirection                       - Undefined Weak Reference
    _init_alloc                               - Undefined Weak Reference
    _init_user_alloc                          - Undefined Weak Reference
    _initio                                   - Undefined Weak Reference
    _rand_init                                - Undefined Weak Reference
    _signal_finish                            - Undefined Weak Reference
    _signal_init                              - Undefined Weak Reference
    _terminate_alloc                          - Undefined Weak Reference
    _terminate_user_alloc                     - Undefined Weak Reference
    _terminateio                              - Undefined Weak Reference
    __Vectors_Size                           0x00000258   Number         0  startup_stm32h503xx.o ABSOLUTE
    __Vectors                                0x08000000   Data           4  startup_stm32h503xx.o(RESET)
    __Vectors_End                            0x08000258   Data           0  startup_stm32h503xx.o(RESET)
    __main                                   0x08000259   Thumb Code     8  __main.o(!!!main)
    __scatterload                            0x08000261   Thumb Code     0  __scatter.o(!!!scatter)
    __scatterload_rt2                        0x08000261   Thumb Code    84  __scatter.o(!!!scatter)
    __scatterload_rt2_thumb_only             0x08000261   Thumb Code     0  __scatter.o(!!!scatter)
    __scatterload_loop                       0x0800026b   Thumb Code     0  __scatter.o(!!!scatter)
    __scatterload_copy                       0x080002bd   Thumb Code    26  __scatter_copy.o(!!handler_copy)
    __scatterload_null                       0x080002d9   Thumb Code     2  __scatter.o(!!handler_null)
    __scatterload_zeroinit                   0x080002dd   Thumb Code    28  __scatter_zi.o(!!handler_zi)
    __rt_lib_init                            0x080002f9   Thumb Code     0  libinit.o(.ARM.Collect$$libinit$$00000000)
    __rt_lib_init_fp_1                       0x080002fb   Thumb Code     0  libinit2.o(.ARM.Collect$$libinit$$00000001)
    __rt_lib_init_alloca_1                   0x080002ff   Thumb Code     0  libinit2.o(.ARM.Collect$$libinit$$00000030)
    __rt_lib_init_argv_1                     0x080002ff   Thumb Code     0  libinit2.o(.ARM.Collect$$libinit$$0000002E)
    __rt_lib_init_atexit_1                   0x080002ff   Thumb Code     0  libinit2.o(.ARM.Collect$$libinit$$0000001D)
    __rt_lib_init_clock_1                    0x080002ff   Thumb Code     0  libinit2.o(.ARM.Collect$$libinit$$00000023)
    __rt_lib_init_cpp_1                      0x080002ff   Thumb Code     0  libinit2.o(.ARM.Collect$$libinit$$00000034)
    __rt_lib_init_exceptions_1               0x080002ff   Thumb Code     0  libinit2.o(.ARM.Collect$$libinit$$00000032)
    __rt_lib_init_fp_trap_1                  0x080002ff   Thumb Code     0  libinit2.o(.ARM.Collect$$libinit$$00000021)
    __rt_lib_init_getenv_1                   0x080002ff   Thumb Code     0  libinit2.o(.ARM.Collect$$libinit$$00000025)
    __rt_lib_init_heap_1                     0x080002ff   Thumb Code     0  libinit2.o(.ARM.Collect$$libinit$$0000000C)
    __rt_lib_init_lc_collate_1               0x080002ff   Thumb Code     0  libinit2.o(.ARM.Collect$$libinit$$00000013)
    __rt_lib_init_lc_ctype_1                 0x080002ff   Thumb Code     0  libinit2.o(.ARM.Collect$$libinit$$00000015)
    __rt_lib_init_lc_monetary_1              0x080002ff   Thumb Code     0  libinit2.o(.ARM.Collect$$libinit$$00000017)
    __rt_lib_init_lc_numeric_1               0x080002ff   Thumb Code     0  libinit2.o(.ARM.Collect$$libinit$$00000019)
    __rt_lib_init_lc_time_1                  0x080002ff   Thumb Code     0  libinit2.o(.ARM.Collect$$libinit$$0000001B)
    __rt_lib_init_preinit_1                  0x080002ff   Thumb Code     0  libinit2.o(.ARM.Collect$$libinit$$00000006)
    __rt_lib_init_rand_1                     0x080002ff   Thumb Code     0  libinit2.o(.ARM.Collect$$libinit$$00000010)
    __rt_lib_init_relocate_pie_1             0x080002ff   Thumb Code     0  libinit2.o(.ARM.Collect$$libinit$$00000004)
    __rt_lib_init_return                     0x080002ff   Thumb Code     0  libinit2.o(.ARM.Collect$$libinit$$00000035)
    __rt_lib_init_signal_1                   0x080002ff   Thumb Code     0  libinit2.o(.ARM.Collect$$libinit$$0000001F)
    __rt_lib_init_stdio_1                    0x080002ff   Thumb Code     0  libinit2.o(.ARM.Collect$$libinit$$00000027)
    __rt_lib_init_user_alloc_1               0x080002ff   Thumb Code     0  libinit2.o(.ARM.Collect$$libinit$$0000000E)
    __rt_lib_shutdown                        0x08000301   Thumb Code     0  libshutdown.o(.ARM.Collect$$libshutdown$$00000000)
    __rt_lib_shutdown_cpp_1                  0x08000303   Thumb Code     0  libshutdown2.o(.ARM.Collect$$libshutdown$$00000002)
    __rt_lib_shutdown_fp_trap_1              0x08000303   Thumb Code     0  libshutdown2.o(.ARM.Collect$$libshutdown$$00000007)
    __rt_lib_shutdown_heap_1                 0x08000303   Thumb Code     0  libshutdown2.o(.ARM.Collect$$libshutdown$$0000000F)
    __rt_lib_shutdown_return                 0x08000303   Thumb Code     0  libshutdown2.o(.ARM.Collect$$libshutdown$$00000010)
    __rt_lib_shutdown_signal_1               0x08000303   Thumb Code     0  libshutdown2.o(.ARM.Collect$$libshutdown$$0000000A)
    __rt_lib_shutdown_stdio_1                0x08000303   Thumb Code     0  libshutdown2.o(.ARM.Collect$$libshutdown$$00000004)
    __rt_lib_shutdown_user_alloc_1           0x08000303   Thumb Code     0  libshutdown2.o(.ARM.Collect$$libshutdown$$0000000C)
    __rt_entry                               0x08000305   Thumb Code     0  __rtentry.o(.ARM.Collect$$rtentry$$00000000)
    __rt_entry_presh_1                       0x08000305   Thumb Code     0  __rtentry2.o(.ARM.Collect$$rtentry$$00000002)
    __rt_entry_sh                            0x08000305   Thumb Code     0  __rtentry4.o(.ARM.Collect$$rtentry$$00000004)
    __rt_entry_li                            0x0800030b   Thumb Code     0  __rtentry2.o(.ARM.Collect$$rtentry$$0000000A)
    __rt_entry_postsh_1                      0x0800030b   Thumb Code     0  __rtentry2.o(.ARM.Collect$$rtentry$$00000009)
    __rt_entry_main                          0x0800030f   Thumb Code     0  __rtentry2.o(.ARM.Collect$$rtentry$$0000000D)
    __rt_entry_postli_1                      0x0800030f   Thumb Code     0  __rtentry2.o(.ARM.Collect$$rtentry$$0000000C)
    __rt_exit                                0x08000317   Thumb Code     0  rtexit.o(.ARM.Collect$$rtexit$$00000000)
    __rt_exit_ls                             0x08000319   Thumb Code     0  rtexit2.o(.ARM.Collect$$rtexit$$00000003)
    __rt_exit_prels_1                        0x08000319   Thumb Code     0  rtexit2.o(.ARM.Collect$$rtexit$$00000002)
    __rt_exit_exit                           0x0800031d   Thumb Code     0  rtexit2.o(.ARM.Collect$$rtexit$$00000004)
    Reset_Handler                            0x08000325   Thumb Code     8  startup_stm32h503xx.o(.text)
    SecureFault_Handler                      0x08000337   Thumb Code     2  startup_stm32h503xx.o(.text)
    ADC1_IRQHandler                          0x08000341   Thumb Code     0  startup_stm32h503xx.o(.text)
    COMP1_IRQHandler                         0x08000341   Thumb Code     0  startup_stm32h503xx.o(.text)
    CRS_IRQHandler                           0x08000341   Thumb Code     0  startup_stm32h503xx.o(.text)
    DAC1_IRQHandler                          0x08000341   Thumb Code     0  startup_stm32h503xx.o(.text)
    DTS_IRQHandler                           0x08000341   Thumb Code     0  startup_stm32h503xx.o(.text)
    EXTI0_IRQHandler                         0x08000341   Thumb Code     0  startup_stm32h503xx.o(.text)
    EXTI10_IRQHandler                        0x08000341   Thumb Code     0  startup_stm32h503xx.o(.text)
    EXTI11_IRQHandler                        0x08000341   Thumb Code     0  startup_stm32h503xx.o(.text)
    EXTI12_IRQHandler                        0x08000341   Thumb Code     0  startup_stm32h503xx.o(.text)
    EXTI13_IRQHandler                        0x08000341   Thumb Code     0  startup_stm32h503xx.o(.text)
    EXTI14_IRQHandler                        0x08000341   Thumb Code     0  startup_stm32h503xx.o(.text)
    EXTI15_IRQHandler                        0x08000341   Thumb Code     0  startup_stm32h503xx.o(.text)
    EXTI1_IRQHandler                         0x08000341   Thumb Code     0  startup_stm32h503xx.o(.text)
    EXTI2_IRQHandler                         0x08000341   Thumb Code     0  startup_stm32h503xx.o(.text)
    EXTI3_IRQHandler                         0x08000341   Thumb Code     0  startup_stm32h503xx.o(.text)
    EXTI4_IRQHandler                         0x08000341   Thumb Code     0  startup_stm32h503xx.o(.text)
    EXTI5_IRQHandler                         0x08000341   Thumb Code     0  startup_stm32h503xx.o(.text)
    EXTI6_IRQHandler                         0x08000341   Thumb Code     0  startup_stm32h503xx.o(.text)
    EXTI7_IRQHandler                         0x08000341   Thumb Code     0  startup_stm32h503xx.o(.text)
    EXTI8_IRQHandler                         0x08000341   Thumb Code     0  startup_stm32h503xx.o(.text)
    EXTI9_IRQHandler                         0x08000341   Thumb Code     0  startup_stm32h503xx.o(.text)
    FDCAN1_IT0_IRQHandler                    0x08000341   Thumb Code     0  startup_stm32h503xx.o(.text)
    FDCAN1_IT1_IRQHandler                    0x08000341   Thumb Code     0  startup_stm32h503xx.o(.text)
    FLASH_IRQHandler                         0x08000341   Thumb Code     0  startup_stm32h503xx.o(.text)
    FPU_IRQHandler                           0x08000341   Thumb Code     0  startup_stm32h503xx.o(.text)
    GPDMA1_Channel0_IRQHandler               0x08000341   Thumb Code     0  startup_stm32h503xx.o(.text)
    GPDMA1_Channel1_IRQHandler               0x08000341   Thumb Code     0  startup_stm32h503xx.o(.text)
    GPDMA1_Channel2_IRQHandler               0x08000341   Thumb Code     0  startup_stm32h503xx.o(.text)
    GPDMA1_Channel3_IRQHandler               0x08000341   Thumb Code     0  startup_stm32h503xx.o(.text)
    GPDMA1_Channel4_IRQHandler               0x08000341   Thumb Code     0  startup_stm32h503xx.o(.text)
    GPDMA1_Channel5_IRQHandler               0x08000341   Thumb Code     0  startup_stm32h503xx.o(.text)
    GPDMA1_Channel6_IRQHandler               0x08000341   Thumb Code     0  startup_stm32h503xx.o(.text)
    GPDMA1_Channel7_IRQHandler               0x08000341   Thumb Code     0  startup_stm32h503xx.o(.text)
    GPDMA2_Channel0_IRQHandler               0x08000341   Thumb Code     0  startup_stm32h503xx.o(.text)
    GPDMA2_Channel1_IRQHandler               0x08000341   Thumb Code     0  startup_stm32h503xx.o(.text)
    GPDMA2_Channel2_IRQHandler               0x08000341   Thumb Code     0  startup_stm32h503xx.o(.text)
    GPDMA2_Channel3_IRQHandler               0x08000341   Thumb Code     0  startup_stm32h503xx.o(.text)
    GPDMA2_Channel4_IRQHandler               0x08000341   Thumb Code     0  startup_stm32h503xx.o(.text)
    GPDMA2_Channel5_IRQHandler               0x08000341   Thumb Code     0  startup_stm32h503xx.o(.text)
    GPDMA2_Channel6_IRQHandler               0x08000341   Thumb Code     0  startup_stm32h503xx.o(.text)
    GPDMA2_Channel7_IRQHandler               0x08000341   Thumb Code     0  startup_stm32h503xx.o(.text)
    GTZC_IRQHandler                          0x08000341   Thumb Code     0  startup_stm32h503xx.o(.text)
    HASH_IRQHandler                          0x08000341   Thumb Code     0  startup_stm32h503xx.o(.text)
    I2C1_ER_IRQHandler                       0x08000341   Thumb Code     0  startup_stm32h503xx.o(.text)
    I2C1_EV_IRQHandler                       0x08000341   Thumb Code     0  startup_stm32h503xx.o(.text)
    I2C2_ER_IRQHandler                       0x08000341   Thumb Code     0  startup_stm32h503xx.o(.text)
    I2C2_EV_IRQHandler                       0x08000341   Thumb Code     0  startup_stm32h503xx.o(.text)
    I3C1_ER_IRQHandler                       0x08000341   Thumb Code     0  startup_stm32h503xx.o(.text)
    I3C1_EV_IRQHandler                       0x08000341   Thumb Code     0  startup_stm32h503xx.o(.text)
    I3C2_ER_IRQHandler                       0x08000341   Thumb Code     0  startup_stm32h503xx.o(.text)
    I3C2_EV_IRQHandler                       0x08000341   Thumb Code     0  startup_stm32h503xx.o(.text)
    ICACHE_IRQHandler                        0x08000341   Thumb Code     0  startup_stm32h503xx.o(.text)
    IWDG_IRQHandler                          0x08000341   Thumb Code     0  startup_stm32h503xx.o(.text)
    LPTIM1_IRQHandler                        0x08000341   Thumb Code     0  startup_stm32h503xx.o(.text)
    LPTIM2_IRQHandler                        0x08000341   Thumb Code     0  startup_stm32h503xx.o(.text)
    LPUART1_IRQHandler                       0x08000341   Thumb Code     0  startup_stm32h503xx.o(.text)
    PVD_AVD_IRQHandler                       0x08000341   Thumb Code     0  startup_stm32h503xx.o(.text)
    RAMCFG_IRQHandler                        0x08000341   Thumb Code     0  startup_stm32h503xx.o(.text)
    RCC_IRQHandler                           0x08000341   Thumb Code     0  startup_stm32h503xx.o(.text)
    RNG_IRQHandler                           0x08000341   Thumb Code     0  startup_stm32h503xx.o(.text)
    RTC_IRQHandler                           0x08000341   Thumb Code     0  startup_stm32h503xx.o(.text)
    SPI1_IRQHandler                          0x08000341   Thumb Code     0  startup_stm32h503xx.o(.text)
    SPI2_IRQHandler                          0x08000341   Thumb Code     0  startup_stm32h503xx.o(.text)
    SPI3_IRQHandler                          0x08000341   Thumb Code     0  startup_stm32h503xx.o(.text)
    TAMP_IRQHandler                          0x08000341   Thumb Code     0  startup_stm32h503xx.o(.text)
    TIM1_BRK_IRQHandler                      0x08000341   Thumb Code     0  startup_stm32h503xx.o(.text)
    TIM1_CC_IRQHandler                       0x08000341   Thumb Code     0  startup_stm32h503xx.o(.text)
    TIM1_TRG_COM_IRQHandler                  0x08000341   Thumb Code     0  startup_stm32h503xx.o(.text)
    TIM1_UP_IRQHandler                       0x08000341   Thumb Code     0  startup_stm32h503xx.o(.text)
    TIM2_IRQHandler                          0x08000341   Thumb Code     0  startup_stm32h503xx.o(.text)
    TIM3_IRQHandler                          0x08000341   Thumb Code     0  startup_stm32h503xx.o(.text)
    TIM6_IRQHandler                          0x08000341   Thumb Code     0  startup_stm32h503xx.o(.text)
    TIM7_IRQHandler                          0x08000341   Thumb Code     0  startup_stm32h503xx.o(.text)
    USART1_IRQHandler                        0x08000341   Thumb Code     0  startup_stm32h503xx.o(.text)
    USART2_IRQHandler                        0x08000341   Thumb Code     0  startup_stm32h503xx.o(.text)
    USART3_IRQHandler                        0x08000341   Thumb Code     0  startup_stm32h503xx.o(.text)
    USB_DRD_FS_IRQHandler                    0x08000341   Thumb Code     0  startup_stm32h503xx.o(.text)
    WWDG_IRQHandler                          0x08000341   Thumb Code     0  startup_stm32h503xx.o(.text)
    __user_initial_stackheap                 0x08000345   Thumb Code    10  startup_stm32h503xx.o(.text)
    __aeabi_memclr4                          0x08000369   Thumb Code     0  rt_memclr_w.o(.text)
    __aeabi_memclr8                          0x08000369   Thumb Code     0  rt_memclr_w.o(.text)
    __rt_memclr_w                            0x08000369   Thumb Code     0  rt_memclr_w.o(.text)
    _memset_w                                0x0800036d   Thumb Code    74  rt_memclr_w.o(.text)
    __use_two_region_memory                  0x080003b7   Thumb Code     2  heapauxi.o(.text)
    __rt_heap_escrow$2region                 0x080003b9   Thumb Code     2  heapauxi.o(.text)
    __rt_heap_expand$2region                 0x080003bb   Thumb Code     2  heapauxi.o(.text)
    __user_setup_stackheap                   0x080003bd   Thumb Code    74  sys_stackheap_outer.o(.text)
    exit                                     0x08000407   Thumb Code    18  exit.o(.text)
    __user_libspace                          0x08000419   Thumb Code     8  libspace.o(.text)
    __user_perproc_libspace                  0x08000419   Thumb Code     0  libspace.o(.text)
    __user_perthread_libspace                0x08000419   Thumb Code     0  libspace.o(.text)
    _sys_exit                                0x08000421   Thumb Code     8  sys_exit.o(.text)
    __I$use$semihosting                      0x0800042d   Thumb Code     0  use_no_semi.o(.text)
    __use_no_semihosting_swi                 0x0800042d   Thumb Code     2  use_no_semi.o(.text)
    __semihosting_library_function           0x0800042f   Thumb Code     0  indicate_semi.o(.text)
    Application_Init                         0x08000431   Thumb Code    14  app.o(.text.Application_Init)
    Application_MainFunction                 0x08000441   Thumb Code    74  app.o(.text.Application_MainFunction)
    Bsw_Init                                 0x0800048d   Thumb Code     2  bsw.o(.text.Bsw_Init)
    BusFault_Handler                         0x08000491   Thumb Code     2  mcal.o(.text.BusFault_Handler)
    DebugMon_Handler                         0x08000495   Thumb Code     2  mcal.o(.text.DebugMon_Handler)
    HAL_Delay                                0x08000499   Thumb Code    40  stm32h5xx_hal.o(.text.HAL_Delay)
    HAL_GPIO_Init                            0x080004c1   Thumb Code   392  stm32h5xx_hal_gpio.o(.text.HAL_GPIO_Init)
    HAL_GPIO_ReadPin                         0x08000649   Thumb Code    10  stm32h5xx_hal_gpio.o(.text.HAL_GPIO_ReadPin)
    HAL_GPIO_WritePin                        0x08000655   Thumb Code    12  stm32h5xx_hal_gpio.o(.text.HAL_GPIO_WritePin)
    HAL_GetTick                              0x08000661   Thumb Code    12  stm32h5xx_hal.o(.text.HAL_GetTick)
    HAL_ICACHE_ConfigAssociativityMode       0x0800066d   Thumb Code    32  stm32h5xx_hal_icache.o(.text.HAL_ICACHE_ConfigAssociativityMode)
    HAL_ICACHE_Enable                        0x0800068d   Thumb Code    20  stm32h5xx_hal_icache.o(.text.HAL_ICACHE_Enable)
    HAL_IncTick                              0x080006a1   Thumb Code    26  stm32h5xx_hal.o(.text.HAL_IncTick)
    HAL_Init                                 0x080006bd   Thumb Code    76  stm32h5xx_hal.o(.text.HAL_Init)
    HAL_InitTick                             0x08000709   Thumb Code   168  stm32h5xx_hal.o(.text.HAL_InitTick)
    HAL_MspInit                              0x080007b1   Thumb Code     2  mcal.o(.text.HAL_MspInit)
    HAL_NVIC_SetPriority                     0x080007b5   Thumb Code    86  stm32h5xx_hal_cortex.o(.text.HAL_NVIC_SetPriority)
    HAL_NVIC_SetPriorityGrouping             0x0800080d   Thumb Code    32  stm32h5xx_hal_cortex.o(.text.HAL_NVIC_SetPriorityGrouping)
    HAL_RCC_ClockConfig                      0x0800082d   Thumb Code   606  stm32h5xx_hal_rcc.o(.text.HAL_RCC_ClockConfig)
    HAL_RCC_GetSysClockFreq                  0x08000a8d   Thumb Code   284  stm32h5xx_hal_rcc.o(.text.HAL_RCC_GetSysClockFreq)
    HAL_RCC_OscConfig                        0x08000bb9   Thumb Code  1602  stm32h5xx_hal_rcc.o(.text.HAL_RCC_OscConfig)
    HAL_SYSTICK_CLKSourceConfig              0x080011fd   Thumb Code   118  stm32h5xx_hal_cortex.o(.text.HAL_SYSTICK_CLKSourceConfig)
    HAL_SYSTICK_Config                       0x08001275   Thumb Code    36  stm32h5xx_hal_cortex.o(.text.HAL_SYSTICK_Config)
    HAL_SYSTICK_GetCLKSourceConfig           0x08001299   Thumb Code    40  stm32h5xx_hal_cortex.o(.text.HAL_SYSTICK_GetCLKSourceConfig)
    HardFault_Handler                        0x080012d1   Thumb Code     2  mcal.o(.text.HardFault_Handler)
    Mcal_Init                                0x080012d5   Thumb Code   176  mcal.o(.text.Mcal_Init)
    MemManage_Handler                        0x08001385   Thumb Code     2  mcal.o(.text.MemManage_Handler)
    NMI_Handler                              0x08001389   Thumb Code     2  mcal.o(.text.NMI_Handler)
    PendSV_Handler                           0x0800138d   Thumb Code     2  mcal.o(.text.PendSV_Handler)
    SVC_Handler                              0x08001391   Thumb Code     2  mcal.o(.text.SVC_Handler)
    SysTick_Handler                          0x08001395   Thumb Code     4  mcal.o(.text.SysTick_Handler)
    SystemClock_Config                       0x08001399   Thumb Code   198  mcal.o(.text.SystemClock_Config)
    SystemInit                               0x08001461   Thumb Code   168  system_stm32h5xx.o(.text.SystemInit)
    UsageFault_Handler                       0x08001509   Thumb Code     2  mcal.o(.text.UsageFault_Handler)
    main                                     0x0800150d   Thumb Code    28  main.o(.text.main)
    _fp_init                                 0x08001529   Thumb Code    26  fpinit.o(x$fpl$fpinit)
    __fplib_config_fpu_vfp                   0x08001541   Thumb Code     0  fpinit.o(x$fpl$fpinit)
    __fplib_config_pureend_doubles           0x08001541   Thumb Code     0  fpinit.o(x$fpl$fpinit)
    AHBPrescTable                            0x08001542   Data          16  system_stm32h5xx.o(.rodata.AHBPrescTable)
    Region$$Table$$Base                      0x08001554   Number         0  anon$$obj.o(Region$$Table)
    Region$$Table$$Limit                     0x08001574   Number         0  anon$$obj.o(Region$$Table)
    uwTickFreq                               0x20000000   Data           1  stm32h5xx_hal.o(.data..L_MergedGlobals)
    uwTickPrio                               0x20000004   Data           4  stm32h5xx_hal.o(.data..L_MergedGlobals)
    SystemCoreClock                          0x20000008   Data           4  system_stm32h5xx.o(.data.SystemCoreClock)
    __libspace_start                         0x20000010   Data          96  libspace.o(.bss)
    __temporary_stack_top$libspace           0x20000070   Data           0  libspace.o(.bss)
    g_App_pinStates                          0x20000070   Data           2  app.o(.bss.g_App_pinStates)
    uwTick                                   0x20000074   Data           4  stm32h5xx_hal.o(.bss.uwTick)



==============================================================================

Memory Map of the image

  Image Entry point : 0x08000259

  Load Region LR_IROM1 (Base: 0x08000000, Size: 0x00001588, Max: 0x00020000, ABSOLUTE)

    Execution Region ER_IROM1 (Exec base: 0x08000000, Load base: 0x08000000, Size: 0x00001574, Max: 0x00020000, ABSOLUTE)

    Exec Addr    Load Addr    Size         Type   Attr      Idx    E Section Name        Object

    0x08000000   0x08000000   0x00000258   Data   RO            3    RESET               startup_stm32h503xx.o
    0x08000258   0x08000258   0x00000008   Code   RO          763  * !!!main             c_w.l(__main.o)
    0x08000260   0x08000260   0x0000005c   Code   RO          928    !!!scatter          c_w.l(__scatter.o)
    0x080002bc   0x080002bc   0x0000001a   Code   RO          932    !!handler_copy      c_w.l(__scatter_copy.o)
    0x080002d6   0x080002d6   0x00000002   PAD
    0x080002d8   0x080002d8   0x00000002   Code   RO          929    !!handler_null      c_w.l(__scatter.o)
    0x080002da   0x080002da   0x00000002   PAD
    0x080002dc   0x080002dc   0x0000001c   Code   RO          934    !!handler_zi        c_w.l(__scatter_zi.o)
    0x080002f8   0x080002f8   0x00000002   Code   RO          790    .ARM.Collect$$libinit$$00000000  c_w.l(libinit.o)
    0x080002fa   0x080002fa   0x00000004   Code   RO          796    .ARM.Collect$$libinit$$00000001  c_w.l(libinit2.o)
    0x080002fe   0x080002fe   0x00000000   Code   RO          799    .ARM.Collect$$libinit$$00000004  c_w.l(libinit2.o)
    0x080002fe   0x080002fe   0x00000000   Code   RO          801    .ARM.Collect$$libinit$$00000006  c_w.l(libinit2.o)
    0x080002fe   0x080002fe   0x00000000   Code   RO          804    .ARM.Collect$$libinit$$0000000C  c_w.l(libinit2.o)
    0x080002fe   0x080002fe   0x00000000   Code   RO          806    .ARM.Collect$$libinit$$0000000E  c_w.l(libinit2.o)
    0x080002fe   0x080002fe   0x00000000   Code   RO          808    .ARM.Collect$$libinit$$00000010  c_w.l(libinit2.o)
    0x080002fe   0x080002fe   0x00000000   Code   RO          811    .ARM.Collect$$libinit$$00000013  c_w.l(libinit2.o)
    0x080002fe   0x080002fe   0x00000000   Code   RO          813    .ARM.Collect$$libinit$$00000015  c_w.l(libinit2.o)
    0x080002fe   0x080002fe   0x00000000   Code   RO          815    .ARM.Collect$$libinit$$00000017  c_w.l(libinit2.o)
    0x080002fe   0x080002fe   0x00000000   Code   RO          817    .ARM.Collect$$libinit$$00000019  c_w.l(libinit2.o)
    0x080002fe   0x080002fe   0x00000000   Code   RO          819    .ARM.Collect$$libinit$$0000001B  c_w.l(libinit2.o)
    0x080002fe   0x080002fe   0x00000000   Code   RO          821    .ARM.Collect$$libinit$$0000001D  c_w.l(libinit2.o)
    0x080002fe   0x080002fe   0x00000000   Code   RO          823    .ARM.Collect$$libinit$$0000001F  c_w.l(libinit2.o)
    0x080002fe   0x080002fe   0x00000000   Code   RO          825    .ARM.Collect$$libinit$$00000021  c_w.l(libinit2.o)
    0x080002fe   0x080002fe   0x00000000   Code   RO          827    .ARM.Collect$$libinit$$00000023  c_w.l(libinit2.o)
    0x080002fe   0x080002fe   0x00000000   Code   RO          829    .ARM.Collect$$libinit$$00000025  c_w.l(libinit2.o)
    0x080002fe   0x080002fe   0x00000000   Code   RO          831    .ARM.Collect$$libinit$$00000027  c_w.l(libinit2.o)
    0x080002fe   0x080002fe   0x00000000   Code   RO          835    .ARM.Collect$$libinit$$0000002E  c_w.l(libinit2.o)
    0x080002fe   0x080002fe   0x00000000   Code   RO          837    .ARM.Collect$$libinit$$00000030  c_w.l(libinit2.o)
    0x080002fe   0x080002fe   0x00000000   Code   RO          839    .ARM.Collect$$libinit$$00000032  c_w.l(libinit2.o)
    0x080002fe   0x080002fe   0x00000000   Code   RO          841    .ARM.Collect$$libinit$$00000034  c_w.l(libinit2.o)
    0x080002fe   0x080002fe   0x00000002   Code   RO          842    .ARM.Collect$$libinit$$00000035  c_w.l(libinit2.o)
    0x08000300   0x08000300   0x00000002   Code   RO          864    .ARM.Collect$$libshutdown$$00000000  c_w.l(libshutdown.o)
    0x08000302   0x08000302   0x00000000   Code   RO          879    .ARM.Collect$$libshutdown$$00000002  c_w.l(libshutdown2.o)
    0x08000302   0x08000302   0x00000000   Code   RO          881    .ARM.Collect$$libshutdown$$00000004  c_w.l(libshutdown2.o)
    0x08000302   0x08000302   0x00000000   Code   RO          884    .ARM.Collect$$libshutdown$$00000007  c_w.l(libshutdown2.o)
    0x08000302   0x08000302   0x00000000   Code   RO          887    .ARM.Collect$$libshutdown$$0000000A  c_w.l(libshutdown2.o)
    0x08000302   0x08000302   0x00000000   Code   RO          889    .ARM.Collect$$libshutdown$$0000000C  c_w.l(libshutdown2.o)
    0x08000302   0x08000302   0x00000000   Code   RO          892    .ARM.Collect$$libshutdown$$0000000F  c_w.l(libshutdown2.o)
    0x08000302   0x08000302   0x00000002   Code   RO          893    .ARM.Collect$$libshutdown$$00000010  c_w.l(libshutdown2.o)
    0x08000304   0x08000304   0x00000000   Code   RO          765    .ARM.Collect$$rtentry$$00000000  c_w.l(__rtentry.o)
    0x08000304   0x08000304   0x00000000   Code   RO          767    .ARM.Collect$$rtentry$$00000002  c_w.l(__rtentry2.o)
    0x08000304   0x08000304   0x00000006   Code   RO          779    .ARM.Collect$$rtentry$$00000004  c_w.l(__rtentry4.o)
    0x0800030a   0x0800030a   0x00000000   Code   RO          769    .ARM.Collect$$rtentry$$00000009  c_w.l(__rtentry2.o)
    0x0800030a   0x0800030a   0x00000004   Code   RO          770    .ARM.Collect$$rtentry$$0000000A  c_w.l(__rtentry2.o)
    0x0800030e   0x0800030e   0x00000000   Code   RO          772    .ARM.Collect$$rtentry$$0000000C  c_w.l(__rtentry2.o)
    0x0800030e   0x0800030e   0x00000008   Code   RO          773    .ARM.Collect$$rtentry$$0000000D  c_w.l(__rtentry2.o)
    0x08000316   0x08000316   0x00000002   Code   RO          794    .ARM.Collect$$rtexit$$00000000  c_w.l(rtexit.o)
    0x08000318   0x08000318   0x00000000   Code   RO          844    .ARM.Collect$$rtexit$$00000002  c_w.l(rtexit2.o)
    0x08000318   0x08000318   0x00000004   Code   RO          845    .ARM.Collect$$rtexit$$00000003  c_w.l(rtexit2.o)
    0x0800031c   0x0800031c   0x00000006   Code   RO          846    .ARM.Collect$$rtexit$$00000004  c_w.l(rtexit2.o)
    0x08000322   0x08000322   0x00000002   PAD
    0x08000324   0x08000324   0x00000044   Code   RO            4    .text               startup_stm32h503xx.o
    0x08000368   0x08000368   0x0000004e   Code   RO          759    .text               c_w.l(rt_memclr_w.o)
    0x080003b6   0x080003b6   0x00000006   Code   RO          761    .text               c_w.l(heapauxi.o)
    0x080003bc   0x080003bc   0x0000004a   Code   RO          781    .text               c_w.l(sys_stackheap_outer.o)
    0x08000406   0x08000406   0x00000012   Code   RO          783    .text               c_w.l(exit.o)
    0x08000418   0x08000418   0x00000008   Code   RO          791    .text               c_w.l(libspace.o)
    0x08000420   0x08000420   0x0000000c   Code   RO          854    .text               c_w.l(sys_exit.o)
    0x0800042c   0x0800042c   0x00000002   Code   RO          869    .text               c_w.l(use_no_semi.o)
    0x0800042e   0x0800042e   0x00000000   Code   RO          871    .text               c_w.l(indicate_semi.o)
    0x0800042e   0x0800042e   0x00000002   PAD
    0x08000430   0x08000430   0x0000000e   Code   RO          740    .text.Application_Init  app.o
    0x0800043e   0x0800043e   0x00000002   PAD
    0x08000440   0x08000440   0x0000004a   Code   RO          738    .text.Application_MainFunction  app.o
    0x0800048a   0x0800048a   0x00000002   PAD
    0x0800048c   0x0800048c   0x00000002   Code   RO          750    .text.Bsw_Init      bsw.o
    0x0800048e   0x0800048e   0x00000002   PAD
    0x08000490   0x08000490   0x00000002   Code   RO          715    .text.BusFault_Handler  mcal.o
    0x08000492   0x08000492   0x00000002   PAD
    0x08000494   0x08000494   0x00000002   Code   RO          721    .text.DebugMon_Handler  mcal.o
    0x08000496   0x08000496   0x00000002   PAD
    0x08000498   0x08000498   0x00000028   Code   RO          570    .text.HAL_Delay     stm32h5xx_hal.o
    0x080004c0   0x080004c0   0x00000188   Code   RO          289    .text.HAL_GPIO_Init  stm32h5xx_hal_gpio.o
    0x08000648   0x08000648   0x0000000a   Code   RO          293    .text.HAL_GPIO_ReadPin  stm32h5xx_hal_gpio.o
    0x08000652   0x08000652   0x00000002   PAD
    0x08000654   0x08000654   0x0000000c   Code   RO          295    .text.HAL_GPIO_WritePin  stm32h5xx_hal_gpio.o
    0x08000660   0x08000660   0x0000000c   Code   RO          562    .text.HAL_GetTick   stm32h5xx_hal.o
    0x0800066c   0x0800066c   0x00000020   Code   RO           74    .text.HAL_ICACHE_ConfigAssociativityMode  stm32h5xx_hal_icache.o
    0x0800068c   0x0800068c   0x00000014   Code   RO           78    .text.HAL_ICACHE_Enable  stm32h5xx_hal_icache.o
    0x080006a0   0x080006a0   0x0000001a   Code   RO          560    .text.HAL_IncTick   stm32h5xx_hal.o
    0x080006ba   0x080006ba   0x00000002   PAD
    0x080006bc   0x080006bc   0x0000004c   Code   RO          550    .text.HAL_Init      stm32h5xx_hal.o
    0x08000708   0x08000708   0x000000a8   Code   RO          552    .text.HAL_InitTick  stm32h5xx_hal.o
    0x080007b0   0x080007b0   0x00000002   Code   RO          707    .text.HAL_MspInit   mcal.o
    0x080007b2   0x080007b2   0x00000002   PAD
    0x080007b4   0x080007b4   0x00000056   Code   RO           22    .text.HAL_NVIC_SetPriority  stm32h5xx_hal_cortex.o
    0x0800080a   0x0800080a   0x00000002   PAD
    0x0800080c   0x0800080c   0x00000020   Code   RO           20    .text.HAL_NVIC_SetPriorityGrouping  stm32h5xx_hal_cortex.o
    0x0800082c   0x0800082c   0x0000025e   Code   RO          120    .text.HAL_RCC_ClockConfig  stm32h5xx_hal_rcc.o
    0x08000a8a   0x08000a8a   0x00000002   PAD
    0x08000a8c   0x08000a8c   0x0000012c   Code   RO          122    .text.HAL_RCC_GetSysClockFreq  stm32h5xx_hal_rcc.o
    0x08000bb8   0x08000bb8   0x00000642   Code   RO          116    .text.HAL_RCC_OscConfig  stm32h5xx_hal_rcc.o
    0x080011fa   0x080011fa   0x00000002   PAD
    0x080011fc   0x080011fc   0x00000076   Code   RO           46    .text.HAL_SYSTICK_CLKSourceConfig  stm32h5xx_hal_cortex.o
    0x08001272   0x08001272   0x00000002   PAD
    0x08001274   0x08001274   0x00000024   Code   RO           44    .text.HAL_SYSTICK_Config  stm32h5xx_hal_cortex.o
    0x08001298   0x08001298   0x00000038   Code   RO           48    .text.HAL_SYSTICK_GetCLKSourceConfig  stm32h5xx_hal_cortex.o
    0x080012d0   0x080012d0   0x00000002   Code   RO          711    .text.HardFault_Handler  mcal.o
    0x080012d2   0x080012d2   0x00000002   PAD
    0x080012d4   0x080012d4   0x000000b0   Code   RO          727    .text.Mcal_Init     mcal.o
    0x08001384   0x08001384   0x00000002   Code   RO          713    .text.MemManage_Handler  mcal.o
    0x08001386   0x08001386   0x00000002   PAD
    0x08001388   0x08001388   0x00000002   Code   RO          709    .text.NMI_Handler   mcal.o
    0x0800138a   0x0800138a   0x00000002   PAD
    0x0800138c   0x0800138c   0x00000002   Code   RO          723    .text.PendSV_Handler  mcal.o
    0x0800138e   0x0800138e   0x00000002   PAD
    0x08001390   0x08001390   0x00000002   Code   RO          719    .text.SVC_Handler   mcal.o
    0x08001392   0x08001392   0x00000002   PAD
    0x08001394   0x08001394   0x00000004   Code   RO          725    .text.SysTick_Handler  mcal.o
    0x08001398   0x08001398   0x000000c6   Code   RO          703    .text.SystemClock_Config  mcal.o
    0x0800145e   0x0800145e   0x00000002   PAD
    0x08001460   0x08001460   0x000000a8   Code   RO          688    .text.SystemInit    system_stm32h5xx.o
    0x08001508   0x08001508   0x00000002   Code   RO          717    .text.UsageFault_Handler  mcal.o
    0x0800150a   0x0800150a   0x00000002   PAD
    0x0800150c   0x0800150c   0x0000001c   Code   RO           11    .text.main          main.o
    0x08001528   0x08001528   0x0000001a   Code   RO          852    x$fpl$fpinit        fz_wm.l(fpinit.o)
    0x08001542   0x08001542   0x00000010   Data   RO          693    .rodata.AHBPrescTable  system_stm32h5xx.o
    0x08001552   0x08001552   0x00000002   PAD
    0x08001554   0x08001554   0x00000020   Data   RO          927    Region$$Table       anon$$obj.o


    Execution Region RW_IRAM1 (Exec base: 0x20000000, Load base: 0x08001578, Size: 0x00000678, Max: 0x00008000, ABSOLUTE)

    Exec Addr    Load Addr    Size         Type   Attr      Idx    E Section Name        Object

    0x20000000   0x08001578   0x00000008   Data   RW          649    .data..L_MergedGlobals  stm32h5xx_hal.o
    0x20000008   0x08001580   0x00000004   Data   RW          692    .data.SystemCoreClock  system_stm32h5xx.o
    0x2000000c   0x08001584   0x00000004   PAD
    0x20000010        -       0x00000060   Zero   RW          792    .bss                c_w.l(libspace.o)
    0x20000070        -       0x00000002   Zero   RW          742    .bss.g_App_pinStates  app.o
    0x20000072   0x08001584   0x00000002   PAD
    0x20000074        -       0x00000004   Zero   RW          648    .bss.uwTick         stm32h5xx_hal.o
    0x20000078        -       0x00000200   Zero   RW            2    HEAP                startup_stm32h503xx.o
    0x20000278        -       0x00000400   Zero   RW            1    STACK               startup_stm32h503xx.o


==============================================================================

Image component sizes


      Code (inc. data)   RO Data    RW Data    ZI Data      Debug   Object Name

        88          0          0          0          2       1809   app.o
         2          0          0          0          0        454   bsw.o
        28          0          0          0          0        643   main.o
       396          0          0          0          0       7356   mcal.o
        68         28        600          0       1536       1028   startup_stm32h503xx.o
       322          0          0          8          4      12184   stm32h5xx_hal.o
       328         22          0          0          0      13570   stm32h5xx_hal_cortex.o
       414          0          0          0          0       5319   stm32h5xx_hal_gpio.o
        52          0          0          0          0       4168   stm32h5xx_hal_icache.o
      2508         16          0          0          0      12611   stm32h5xx_hal_rcc.o
       168          0         16          4          0       5500   system_stm32h5xx.o

    ----------------------------------------------------------------------
      4412         66        650         12       1548      64642   Object Totals
         0          0         32          0          0          0   (incl. Generated)
        38          0          2          0          6          0   (incl. Padding)

    ----------------------------------------------------------------------

      Code (inc. data)   RO Data    RW Data    ZI Data      Debug   Library Member Name

         8          0          0          0          0         68   __main.o
         0          0          0          0          0          0   __rtentry.o
        12          0          0          0          0          0   __rtentry2.o
         6          0          0          0          0          0   __rtentry4.o
        94          8          0          0          0          0   __scatter.o
        26          0          0          0          0          0   __scatter_copy.o
        28          0          0          0          0          0   __scatter_zi.o
        18          0          0          0          0         80   exit.o
         6          0          0          0          0        152   heapauxi.o
         0          0          0          0          0          0   indicate_semi.o
         2          0          0          0          0          0   libinit.o
         6          0          0          0          0          0   libinit2.o
         2          0          0          0          0          0   libshutdown.o
         2          0          0          0          0          0   libshutdown2.o
         8          4          0          0         96         68   libspace.o
        78          0          0          0          0         80   rt_memclr_w.o
         2          0          0          0          0          0   rtexit.o
        10          0          0          0          0          0   rtexit2.o
        12          4          0          0          0         68   sys_exit.o
        74          0          0          0          0         80   sys_stackheap_outer.o
         2          0          0          0          0         68   use_no_semi.o
        26          0          0          0          0        116   fpinit.o

    ----------------------------------------------------------------------
       430         16          0          0         96        780   Library Totals
         8          0          0          0          0          0   (incl. Padding)

    ----------------------------------------------------------------------

      Code (inc. data)   RO Data    RW Data    ZI Data      Debug   Library Name

       396         16          0          0         96        664   c_w.l
        26          0          0          0          0        116   fz_wm.l

    ----------------------------------------------------------------------
       430         16          0          0         96        780   Library Totals

    ----------------------------------------------------------------------

==============================================================================


      Code (inc. data)   RO Data    RW Data    ZI Data      Debug   

      4842         82        650         12       1644      65102   Grand Totals
      4842         82        650         12       1644      65102   ELF Image Totals
      4842         82        650         12          0          0   ROM Totals

==============================================================================

    Total RO  Size (Code + RO Data)                 5492 (   5.36kB)
    Total RW  Size (RW Data + ZI Data)              1656 (   1.62kB)
    Total ROM Size (Code + RO Data + RW Data)       5504 (   5.38kB)

==============================================================================

