Component: Arm Compiler for Embedded 6.24 Tool: armlink [5f371500]

==============================================================================

Section Cross References

    startup_stm32h503xx.o(STACK) refers (Special) to heapauxi.o(.text) for __use_two_region_memory
    startup_stm32h503xx.o(HEAP) refers (Special) to heapauxi.o(.text) for __use_two_region_memory
    startup_stm32h503xx.o(RESET) refers (Special) to heapauxi.o(.text) for __use_two_region_memory
    startup_stm32h503xx.o(RESET) refers to startup_stm32h503xx.o(STACK) for __initial_sp
    startup_stm32h503xx.o(RESET) refers to startup_stm32h503xx.o(.text) for Reset_Handler
    startup_stm32h503xx.o(RESET) refers to mcal.o(.text.NMI_Handler) for NMI_Handler
    startup_stm32h503xx.o(RESET) refers to mcal.o(.text.HardFault_Handler) for HardFault_Handler
    startup_stm32h503xx.o(RESET) refers to mcal.o(.text.MemManage_Handler) for MemManage_Handler
    startup_stm32h503xx.o(RESET) refers to mcal.o(.text.BusFault_Handler) for BusFault_Handler
    startup_stm32h503xx.o(RESET) refers to mcal.o(.text.UsageFault_Handler) for UsageFault_Handler
    startup_stm32h503xx.o(RESET) refers to mcal.o(.text.SVC_Handler) for SVC_Handler
    startup_stm32h503xx.o(RESET) refers to mcal.o(.text.DebugMon_Handler) for DebugMon_Handler
    startup_stm32h503xx.o(RESET) refers to mcal.o(.text.PendSV_Handler) for PendSV_Handler
    startup_stm32h503xx.o(RESET) refers to mcal.o(.text.SysTick_Handler) for SysTick_Handler
    startup_stm32h503xx.o(.text) refers (Special) to heapauxi.o(.text) for __use_two_region_memory
    startup_stm32h503xx.o(.text) refers to system_stm32h5xx.o(.text.SystemInit) for SystemInit
    startup_stm32h503xx.o(.text) refers to __main.o(!!!main) for __main
    startup_stm32h503xx.o(.text) refers to startup_stm32h503xx.o(HEAP) for Heap_Mem
    startup_stm32h503xx.o(.text) refers to startup_stm32h503xx.o(STACK) for Stack_Mem
    main.o(.text.main) refers to mcal.o(.text.Mcal_Init) for Mcal_Init
    main.o(.text.main) refers to bsw.o(.text.Bsw_Init) for Bsw_Init
    main.o(.text.main) refers to app.o(.text.Application_Init) for Application_Init
    main.o(.text.main) refers to app.o(.text.Application_MainFunction) for Application_MainFunction
    main.o(.text.main) refers to stm32h5xx_hal.o(.text.HAL_Delay) for HAL_Delay
    main.o(.ARM.exidx.text.main) refers to main.o(.text.main) for [Anonymous Symbol]
    stm32h5xx_hal_cortex.o(.text.HAL_NVIC_SetPriorityGrouping) refers to stm32h5xx_hal_cortex.o(.text.__NVIC_SetPriorityGrouping) for __NVIC_SetPriorityGrouping
    stm32h5xx_hal_cortex.o(.ARM.exidx.text.HAL_NVIC_SetPriorityGrouping) refers to stm32h5xx_hal_cortex.o(.text.HAL_NVIC_SetPriorityGrouping) for [Anonymous Symbol]
    stm32h5xx_hal_cortex.o(.ARM.exidx.text.__NVIC_SetPriorityGrouping) refers to stm32h5xx_hal_cortex.o(.text.__NVIC_SetPriorityGrouping) for [Anonymous Symbol]
    stm32h5xx_hal_cortex.o(.text.HAL_NVIC_SetPriority) refers to stm32h5xx_hal_cortex.o(.text.__NVIC_GetPriorityGrouping) for __NVIC_GetPriorityGrouping
    stm32h5xx_hal_cortex.o(.text.HAL_NVIC_SetPriority) refers to stm32h5xx_hal_cortex.o(.text.NVIC_EncodePriority) for NVIC_EncodePriority
    stm32h5xx_hal_cortex.o(.text.HAL_NVIC_SetPriority) refers to stm32h5xx_hal_cortex.o(.text.__NVIC_SetPriority) for __NVIC_SetPriority
    stm32h5xx_hal_cortex.o(.ARM.exidx.text.HAL_NVIC_SetPriority) refers to stm32h5xx_hal_cortex.o(.text.HAL_NVIC_SetPriority) for [Anonymous Symbol]
    stm32h5xx_hal_cortex.o(.ARM.exidx.text.__NVIC_GetPriorityGrouping) refers to stm32h5xx_hal_cortex.o(.text.__NVIC_GetPriorityGrouping) for [Anonymous Symbol]
    stm32h5xx_hal_cortex.o(.ARM.exidx.text.__NVIC_SetPriority) refers to stm32h5xx_hal_cortex.o(.text.__NVIC_SetPriority) for [Anonymous Symbol]
    stm32h5xx_hal_cortex.o(.ARM.exidx.text.NVIC_EncodePriority) refers to stm32h5xx_hal_cortex.o(.text.NVIC_EncodePriority) for [Anonymous Symbol]
    stm32h5xx_hal_cortex.o(.text.HAL_NVIC_EnableIRQ) refers to stm32h5xx_hal_cortex.o(.text.__NVIC_EnableIRQ) for __NVIC_EnableIRQ
    stm32h5xx_hal_cortex.o(.ARM.exidx.text.HAL_NVIC_EnableIRQ) refers to stm32h5xx_hal_cortex.o(.text.HAL_NVIC_EnableIRQ) for [Anonymous Symbol]
    stm32h5xx_hal_cortex.o(.ARM.exidx.text.__NVIC_EnableIRQ) refers to stm32h5xx_hal_cortex.o(.text.__NVIC_EnableIRQ) for [Anonymous Symbol]
    stm32h5xx_hal_cortex.o(.text.HAL_NVIC_DisableIRQ) refers to stm32h5xx_hal_cortex.o(.text.__NVIC_DisableIRQ) for __NVIC_DisableIRQ
    stm32h5xx_hal_cortex.o(.ARM.exidx.text.HAL_NVIC_DisableIRQ) refers to stm32h5xx_hal_cortex.o(.text.HAL_NVIC_DisableIRQ) for [Anonymous Symbol]
    stm32h5xx_hal_cortex.o(.ARM.exidx.text.__NVIC_DisableIRQ) refers to stm32h5xx_hal_cortex.o(.text.__NVIC_DisableIRQ) for [Anonymous Symbol]
    stm32h5xx_hal_cortex.o(.text.HAL_NVIC_SystemReset) refers to stm32h5xx_hal_cortex.o(.text.__NVIC_SystemReset) for __NVIC_SystemReset
[...]
    Removing stm32h5xx_hal_tim_ex.o(.text.HAL_TIMEx_OCN_Start), (328 bytes).
    Removing stm32h5xx_hal_tim_ex.o(.ARM.exidx.text.HAL_TIMEx_OCN_Start), (8 bytes).
    Removing stm32h5xx_hal_tim_ex.o(.text.TIM_CCxNChannelCmd), (54 bytes).
    Removing stm32h5xx_hal_tim_ex.o(.ARM.exidx.text.TIM_CCxNChannelCmd), (8 bytes).
    Removing stm32h5xx_hal_tim_ex.o(.text.HAL_TIMEx_OCN_Stop), (208 bytes).
    Removing stm32h5xx_hal_tim_ex.o(.ARM.exidx.text.HAL_TIMEx_OCN_Stop), (8 bytes).
    Removing stm32h5xx_hal_tim_ex.o(.text.HAL_TIMEx_OCN_Start_IT), (452 bytes).
    Removing stm32h5xx_hal_tim_ex.o(.ARM.exidx.text.HAL_TIMEx_OCN_Start_IT), (8 bytes).
    Removing stm32h5xx_hal_tim_ex.o(.text.HAL_TIMEx_OCN_Stop_IT), (356 bytes).
    Removing stm32h5xx_hal_tim_ex.o(.ARM.exidx.text.HAL_TIMEx_OCN_Stop_IT), (8 bytes).
    Removing stm32h5xx_hal_tim_ex.o(.text.HAL_TIMEx_OCN_Start_DMA), (854 bytes).
    Removing stm32h5xx_hal_tim_ex.o(.ARM.exidx.text.HAL_TIMEx_OCN_Start_DMA), (8 bytes).
    Removing stm32h5xx_hal_tim_ex.o(.text.TIM_DMADelayPulseNCplt), (116 bytes).
    Removing stm32h5xx_hal_tim_ex.o(.ARM.exidx.text.TIM_DMADelayPulseNCplt), (8 bytes).
    Removing stm32h5xx_hal_tim_ex.o(.text.TIM_DMAErrorCCxN), (146 bytes).
    Removing stm32h5xx_hal_tim_ex.o(.ARM.exidx.text.TIM_DMAErrorCCxN), (8 bytes).
    Removing stm32h5xx_hal_tim_ex.o(.text.HAL_TIMEx_OCN_Stop_DMA), (352 bytes).
    Removing stm32h5xx_hal_tim_ex.o(.ARM.exidx.text.HAL_TIMEx_OCN_Stop_DMA), (8 bytes).
    Removing stm32h5xx_hal_tim_ex.o(.text.HAL_TIMEx_PWMN_Start), (328 bytes).
    Removing stm32h5xx_hal_tim_ex.o(.ARM.exidx.text.HAL_TIMEx_PWMN_Start), (8 bytes).
    Removing stm32h5xx_hal_tim_ex.o(.text.HAL_TIMEx_PWMN_Stop), (208 bytes).
    Removing stm32h5xx_hal_tim_ex.o(.ARM.exidx.text.HAL_TIMEx_PWMN_Stop), (8 bytes).
    Removing stm32h5xx_hal_tim_ex.o(.text.HAL_TIMEx_PWMN_Start_IT), (452 bytes).
    Removing stm32h5xx_hal_tim_ex.o(.ARM.exidx.text.HAL_TIMEx_PWMN_Start_IT), (8 bytes).
    Removing stm32h5xx_hal_tim_ex.o(.text.HAL_TIMEx_PWMN_Stop_IT), (356 bytes).
    Removing stm32h5xx_hal_tim_ex.o(.ARM.exidx.text.HAL_TIMEx_PWMN_Stop_IT), (8 bytes).
    Removing stm32h5xx_hal_tim_ex.o(.text.HAL_TIMEx_PWMN_Start_DMA), (854 bytes).
    Removing stm32h5xx_hal_tim_ex.o(.ARM.exidx.text.HAL_TIMEx_PWMN_Start_DMA), (8 bytes).
    Removing stm32h5xx_hal_tim_ex.o(.text.HAL_TIMEx_PWMN_Stop_DMA), (352 bytes).
    Removing stm32h5xx_hal_tim_ex.o(.ARM.exidx.text.HAL_TIMEx_PWMN_Stop_DMA), (8 bytes).
    Removing stm32h5xx_hal_tim_ex.o(.text.HAL_TIMEx_OnePulseN_Start), (186 bytes).
    Removing stm32h5xx_hal_tim_ex.o(.ARM.exidx.text.HAL_TIMEx_OnePulseN_Start), (8 bytes).
    Removing stm32h5xx_hal_tim_ex.o(.text.HAL_TIMEx_OnePulseN_Stop), (182 bytes).
    Removing stm32h5xx_hal_tim_ex.o(.ARM.exidx.text.HAL_TIMEx_OnePulseN_Stop), (8 bytes).
    Removing stm32h5xx_hal_tim_ex.o(.text.HAL_TIMEx_OnePulseN_Start_IT), (210 bytes).
    Removing stm32h5xx_hal_tim_ex.o(.ARM.exidx.text.HAL_TIMEx_OnePulseN_Start_IT), (8 bytes).
    Removing stm32h5xx_hal_tim_ex.o(.text.HAL_TIMEx_OnePulseN_Stop_IT), (206 bytes).
    Removing stm32h5xx_hal_tim_ex.o(.ARM.exidx.text.HAL_TIMEx_OnePulseN_Stop_IT), (8 bytes).
    Removing stm32h5xx_hal_tim_ex.o(.text.HAL_TIMEx_ConfigCommutEvent), (170 bytes).
    Removing stm32h5xx_hal_tim_ex.o(.ARM.exidx.text.HAL_TIMEx_ConfigCommutEvent), (8 bytes).
    Removing stm32h5xx_hal_tim_ex.o(.text.HAL_TIMEx_ConfigCommutEvent_IT), (170 bytes).
    Removing stm32h5xx_hal_tim_ex.o(.ARM.exidx.text.HAL_TIMEx_ConfigCommutEvent_IT), (8 bytes).
    Removing stm32h5xx_hal_tim_ex.o(.text.HAL_TIMEx_ConfigCommutEvent_DMA), (212 bytes).
    Removing stm32h5xx_hal_tim_ex.o(.ARM.exidx.text.HAL_TIMEx_ConfigCommutEvent_DMA), (8 bytes).
    Removing stm32h5xx_hal_tim_ex.o(.text.TIMEx_DMACommutationCplt), (30 bytes).
    Removing stm32h5xx_hal_tim_ex.o(.ARM.exidx.text.TIMEx_DMACommutationCplt), (8 bytes).
    Removing stm32h5xx_hal_tim_ex.o(.text.TIMEx_DMACommutationHalfCplt), (30 bytes).
    Removing stm32h5xx_hal_tim_ex.o(.ARM.exidx.text.TIMEx_DMACommutationHalfCplt), (8 bytes).
    Removing stm32h5xx_hal_tim_ex.o(.ARM.exidx.text.HAL_TIMEx_MasterConfigSynchronization), (8 bytes).
    Removing stm32h5xx_hal_tim_ex.o(.ARM.exidx.text.HAL_TIMEx_ConfigBreakDeadTime), (8 bytes).
    Removing stm32h5xx_hal_tim_ex.o(.text.HAL_TIMEx_ConfigBreakInput), (316 bytes).
    Removing stm32h5xx_hal_tim_ex.o(.ARM.exidx.text.HAL_TIMEx_ConfigBreakInput), (8 bytes).
    Removing stm32h5xx_hal_tim_ex.o(.text.HAL_TIMEx_RemapConfig), (88 bytes).
    Removing stm32h5xx_hal_tim_ex.o(.ARM.exidx.text.HAL_TIMEx_RemapConfig), (8 bytes).
    Removing stm32h5xx_hal_tim_ex.o(.text.HAL_TIMEx_TISelection), (176 bytes).
    Removing stm32h5xx_hal_tim_ex.o(.ARM.exidx.text.HAL_TIMEx_TISelection), (8 bytes).
    Removing stm32h5xx_hal_tim_ex.o(.text.HAL_TIMEx_GroupChannel5), (108 bytes).
    Removing stm32h5xx_hal_tim_ex.o(.ARM.exidx.text.HAL_TIMEx_GroupChannel5), (8 bytes).
    Removing stm32h5xx_hal_tim_ex.o(.text.HAL_TIMEx_DisarmBreakInput), (142 bytes).
    Removing stm32h5xx_hal_tim_ex.o(.ARM.exidx.text.HAL_TIMEx_DisarmBreakInput), (8 bytes).
    Removing stm32h5xx_hal_tim_ex.o(.text.HAL_TIMEx_ReArmBreakInput), (218 bytes).
    Removing stm32h5xx_hal_tim_ex.o(.ARM.exidx.text.HAL_TIMEx_ReArmBreakInput), (8 bytes).
    Removing stm32h5xx_hal_tim_ex.o(.text.HAL_TIMEx_DitheringEnable), (22 bytes).
    Removing stm32h5xx_hal_tim_ex.o(.ARM.exidx.text.HAL_TIMEx_DitheringEnable), (8 bytes).
    Removing stm32h5xx_hal_tim_ex.o(.text.HAL_TIMEx_DitheringDisable), (22 bytes).
    Removing stm32h5xx_hal_tim_ex.o(.ARM.exidx.text.HAL_TIMEx_DitheringDisable), (8 bytes).
    Removing stm32h5xx_hal_tim_ex.o(.text.HAL_TIMEx_OC_ConfigPulseOnCompare), (130 bytes).
    Removing stm32h5xx_hal_tim_ex.o(.ARM.exidx.text.HAL_TIMEx_OC_ConfigPulseOnCompare), (8 bytes).
    Removing stm32h5xx_hal_tim_ex.o(.text.HAL_TIMEx_ConfigSlaveModePreload), (32 bytes).
    Removing stm32h5xx_hal_tim_ex.o(.ARM.exidx.text.HAL_TIMEx_ConfigSlaveModePreload), (8 bytes).
    Removing stm32h5xx_hal_tim_ex.o(.text.HAL_TIMEx_EnableSlaveModePreload), (22 bytes).
    Removing stm32h5xx_hal_tim_ex.o(.ARM.exidx.text.HAL_TIMEx_EnableSlaveModePreload), (8 bytes).
    Removing stm32h5xx_hal_tim_ex.o(.text.HAL_TIMEx_DisableSlaveModePreload), (22 bytes).
    Removing stm32h5xx_hal_tim_ex.o(.ARM.exidx.text.HAL_TIMEx_DisableSlaveModePreload), (8 bytes).
    Removing stm32h5xx_hal_tim_ex.o(.text.HAL_TIMEx_EnableDeadTimePreload), (22 bytes).
    Removing stm32h5xx_hal_tim_ex.o(.ARM.exidx.text.HAL_TIMEx_EnableDeadTimePreload), (8 bytes).
    Removing stm32h5xx_hal_tim_ex.o(.text.HAL_TIMEx_DisableDeadTimePreload), (22 bytes).
    Removing stm32h5xx_hal_tim_ex.o(.ARM.exidx.text.HAL_TIMEx_DisableDeadTimePreload), (8 bytes).
    Removing stm32h5xx_hal_tim_ex.o(.text.HAL_TIMEx_ConfigDeadTime), (32 bytes).
    Removing stm32h5xx_hal_tim_ex.o(.ARM.exidx.text.HAL_TIMEx_ConfigDeadTime), (8 bytes).
    Removing stm32h5xx_hal_tim_ex.o(.text.HAL_TIMEx_ConfigAsymmetricalDeadTime), (32 bytes).
    Removing stm32h5xx_hal_tim_ex.o(.ARM.exidx.text.HAL_TIMEx_ConfigAsymmetricalDeadTime), (8 bytes).
    Removing stm32h5xx_hal_tim_ex.o(.text.HAL_TIMEx_EnableAsymmetricalDeadTime), (22 bytes).
    Removing stm32h5xx_hal_tim_ex.o(.ARM.exidx.text.HAL_TIMEx_EnableAsymmetricalDeadTime), (8 bytes).
    Removing stm32h5xx_hal_tim_ex.o(.text.HAL_TIMEx_DisableAsymmetricalDeadTime), (22 bytes).
    Removing stm32h5xx_hal_tim_ex.o(.ARM.exidx.text.HAL_TIMEx_DisableAsymmetricalDeadTime), (8 bytes).
    Removing stm32h5xx_hal_tim_ex.o(.text.HAL_TIMEx_ConfigEncoderIndex), (136 bytes).
    Removing stm32h5xx_hal_tim_ex.o(.ARM.exidx.text.HAL_TIMEx_ConfigEncoderIndex), (8 bytes).
    Removing stm32h5xx_hal_tim_ex.o(.text.HAL_TIMEx_EnableEncoderIndex), (22 bytes).
    Removing stm32h5xx_hal_tim_ex.o(.ARM.exidx.text.HAL_TIMEx_EnableEncoderIndex), (8 bytes).
    Removing stm32h5xx_hal_tim_ex.o(.text.HAL_TIMEx_DisableEncoderIndex), (22 bytes).
    Removing stm32h5xx_hal_tim_ex.o(.ARM.exidx.text.HAL_TIMEx_DisableEncoderIndex), (8 bytes).
    Removing stm32h5xx_hal_tim_ex.o(.text.HAL_TIMEx_EnableEncoderFirstIndex), (22 bytes).
    Removing stm32h5xx_hal_tim_ex.o(.ARM.exidx.text.HAL_TIMEx_EnableEncoderFirstIndex), (8 bytes).
    Removing stm32h5xx_hal_tim_ex.o(.text.HAL_TIMEx_DisableEncoderFirstIndex), (22 bytes).
    Removing stm32h5xx_hal_tim_ex.o(.ARM.exidx.text.HAL_TIMEx_DisableEncoderFirstIndex), (8 bytes).
    Removing stm32h5xx_hal_tim_ex.o(.text.HAL_TIMEx_CommutCallback), (8 bytes).
    Removing stm32h5xx_hal_tim_ex.o(.ARM.exidx.text.HAL_TIMEx_CommutCallback), (8 bytes).
    Removing stm32h5xx_hal_tim_ex.o(.text.HAL_TIMEx_CommutHalfCpltCallback), (8 bytes).
    Removing stm32h5xx_hal_tim_ex.o(.ARM.exidx.text.HAL_TIMEx_CommutHalfCpltCallback), (8 bytes).
    Removing stm32h5xx_hal_tim_ex.o(.text.HAL_TIMEx_BreakCallback), (8 bytes).
    Removing stm32h5xx_hal_tim_ex.o(.ARM.exidx.text.HAL_TIMEx_BreakCallback), (8 bytes).
    Removing stm32h5xx_hal_tim_ex.o(.text.HAL_TIMEx_Break2Callback), (8 bytes).
    Removing stm32h5xx_hal_tim_ex.o(.ARM.exidx.text.HAL_TIMEx_Break2Callback), (8 bytes).
    Removing stm32h5xx_hal_tim_ex.o(.text.HAL_TIMEx_EncoderIndexCallback), (8 bytes).
    Removing stm32h5xx_hal_tim_ex.o(.ARM.exidx.text.HAL_TIMEx_EncoderIndexCallback), (8 bytes).
    Removing stm32h5xx_hal_tim_ex.o(.text.HAL_TIMEx_DirectionChangeCallback), (8 bytes).
    Removing stm32h5xx_hal_tim_ex.o(.ARM.exidx.text.HAL_TIMEx_DirectionChangeCallback), (8 bytes).
    Removing stm32h5xx_hal_tim_ex.o(.text.HAL_TIMEx_IndexErrorCallback), (8 bytes).
    Removing stm32h5xx_hal_tim_ex.o(.ARM.exidx.text.HAL_TIMEx_IndexErrorCallback), (8 bytes).
    Removing stm32h5xx_hal_tim_ex.o(.text.HAL_TIMEx_TransitionErrorCallback), (8 bytes).
    Removing stm32h5xx_hal_tim_ex.o(.ARM.exidx.text.HAL_TIMEx_TransitionErrorCallback), (8 bytes).
    Removing stm32h5xx_hal_tim_ex.o(.text.HAL_TIMEx_HallSensor_GetState), (14 bytes).
    Removing stm32h5xx_hal_tim_ex.o(.ARM.exidx.text.HAL_TIMEx_HallSensor_GetState), (8 bytes).
    Removing stm32h5xx_hal_tim_ex.o(.text.HAL_TIMEx_GetChannelNState), (94 bytes).
    Removing stm32h5xx_hal_tim_ex.o(.ARM.exidx.text.HAL_TIMEx_GetChannelNState), (8 bytes).
    Removing system_stm32h5xx.o(.text), (0 bytes).
    Removing system_stm32h5xx.o(.ARM.exidx.text.SystemInit), (8 bytes).
    Removing system_stm32h5xx.o(.text.SystemCoreClockUpdate), (632 bytes).
    Removing system_stm32h5xx.o(.ARM.exidx.text.SystemCoreClockUpdate), (8 bytes).
    Removing system_stm32h5xx.o(.rodata.APBPrescTable), (8 bytes).
    Removing mcal.o(.text), (0 bytes).
    Removing mcal.o(.ARM.exidx.text.SystemClock_Config), (8 bytes).
    Removing mcal.o(.ARM.exidx.text.Error_Handler), (8 bytes).
    Removing mcal.o(.ARM.exidx.text.HAL_MspInit), (8 bytes).
    Removing mcal.o(.ARM.exidx.text.HAL_TIM_Base_MspInit), (8 bytes).
    Removing mcal.o(.ARM.exidx.text.HAL_TIM_MspPostInit), (8 bytes).
    Removing mcal.o(.text.HAL_TIM_Base_MspDeInit), (44 bytes).
    Removing mcal.o(.ARM.exidx.text.HAL_TIM_Base_MspDeInit), (8 bytes).
    Removing mcal.o(.ARM.exidx.text.NMI_Handler), (8 bytes).
    Removing mcal.o(.ARM.exidx.text.HardFault_Handler), (8 bytes).
    Removing mcal.o(.ARM.exidx.text.MemManage_Handler), (8 bytes).
    Removing mcal.o(.ARM.exidx.text.BusFault_Handler), (8 bytes).
    Removing mcal.o(.ARM.exidx.text.UsageFault_Handler), (8 bytes).
    Removing mcal.o(.ARM.exidx.text.SVC_Handler), (8 bytes).
    Removing mcal.o(.ARM.exidx.text.DebugMon_Handler), (8 bytes).
    Removing mcal.o(.ARM.exidx.text.PendSV_Handler), (8 bytes).
    Removing mcal.o(.ARM.exidx.text.SysTick_Handler), (8 bytes).
    Removing mcal.o(.ARM.exidx.text.Mcal_Init), (8 bytes).
    Removing mcal.o(.ARM.exidx.text.ICACHE_Init), (8 bytes).
    Removing mcal.o(.ARM.exidx.text.GPIO_Init), (8 bytes).
    Removing mcal.o(.ARM.exidx.text.TIM1_Init), (8 bytes).
    Removing mcal_lcfg.o(.text), (0 bytes).
    Removing mcal_tim.o(.text), (0 bytes).
    Removing mcal_tim.o(.ARM.exidx.text.Mcal_Tim_PWM_Config_pulseWidth), (8 bytes).
    Removing mcal_tim.o(.ARM.exidx.text.__setPulseWidth), (8 bytes).
    Removing mcal_tim.o(.ARM.exidx.text.Mcal_Tim_PWM_Reconfig), (8 bytes).
    Removing mcal_tim.o(.ARM.exidx.text.__setCycleTime_ns), (8 bytes).
    Removing mcal_tim.o(.ARM.exidx.text.Mcal_Tim_PWM_Enable), (8 bytes).
    Removing mcal_tim.o(.text.Mcal_Tim_PWM_Disable), (92 bytes).
    Removing mcal_tim.o(.ARM.exidx.text.Mcal_Tim_PWM_Disable), (8 bytes).
    Removing mcal_tim.o(.ARM.exidx.text.Mcal_TIM_Init), (8 bytes).
    Removing app.o(.text), (0 bytes).
    Removing app.o(.ARM.exidx.text.Application_MainFunction), (8 bytes).
    Removing app.o(.ARM.exidx.text.__blinking), (8 bytes).
    Removing app.o(.ARM.exidx.text.__PWM), (8 bytes).
    Removing app.o(.ARM.exidx.text.Application_Init), (8 bytes).
    Removing bsw.o(.text), (0 bytes).
    Removing bsw.o(.ARM.exidx.text.Bsw_Init), (8 bytes).

1057 unused section(s) (total 80244 bytes) removed from the image.

==============================================================================

Image Symbol Table

    Local Symbols

    Symbol Name                              Value     Ov Type        Size  Object(Section)

    ../clib/angel/boardlib.s                 0x00000000   Number         0  boardinit1.o ABSOLUTE
    ../clib/angel/boardlib.s                 0x00000000   Number         0  boardinit2.o ABSOLUTE
    ../clib/angel/boardlib.s                 0x00000000   Number         0  boardinit3.o ABSOLUTE
    ../clib/angel/boardlib.s                 0x00000000   Number         0  boardshut.o ABSOLUTE
    ../clib/angel/handlers.s                 0x00000000   Number         0  __scatter_copy.o ABSOLUTE
    ../clib/angel/handlers.s                 0x00000000   Number         0  __scatter_zi.o ABSOLUTE
    ../clib/angel/kernel.s                   0x00000000   Number         0  __rtentry.o ABSOLUTE
    ../clib/angel/kernel.s                   0x00000000   Number         0  __rtentry2.o ABSOLUTE
    ../clib/angel/kernel.s                   0x00000000   Number         0  __rtentry4.o ABSOLUTE
    ../clib/angel/kernel.s                   0x00000000   Number         0  rtexit.o ABSOLUTE
    ../clib/angel/kernel.s                   0x00000000   Number         0  rtexit2.o ABSOLUTE
    ../clib/angel/rt.s                       0x00000000   Number         0  rt_raise.o ABSOLUTE
    ../clib/angel/scatter.s                  0x00000000   Number         0  __scatter.o ABSOLUTE
    ../clib/angel/startup.s                  0x00000000   Number         0  __main.o ABSOLUTE
    ../clib/angel/sys.s                      0x00000000   Number         0  use_no_semi.o ABSOLUTE
    ../clib/angel/sys.s                      0x00000000   Number         0  indicate_semi.o ABSOLUTE
    ../clib/angel/sys.s                      0x00000000   Number         0  sys_stackheap_outer.o ABSOLUTE
    ../clib/angel/sys.s                      0x00000000   Number         0  libspace.o ABSOLUTE
    ../clib/angel/sysapp.c                   0x00000000   Number         0  sys_wrch.o ABSOLUTE
    ../clib/angel/sysapp.c                   0x00000000   Number         0  sys_exit.o ABSOLUTE
    ../clib/angel/sysapp.c                   0x00000000   Number         0  sys_wrch_hlt.o ABSOLUTE
    ../clib/angel/sysapp.c                   0x00000000   Number         0  sys_exit_hlt.o ABSOLUTE
    ../clib/angel/sysapp.c                   0x00000000   Number         0  sys_command.o ABSOLUTE
    ../clib/angel/sysapp.c                   0x00000000   Number         0  sys_command_hlt.o ABSOLUTE
    ../clib/armsys.c                         0x00000000   Number         0  argv_veneer.o ABSOLUTE
    ../clib/armsys.c                         0x00000000   Number         0  argv_veneer.o ABSOLUTE
    ../clib/armsys.c                         0x00000000   Number         0  _get_argv_nomalloc.o ABSOLUTE
    ../clib/armsys.c                         0x00000000   Number         0  no_argv.o ABSOLUTE
    ../clib/assert.c                         0x00000000   Number         0  assert.o ABSOLUTE
    ../clib/assert.c                         0x00000000   Number         0  assert_puts.o ABSOLUTE
    ../clib/heapalloc.c                      0x00000000   Number         0  hrguard.o ABSOLUTE
    ../clib/heapaux.c                        0x00000000   Number         0  heapauxi.o ABSOLUTE
    ../clib/libinit.s                        0x00000000   Number         0  libinit.o ABSOLUTE
    ../clib/libinit.s                        0x00000000   Number         0  libinit2.o ABSOLUTE
    ../clib/libinit.s                        0x00000000   Number         0  libshutdown.o ABSOLUTE
    ../clib/libinit.s                        0x00000000   Number         0  libshutdown2.o ABSOLUTE
    ../clib/memcpset.s                       0x00000000   Number         0  rt_memclr_w.o ABSOLUTE
    ../clib/signal.c                         0x00000000   Number         0  defsig_abrt_outer.o ABSOLUTE
    ../clib/signal.c                         0x00000000   Number         0  defsig_abrt_formal.o ABSOLUTE
    ../clib/signal.c                         0x00000000   Number         0  defsig_exit.o ABSOLUTE
    ../clib/signal.c                         0x00000000   Number         0  defsig_abrt_inner.o ABSOLUTE
    ../clib/signal.c                         0x00000000   Number         0  __raise.o ABSOLUTE
    ../clib/signal.c                         0x00000000   Number         0  defsig_general.o ABSOLUTE
    ../clib/signal.c                         0x00000000   Number         0  defsig_fpe_inner.o ABSOLUTE
    ../clib/signal.c                         0x00000000   Number         0  defsig_rtred_inner.o ABSOLUTE
    ../clib/signal.c                         0x00000000   Number         0  defsig_rtmem_inner.o ABSOLUTE
    ../clib/signal.c                         0x00000000   Number         0  defsig_stak_inner.o ABSOLUTE
    ../clib/signal.c                         0x00000000   Number         0  defsig_pvfn_inner.o ABSOLUTE
    ../clib/signal.c                         0x00000000   Number         0  defsig_cppl_inner.o ABSOLUTE
    ../clib/signal.c                         0x00000000   Number         0  defsig_segv_inner.o ABSOLUTE
    ../clib/signal.c                         0x00000000   Number         0  defsig_other.o ABSOLUTE
    ../clib/signal.c                         0x00000000   Number         0  defsig_rtmem_outer.o ABSOLUTE
    ../clib/signal.c                         0x00000000   Number         0  defsig_rtmem_formal.o ABSOLUTE
    ../clib/signal.s                         0x00000000   Number         0  defsig.o ABSOLUTE
    ../clib/stdlib.c                         0x00000000   Number         0  abort.o ABSOLUTE
    ../clib/stdlib.c                         0x00000000   Number         0  exit.o ABSOLUTE
    ../fplib/fpinit.s                        0x00000000   Number         0  fpinit.o ABSOLUTE
    App.c                                    0x00000000   Number         0  app.o ABSOLUTE
    Bsw.c                                    0x00000000   Number         0  bsw.o ABSOLUTE
    Mcal.c                                   0x00000000   Number         0  mcal.o ABSOLUTE
    Mcal_Lcfg.c                              0x00000000   Number         0  mcal_lcfg.o ABSOLUTE
    Mcal_Tim.c                               0x00000000   Number         0  mcal_tim.o ABSOLUTE
    dc.s                                     0x00000000   Number         0  dc.o ABSOLUTE
    main.c                                   0x00000000   Number         0  main.o ABSOLUTE
    startup_stm32h503xx.s                    0x00000000   Number         0  startup_stm32h503xx.o ABSOLUTE
    stm32h5xx_hal.c                          0x00000000   Number         0  stm32h5xx_hal.o ABSOLUTE
    stm32h5xx_hal_cortex.c                   0x00000000   Number         0  stm32h5xx_hal_cortex.o ABSOLUTE
    stm32h5xx_hal_dma.c                      0x00000000   Number         0  stm32h5xx_hal_dma.o ABSOLUTE
    stm32h5xx_hal_dma_ex.c                   0x00000000   Number         0  stm32h5xx_hal_dma_ex.o ABSOLUTE
    stm32h5xx_hal_exti.c                     0x00000000   Number         0  stm32h5xx_hal_exti.o ABSOLUTE
    stm32h5xx_hal_flash.c                    0x00000000   Number         0  stm32h5xx_hal_flash.o ABSOLUTE
    stm32h5xx_hal_flash_ex.c                 0x00000000   Number         0  stm32h5xx_hal_flash_ex.o ABSOLUTE
    stm32h5xx_hal_gpio.c                     0x00000000   Number         0  stm32h5xx_hal_gpio.o ABSOLUTE
    stm32h5xx_hal_icache.c                   0x00000000   Number         0  stm32h5xx_hal_icache.o ABSOLUTE
    stm32h5xx_hal_pwr.c                      0x00000000   Number         0  stm32h5xx_hal_pwr.o ABSOLUTE
    stm32h5xx_hal_pwr_ex.c                   0x00000000   Number         0  stm32h5xx_hal_pwr_ex.o ABSOLUTE
    stm32h5xx_hal_rcc.c                      0x00000000   Number         0  stm32h5xx_hal_rcc.o ABSOLUTE
    stm32h5xx_hal_rcc_ex.c                   0x00000000   Number         0  stm32h5xx_hal_rcc_ex.o ABSOLUTE
    stm32h5xx_hal_tim.c                      0x00000000   Number         0  stm32h5xx_hal_tim.o ABSOLUTE
    stm32h5xx_hal_tim_ex.c                   0x00000000   Number         0  stm32h5xx_hal_tim_ex.o ABSOLUTE
    system_stm32h5xx.c                       0x00000000   Number         0  system_stm32h5xx.o ABSOLUTE
    RESET                                    0x08000000   Section      600  startup_stm32h503xx.o(RESET)
    !!!main                                  0x08000258   Section        8  __main.o(!!!main)
    !!!scatter                               0x08000260   Section       92  __scatter.o(!!!scatter)
    !!handler_copy                           0x080002bc   Section       26  __scatter_copy.o(!!handler_copy)
    !!handler_null                           0x080002d8   Section        2  __scatter.o(!!handler_null)
    !!handler_zi                             0x080002dc   Section       28  __scatter_zi.o(!!handler_zi)
    .ARM.Collect$$libinit$$00000000          0x080002f8   Section        2  libinit.o(.ARM.Collect$$libinit$$00000000)
    .ARM.Collect$$libinit$$00000001          0x080002fa   Section        4  libinit2.o(.ARM.Collect$$libinit$$00000001)
    .ARM.Collect$$libinit$$00000004          0x080002fe   Section        0  libinit2.o(.ARM.Collect$$libinit$$00000004)
    .ARM.Collect$$libinit$$00000006          0x080002fe   Section        0  libinit2.o(.ARM.Collect$$libinit$$00000006)
    .ARM.Collect$$libinit$$0000000C          0x080002fe   Section        0  libinit2.o(.ARM.Collect$$libinit$$0000000C)
    .ARM.Collect$$libinit$$0000000E          0x080002fe   Section        0  libinit2.o(.ARM.Collect$$libinit$$0000000E)
    .ARM.Collect$$libinit$$00000010          0x080002fe   Section        0  libinit2.o(.ARM.Collect$$libinit$$00000010)
    .ARM.Collect$$libinit$$00000013          0x080002fe   Section        0  libinit2.o(.ARM.Collect$$libinit$$00000013)
    .ARM.Collect$$libinit$$00000015          0x080002fe   Section        0  libinit2.o(.ARM.Collect$$libinit$$00000015)
    .ARM.Collect$$libinit$$00000017          0x080002fe   Section        0  libinit2.o(.ARM.Collect$$libinit$$00000017)
    .ARM.Collect$$libinit$$00000019          0x080002fe   Section        0  libinit2.o(.ARM.Collect$$libinit$$00000019)
    .ARM.Collect$$libinit$$0000001B          0x080002fe   Section        0  libinit2.o(.ARM.Collect$$libinit$$0000001B)
    .ARM.Collect$$libinit$$0000001D          0x080002fe   Section        0  libinit2.o(.ARM.Collect$$libinit$$0000001D)
    .ARM.Collect$$libinit$$0000001F          0x080002fe   Section        0  libinit2.o(.ARM.Collect$$libinit$$0000001F)
    .ARM.Collect$$libinit$$00000021          0x080002fe   Section        0  libinit2.o(.ARM.Collect$$libinit$$00000021)
    .ARM.Collect$$libinit$$00000023          0x080002fe   Section        0  libinit2.o(.ARM.Collect$$libinit$$00000023)
    .ARM.Collect$$libinit$$00000025          0x080002fe   Section        0  libinit2.o(.ARM.Collect$$libinit$$00000025)
    .ARM.Collect$$libinit$$00000027          0x080002fe   Section        0  libinit2.o(.ARM.Collect$$libinit$$00000027)
    .ARM.Collect$$libinit$$0000002E          0x080002fe   Section        0  libinit2.o(.ARM.Collect$$libinit$$0000002E)
    .ARM.Collect$$libinit$$00000030          0x080002fe   Section        0  libinit2.o(.ARM.Collect$$libinit$$00000030)
    .ARM.Collect$$libinit$$00000032          0x080002fe   Section        0  libinit2.o(.ARM.Collect$$libinit$$00000032)
    .ARM.Collect$$libinit$$00000034          0x080002fe   Section        0  libinit2.o(.ARM.Collect$$libinit$$00000034)
    .ARM.Collect$$libinit$$00000035          0x080002fe   Section        2  libinit2.o(.ARM.Collect$$libinit$$00000035)
    .ARM.Collect$$libshutdown$$00000000      0x08000300   Section        2  libshutdown.o(.ARM.Collect$$libshutdown$$00000000)
    .ARM.Collect$$libshutdown$$00000002      0x08000302   Section        0  libshutdown2.o(.ARM.Collect$$libshutdown$$00000002)
    .ARM.Collect$$libshutdown$$00000004      0x08000302   Section        0  libshutdown2.o(.ARM.Collect$$libshutdown$$00000004)
    .ARM.Collect$$libshutdown$$00000007      0x08000302   Section        0  libshutdown2.o(.ARM.Collect$$libshutdown$$00000007)
    .ARM.Collect$$libshutdown$$0000000A      0x08000302   Section        0  libshutdown2.o(.ARM.Collect$$libshutdown$$0000000A)
    .ARM.Collect$$libshutdown$$0000000C      0x08000302   Section        0  libshutdown2.o(.ARM.Collect$$libshutdown$$0000000C)
    .ARM.Collect$$libshutdown$$0000000F      0x08000302   Section        0  libshutdown2.o(.ARM.Collect$$libshutdown$$0000000F)
    .ARM.Collect$$libshutdown$$00000010      0x08000302   Section        2  libshutdown2.o(.ARM.Collect$$libshutdown$$00000010)
    .ARM.Collect$$rtentry$$00000000          0x08000304   Section        0  __rtentry.o(.ARM.Collect$$rtentry$$00000000)
    .ARM.Collect$$rtentry$$00000002          0x08000304   Section        0  __rtentry2.o(.ARM.Collect$$rtentry$$00000002)
    .ARM.Collect$$rtentry$$00000004          0x08000304   Section        6  __rtentry4.o(.ARM.Collect$$rtentry$$00000004)
    .ARM.Collect$$rtentry$$00000009          0x0800030a   Section        0  __rtentry2.o(.ARM.Collect$$rtentry$$00000009)
    .ARM.Collect$$rtentry$$0000000A          0x0800030a   Section        4  __rtentry2.o(.ARM.Collect$$rtentry$$0000000A)
    .ARM.Collect$$rtentry$$0000000C          0x0800030e   Section        0  __rtentry2.o(.ARM.Collect$$rtentry$$0000000C)
    .ARM.Collect$$rtentry$$0000000D          0x0800030e   Section        8  __rtentry2.o(.ARM.Collect$$rtentry$$0000000D)
    .ARM.Collect$$rtexit$$00000000           0x08000316   Section        2  rtexit.o(.ARM.Collect$$rtexit$$00000000)
    .ARM.Collect$$rtexit$$00000002           0x08000318   Section        0  rtexit2.o(.ARM.Collect$$rtexit$$00000002)
    .ARM.Collect$$rtexit$$00000003           0x08000318   Section        4  rtexit2.o(.ARM.Collect$$rtexit$$00000003)
    .ARM.Collect$$rtexit$$00000004           0x0800031c   Section        6  rtexit2.o(.ARM.Collect$$rtexit$$00000004)
    $v0                                      0x08000324   Number         0  startup_stm32h503xx.o(.text)
    .text                                    0x08000324   Section       68  startup_stm32h503xx.o(.text)
    .text                                    0x08000368   Section        0  assert.o(.text)
    .text                                    0x080003e8   Section       78  rt_memclr_w.o(.text)
    .text                                    0x08000436   Section        0  heapauxi.o(.text)
    .text                                    0x0800043c   Section        0  abort.o(.text)
    .text                                    0x08000452   Section        0  assert_puts.o(.text)
    .text                                    0x08000466   Section        0  sys_wrch.o(.text)
    .text                                    0x08000474   Section        0  sys_exit.o(.text)
    .text                                    0x08000480   Section        0  defsig_abrt_outer.o(.text)
    .text                                    0x0800048e   Section        2  use_no_semi.o(.text)
    .text                                    0x08000490   Section        0  indicate_semi.o(.text)
    .text                                    0x08000490   Section       74  sys_stackheap_outer.o(.text)
    .text                                    0x080004da   Section        0  exit.o(.text)
    .text                                    0x080004ec   Section        0  defsig_exit.o(.text)
    .text                                    0x080004f8   Section        0  defsig_abrt_inner.o(.text)
    .text                                    0x08000528   Section        8  libspace.o(.text)
    .text                                    0x08000530   Section        0  defsig_general.o(.text)
    [Anonymous Symbol]                       0x08000564   Section        0  app.o(.text.Application_Init)
    [Anonymous Symbol]                       0x080005b0   Section        0  app.o(.text.Application_MainFunction)
    [Anonymous Symbol]                       0x080005bc   Section        0  bsw.o(.text.Bsw_Init)
    [Anonymous Symbol]                       0x080005c0   Section        0  mcal.o(.text.BusFault_Handler)
    [Anonymous Symbol]                       0x080005c4   Section        0  mcal.o(.text.DebugMon_Handler)
    [Anonymous Symbol]                       0x080005c8   Section        0  mcal.o(.text.Error_Handler)
    GPIO_Init                                0x080005d1   Thumb Code   210  mcal.o(.text.GPIO_Init)
    [Anonymous Symbol]                       0x080005d0   Section        0  mcal.o(.text.GPIO_Init)
    [Anonymous Symbol]                       0x080006a4   Section        0  stm32h5xx_hal.o(.text.HAL_Delay)
    [Anonymous Symbol]                       0x080006e8   Section        0  stm32h5xx_hal_gpio.o(.text.HAL_GPIO_Init)
    [Anonymous Symbol]                       0x080009d4   Section        0  stm32h5xx_hal_gpio.o(.text.HAL_GPIO_ReadPin)
    [Anonymous Symbol]                       0x08000a04   Section        0  stm32h5xx_hal_gpio.o(.text.HAL_GPIO_WritePin)
    [Anonymous Symbol]                       0x08000a30   Section        0  stm32h5xx_hal.o(.text.HAL_GetTick)
    [Anonymous Symbol]                       0x08000a3c   Section        0  stm32h5xx_hal_icache.o(.text.HAL_ICACHE_ConfigAssociativityMode)
    [Anonymous Symbol]                       0x08000a7c   Section        0  stm32h5xx_hal_icache.o(.text.HAL_ICACHE_Enable)
    [Anonymous Symbol]                       0x08000a90   Section        0  stm32h5xx_hal.o(.text.HAL_IncTick)
    [Anonymous Symbol]                       0x08000aac   Section        0  stm32h5xx_hal.o(.text.HAL_Init)
    [Anonymous Symbol]                       0x08000b0c   Section        0  stm32h5xx_hal.o(.text.HAL_InitTick)
    [Anonymous Symbol]                       0x08000c20   Section        0  mcal.o(.text.HAL_MspInit)
    [Anonymous Symbol]                       0x08000c24   Section        0  stm32h5xx_hal_cortex.o(.text.HAL_NVIC_SetPriority)
    [Anonymous Symbol]                       0x08000c54   Section        0  stm32h5xx_hal_cortex.o(.text.HAL_NVIC_SetPriorityGrouping)
    [Anonymous Symbol]                       0x08000c64   Section        0  stm32h5xx_hal_rcc.o(.text.HAL_RCC_ClockConfig)
    [Anonymous Symbol]                       0x080010f8   Section        0  stm32h5xx_hal_rcc.o(.text.HAL_RCC_GetHCLKFreq)
    [Anonymous Symbol]                       0x0800112c   Section        0  stm32h5xx_hal_rcc.o(.text.HAL_RCC_GetSysClockFreq)
    [Anonymous Symbol]                       0x080013f8   Section        0  stm32h5xx_hal_rcc.o(.text.HAL_RCC_OscConfig)
    [Anonymous Symbol]                       0x08001df4   Section        0  stm32h5xx_hal_cortex.o(.text.HAL_SYSTICK_CLKSourceConfig)
    [Anonymous Symbol]                       0x08001e90   Section        0  stm32h5xx_hal_cortex.o(.text.HAL_SYSTICK_Config)
    [Anonymous Symbol]                       0x08001edc   Section        0  stm32h5xx_hal_cortex.o(.text.HAL_SYSTICK_GetCLKSourceConfig)
    [Anonymous Symbol]                       0x08001f40   Section        0  stm32h5xx_hal_tim_ex.o(.text.HAL_TIMEx_ConfigBreakDeadTime)
    [Anonymous Symbol]                       0x08002060   Section        0  stm32h5xx_hal_tim_ex.o(.text.HAL_TIMEx_MasterConfigSynchronization)
    [Anonymous Symbol]                       0x08002158   Section        0  stm32h5xx_hal_tim.o(.text.HAL_TIM_Base_Init)
    [Anonymous Symbol]                       0x08002200   Section        0  mcal.o(.text.HAL_TIM_Base_MspInit)
    [Anonymous Symbol]                       0x0800223c   Section        0  stm32h5xx_hal_tim.o(.text.HAL_TIM_ConfigClockSource)
    [Anonymous Symbol]                       0x08002444   Section        0  mcal.o(.text.HAL_TIM_MspPostInit)
    [Anonymous Symbol]                       0x080024ac   Section        0  stm32h5xx_hal_tim.o(.text.HAL_TIM_PWM_ConfigChannel)
    [Anonymous Symbol]                       0x0800265c   Section        0  stm32h5xx_hal_tim.o(.text.HAL_TIM_PWM_Init)
    [Anonymous Symbol]                       0x08002704   Section        0  stm32h5xx_hal_tim.o(.text.HAL_TIM_PWM_MspInit)
    [Anonymous Symbol]                       0x0800270c   Section        0  stm32h5xx_hal_tim.o(.text.HAL_TIM_PWM_Start)
    [Anonymous Symbol]                       0x080028cc   Section        0  stm32h5xx_hal_tim.o(.text.HAL_TIM_PWM_Stop)
    [Anonymous Symbol]                       0x080029e4   Section        0  mcal.o(.text.HardFault_Handler)
    ICACHE_Init                              0x080029e9   Thumb Code    34  mcal.o(.text.ICACHE_Init)
    [Anonymous Symbol]                       0x080029e8   Section        0  mcal.o(.text.ICACHE_Init)
    [Anonymous Symbol]                       0x08002a0c   Section        0  mcal.o(.text.Mcal_Init)
    [Anonymous Symbol]                       0x08002a28   Section        0  mcal_tim.o(.text.Mcal_TIM_Init)
    [Anonymous Symbol]                       0x08002a2c   Section        0  mcal_tim.o(.text.Mcal_Tim_PWM_Config_pulseWidth)
    [Anonymous Symbol]                       0x08002a68   Section        0  mcal_tim.o(.text.Mcal_Tim_PWM_Enable)
    [Anonymous Symbol]                       0x08002aac   Section        0  mcal_tim.o(.text.Mcal_Tim_PWM_Reconfig)
    [Anonymous Symbol]                       0x08002b04   Section        0  mcal.o(.text.MemManage_Handler)
    [Anonymous Symbol]                       0x08002b08   Section        0  mcal.o(.text.NMI_Handler)
    NVIC_EncodePriority                      0x08002b0d   Thumb Code   108  stm32h5xx_hal_cortex.o(.text.NVIC_EncodePriority)
    [Anonymous Symbol]                       0x08002b0c   Section        0  stm32h5xx_hal_cortex.o(.text.NVIC_EncodePriority)
    [Anonymous Symbol]                       0x08002b78   Section        0  mcal.o(.text.PendSV_Handler)
    [Anonymous Symbol]                       0x08002b7c   Section        0  mcal.o(.text.SVC_Handler)
    [Anonymous Symbol]                       0x08002b80   Section        0  mcal.o(.text.SysTick_Handler)
    [Anonymous Symbol]                       0x08002b88   Section        0  mcal.o(.text.SystemClock_Config)
    [Anonymous Symbol]                       0x08002c50   Section        0  system_stm32h5xx.o(.text.SystemInit)
    TIM1_Init                                0x08002d69   Thumb Code   332  mcal.o(.text.TIM1_Init)
    [Anonymous Symbol]                       0x08002d68   Section        0  mcal.o(.text.TIM1_Init)
    [Anonymous Symbol]                       0x08002eb4   Section        0  stm32h5xx_hal_tim.o(.text.TIM_Base_SetConfig)
    [Anonymous Symbol]                       0x08002f9c   Section        0  stm32h5xx_hal_tim.o(.text.TIM_CCxChannelCmd)
    [Anonymous Symbol]                       0x08002fd4   Section        0  stm32h5xx_hal_tim.o(.text.TIM_ETR_SetConfig)
    TIM_ITRx_SetConfig                       0x08003009   Thumb Code    48  stm32h5xx_hal_tim.o(.text.TIM_ITRx_SetConfig)
    [Anonymous Symbol]                       0x08003008   Section        0  stm32h5xx_hal_tim.o(.text.TIM_ITRx_SetConfig)
    TIM_OC1_SetConfig                        0x08003039   Thumb Code   212  stm32h5xx_hal_tim.o(.text.TIM_OC1_SetConfig)
    [Anonymous Symbol]                       0x08003038   Section        0  stm32h5xx_hal_tim.o(.text.TIM_OC1_SetConfig)
    [Anonymous Symbol]                       0x0800310c   Section        0  stm32h5xx_hal_tim.o(.text.TIM_OC2_SetConfig)
    TIM_OC3_SetConfig                        0x080031ed   Thumb Code   220  stm32h5xx_hal_tim.o(.text.TIM_OC3_SetConfig)
    [Anonymous Symbol]                       0x080031ec   Section        0  stm32h5xx_hal_tim.o(.text.TIM_OC3_SetConfig)
    TIM_OC4_SetConfig                        0x080032c9   Thumb Code   222  stm32h5xx_hal_tim.o(.text.TIM_OC4_SetConfig)
    [Anonymous Symbol]                       0x080032c8   Section        0  stm32h5xx_hal_tim.o(.text.TIM_OC4_SetConfig)
    TIM_OC5_SetConfig                        0x080033a9   Thumb Code   146  stm32h5xx_hal_tim.o(.text.TIM_OC5_SetConfig)
    [Anonymous Symbol]                       0x080033a8   Section        0  stm32h5xx_hal_tim.o(.text.TIM_OC5_SetConfig)
    TIM_OC6_SetConfig                        0x0800343d   Thumb Code   148  stm32h5xx_hal_tim.o(.text.TIM_OC6_SetConfig)
    [Anonymous Symbol]                       0x0800343c   Section        0  stm32h5xx_hal_tim.o(.text.TIM_OC6_SetConfig)
    TIM_TI1_ConfigInputStage                 0x080034d1   Thumb Code    80  stm32h5xx_hal_tim.o(.text.TIM_TI1_ConfigInputStage)
    [Anonymous Symbol]                       0x080034d0   Section        0  stm32h5xx_hal_tim.o(.text.TIM_TI1_ConfigInputStage)
    TIM_TI2_ConfigInputStage                 0x08003521   Thumb Code    82  stm32h5xx_hal_tim.o(.text.TIM_TI2_ConfigInputStage)
    [Anonymous Symbol]                       0x08003520   Section        0  stm32h5xx_hal_tim.o(.text.TIM_TI2_ConfigInputStage)
    [Anonymous Symbol]                       0x08003574   Section        0  mcal.o(.text.UsageFault_Handler)
    __NVIC_GetPriorityGrouping               0x08003579   Thumb Code    16  stm32h5xx_hal_cortex.o(.text.__NVIC_GetPriorityGrouping)
    [Anonymous Symbol]                       0x08003578   Section        0  stm32h5xx_hal_cortex.o(.text.__NVIC_GetPriorityGrouping)
    __NVIC_SetPriority                       0x08003589   Thumb Code    66  stm32h5xx_hal_cortex.o(.text.__NVIC_SetPriority)
    [Anonymous Symbol]                       0x08003588   Section        0  stm32h5xx_hal_cortex.o(.text.__NVIC_SetPriority)
    __NVIC_SetPriorityGrouping               0x080035cd   Thumb Code    60  stm32h5xx_hal_cortex.o(.text.__NVIC_SetPriorityGrouping)
    [Anonymous Symbol]                       0x080035cc   Section        0  stm32h5xx_hal_cortex.o(.text.__NVIC_SetPriorityGrouping)
    __PWM                                    0x08003609   Thumb Code    96  app.o(.text.__PWM)
    [Anonymous Symbol]                       0x08003608   Section        0  app.o(.text.__PWM)
    __blinking                               0x08003669   Thumb Code   152  app.o(.text.__blinking)
    [Anonymous Symbol]                       0x08003668   Section        0  app.o(.text.__blinking)
    __setCycleTime_ns                        0x08003701   Thumb Code    78  mcal_tim.o(.text.__setCycleTime_ns)
    [Anonymous Symbol]                       0x08003700   Section        0  mcal_tim.o(.text.__setCycleTime_ns)
    __setPulseWidth                          0x08003751   Thumb Code   282  mcal_tim.o(.text.__setPulseWidth)
    [Anonymous Symbol]                       0x08003750   Section        0  mcal_tim.o(.text.__setPulseWidth)
    [Anonymous Symbol]                       0x0800386c   Section        0  main.o(.text.main)
    $v0                                      0x0800388e   Number         0  fpinit.o(x$fpl$fpinit)
    x$fpl$fpinit                             0x0800388e   Section       26  fpinit.o(x$fpl$fpinit)
    .L.str                                   0x080038c8   Data          32  mcal_tim.o(.rodata.str1.1)
    [Anonymous Symbol]                       0x080038c8   Section        0  mcal_tim.o(.rodata.str1.1)
    .L.str.1                                 0x080038e8   Data          39  mcal_tim.o(.rodata.str1.1)
    .bss                                     0x20000010   Section       96  libspace.o(.bss)
    Heap_Mem                                 0x200000c8   Data         512  startup_stm32h503xx.o(HEAP)
    HEAP                                     0x200000c8   Section      512  startup_stm32h503xx.o(HEAP)
    Stack_Mem                                0x200002c8   Data        1024  startup_stm32h503xx.o(STACK)
    STACK                                    0x200002c8   Section     1024  startup_stm32h503xx.o(STACK)
    __initial_sp                             0x200006c8   Data           0  startup_stm32h503xx.o(STACK)

    Global Symbols

    Symbol Name                              Value     Ov Type        Size  Object(Section)

    BuildAttributes$$THM_ISAv4$E$P$D$K$B$S$7EM$8M$VFPi5$EXTD16$VFPS$VFMA$PE$A:L22UL41UL21$X:L11$S22US41US21$IEEE1$IW$~IW$USESV6$~STKCKD$USESV7$~SHL$OSPACE$ROPI$EBA8$UX$STANDARDLIB$REQ8$PRES8$EABIv2 0x00000000   Number         0  anon$$obj.o ABSOLUTE
    __ARM_exceptions_init                     - Undefined Weak Reference
    __alloca_initialize                       - Undefined Weak Reference
    __arm_preinit_                            - Undefined Weak Reference
    __arm_relocate_pie_                       - Undefined Weak Reference
    __cpp_initialize__aeabi_                  - Undefined Weak Reference
    __cxa_finalize                            - Undefined Weak Reference
    __rt_locale                               - Undefined Weak Reference
    __sigvec_lookup                           - Undefined Weak Reference
    _atexit_init                              - Undefined Weak Reference
    _call_atexit_fns                          - Undefined Weak Reference
    _clock_init                               - Undefined Weak Reference
    _fp_trap_init                             - Undefined Weak Reference
    _fp_trap_shutdown                         - Undefined Weak Reference
    _get_lc_collate                           - Undefined Weak Reference
    _get_lc_ctype                             - Undefined Weak Reference
    _get_lc_monetary                          - Undefined Weak Reference
    _get_lc_numeric                           - Undefined Weak Reference
    _get_lc_time                              - Undefined Weak Reference
    _getenv_init                              - Undefined Weak Reference
    _handle_redirection                       - Undefined Weak Reference
    _init_alloc                               - Undefined Weak Reference
    _init_user_alloc                          - Undefined Weak Reference
    _initio                                   - Undefined Weak Reference
    _rand_init                                - Undefined Weak Reference
    _signal_finish                            - Undefined Weak Reference
    _signal_init                              - Undefined Weak Reference
    _terminate_alloc                          - Undefined Weak Reference
    _terminate_user_alloc                     - Undefined Weak Reference
    _terminateio                              - Undefined Weak Reference
    __Vectors_Size                           0x00000258   Number         0  startup_stm32h503xx.o ABSOLUTE
    __Vectors                                0x08000000   Data           4  startup_stm32h503xx.o(RESET)
    __Vectors_End                            0x08000258   Data           0  startup_stm32h503xx.o(RESET)
    __main                                   0x08000259   Thumb Code     8  __main.o(!!!main)
    __scatterload                            0x08000261   Thumb Code     0  __scatter.o(!!!scatter)
    __scatterload_rt2                        0x08000261   Thumb Code    84  __scatter.o(!!!scatter)
    __scatterload_rt2_thumb_only             0x08000261   Thumb Code     0  __scatter.o(!!!scatter)
    __scatterload_loop                       0x0800026b   Thumb Code     0  __scatter.o(!!!scatter)
    __scatterload_copy                       0x080002bd   Thumb Code    26  __scatter_copy.o(!!handler_copy)
    __scatterload_null                       0x080002d9   Thumb Code     2  __scatter.o(!!handler_null)
    __scatterload_zeroinit                   0x080002dd   Thumb Code    28  __scatter_zi.o(!!handler_zi)
    __rt_lib_init                            0x080002f9   Thumb Code     0  libinit.o(.ARM.Collect$$libinit$$00000000)
    __rt_lib_init_fp_1                       0x080002fb   Thumb Code     0  libinit2.o(.ARM.Collect$$libinit$$00000001)
    __rt_lib_init_alloca_1                   0x080002ff   Thumb Code     0  libinit2.o(.ARM.Collect$$libinit$$00000030)
    __rt_lib_init_argv_1                     0x080002ff   Thumb Code     0  libinit2.o(.ARM.Collect$$libinit$$0000002E)
    __rt_lib_init_atexit_1                   0x080002ff   Thumb Code     0  libinit2.o(.ARM.Collect$$libinit$$0000001D)
    __rt_lib_init_clock_1                    0x080002ff   Thumb Code     0  libinit2.o(.ARM.Collect$$libinit$$00000023)
    __rt_lib_init_cpp_1                      0x080002ff   Thumb Code     0  libinit2.o(.ARM.Collect$$libinit$$00000034)
    __rt_lib_init_exceptions_1               0x080002ff   Thumb Code     0  libinit2.o(.ARM.Collect$$libinit$$00000032)
    __rt_lib_init_fp_trap_1                  0x080002ff   Thumb Code     0  libinit2.o(.ARM.Collect$$libinit$$00000021)
    __rt_lib_init_getenv_1                   0x080002ff   Thumb Code     0  libinit2.o(.ARM.Collect$$libinit$$00000025)
    __rt_lib_init_heap_1                     0x080002ff   Thumb Code     0  libinit2.o(.ARM.Collect$$libinit$$0000000C)
    __rt_lib_init_lc_collate_1               0x080002ff   Thumb Code     0  libinit2.o(.ARM.Collect$$libinit$$00000013)
    __rt_lib_init_lc_ctype_1                 0x080002ff   Thumb Code     0  libinit2.o(.ARM.Collect$$libinit$$00000015)
    __rt_lib_init_lc_monetary_1              0x080002ff   Thumb Code     0  libinit2.o(.ARM.Collect$$libinit$$00000017)
    __rt_lib_init_lc_numeric_1               0x080002ff   Thumb Code     0  libinit2.o(.ARM.Collect$$libinit$$00000019)
    __rt_lib_init_lc_time_1                  0x080002ff   Thumb Code     0  libinit2.o(.ARM.Collect$$libinit$$0000001B)
    __rt_lib_init_preinit_1                  0x080002ff   Thumb Code     0  libinit2.o(.ARM.Collect$$libinit$$00000006)
    __rt_lib_init_rand_1                     0x080002ff   Thumb Code     0  libinit2.o(.ARM.Collect$$libinit$$00000010)
    __rt_lib_init_relocate_pie_1             0x080002ff   Thumb Code     0  libinit2.o(.ARM.Collect$$libinit$$00000004)
    __rt_lib_init_return                     0x080002ff   Thumb Code     0  libinit2.o(.ARM.Collect$$libinit$$00000035)
    __rt_lib_init_signal_1                   0x080002ff   Thumb Code     0  libinit2.o(.ARM.Collect$$libinit$$0000001F)
    __rt_lib_init_stdio_1                    0x080002ff   Thumb Code     0  libinit2.o(.ARM.Collect$$libinit$$00000027)
    __rt_lib_init_user_alloc_1               0x080002ff   Thumb Code     0  libinit2.o(.ARM.Collect$$libinit$$0000000E)
    __rt_lib_shutdown                        0x08000301   Thumb Code     0  libshutdown.o(.ARM.Collect$$libshutdown$$00000000)
    __rt_lib_shutdown_cpp_1                  0x08000303   Thumb Code     0  libshutdown2.o(.ARM.Collect$$libshutdown$$00000002)
    __rt_lib_shutdown_fp_trap_1              0x08000303   Thumb Code     0  libshutdown2.o(.ARM.Collect$$libshutdown$$00000007)
    __rt_lib_shutdown_heap_1                 0x08000303   Thumb Code     0  libshutdown2.o(.ARM.Collect$$libshutdown$$0000000F)
    __rt_lib_shutdown_return                 0x08000303   Thumb Code     0  libshutdown2.o(.ARM.Collect$$libshutdown$$00000010)
    __rt_lib_shutdown_signal_1               0x08000303   Thumb Code     0  libshutdown2.o(.ARM.Collect$$libshutdown$$0000000A)
    __rt_lib_shutdown_stdio_1                0x08000303   Thumb Code     0  libshutdown2.o(.ARM.Collect$$libshutdown$$00000004)
    __rt_lib_shutdown_user_alloc_1           0x08000303   Thumb Code     0  libshutdown2.o(.ARM.Collect$$libshutdown$$0000000C)
    __rt_entry                               0x08000305   Thumb Code     0  __rtentry.o(.ARM.Collect$$rtentry$$00000000)
    __rt_entry_presh_1                       0x08000305   Thumb Code     0  __rtentry2.o(.ARM.Collect$$rtentry$$00000002)
    __rt_entry_sh                            0x08000305   Thumb Code     0  __rtentry4.o(.ARM.Collect$$rtentry$$00000004)
    __rt_entry_li                            0x0800030b   Thumb Code     0  __rtentry2.o(.ARM.Collect$$rtentry$$0000000A)
    __rt_entry_postsh_1                      0x0800030b   Thumb Code     0  __rtentry2.o(.ARM.Collect$$rtentry$$00000009)
    __rt_entry_main                          0x0800030f   Thumb Code     0  __rtentry2.o(.ARM.Collect$$rtentry$$0000000D)
    __rt_entry_postli_1                      0x0800030f   Thumb Code     0  __rtentry2.o(.ARM.Collect$$rtentry$$0000000C)
    __rt_exit                                0x08000317   Thumb Code     0  rtexit.o(.ARM.Collect$$rtexit$$00000000)
    __rt_exit_ls                             0x08000319   Thumb Code     0  rtexit2.o(.ARM.Collect$$rtexit$$00000003)
    __rt_exit_prels_1                        0x08000319   Thumb Code     0  rtexit2.o(.ARM.Collect$$rtexit$$00000002)
    __rt_exit_exit                           0x0800031d   Thumb Code     0  rtexit2.o(.ARM.Collect$$rtexit$$00000004)
    Reset_Handler                            0x08000325   Thumb Code     8  startup_stm32h503xx.o(.text)
    SecureFault_Handler                      0x08000337   Thumb Code     2  startup_stm32h503xx.o(.text)
    ADC1_IRQHandler                          0x08000341   Thumb Code     0  startup_stm32h503xx.o(.text)
    COMP1_IRQHandler                         0x08000341   Thumb Code     0  startup_stm32h503xx.o(.text)
    CRS_IRQHandler                           0x08000341   Thumb Code     0  startup_stm32h503xx.o(.text)
    DAC1_IRQHandler                          0x08000341   Thumb Code     0  startup_stm32h503xx.o(.text)
    DTS_IRQHandler                           0x08000341   Thumb Code     0  startup_stm32h503xx.o(.text)
    EXTI0_IRQHandler                         0x08000341   Thumb Code     0  startup_stm32h503xx.o(.text)
    EXTI10_IRQHandler                        0x08000341   Thumb Code     0  startup_stm32h503xx.o(.text)
    EXTI11_IRQHandler                        0x08000341   Thumb Code     0  startup_stm32h503xx.o(.text)
    EXTI12_IRQHandler                        0x08000341   Thumb Code     0  startup_stm32h503xx.o(.text)
    EXTI13_IRQHandler                        0x08000341   Thumb Code     0  startup_stm32h503xx.o(.text)
    EXTI14_IRQHandler                        0x08000341   Thumb Code     0  startup_stm32h503xx.o(.text)
    EXTI15_IRQHandler                        0x08000341   Thumb Code     0  startup_stm32h503xx.o(.text)
    EXTI1_IRQHandler                         0x08000341   Thumb Code     0  startup_stm32h503xx.o(.text)
    EXTI2_IRQHandler                         0x08000341   Thumb Code     0  startup_stm32h503xx.o(.text)
    EXTI3_IRQHandler                         0x08000341   Thumb Code     0  startup_stm32h503xx.o(.text)
    EXTI4_IRQHandler                         0x08000341   Thumb Code     0  startup_stm32h503xx.o(.text)
    EXTI5_IRQHandler                         0x08000341   Thumb Code     0  startup_stm32h503xx.o(.text)
    EXTI6_IRQHandler                         0x08000341   Thumb Code     0  startup_stm32h503xx.o(.text)
    EXTI7_IRQHandler                         0x08000341   Thumb Code     0  startup_stm32h503xx.o(.text)
    EXTI8_IRQHandler                         0x08000341   Thumb Code     0  startup_stm32h503xx.o(.text)
    EXTI9_IRQHandler                         0x08000341   Thumb Code     0  startup_stm32h503xx.o(.text)
    FDCAN1_IT0_IRQHandler                    0x08000341   Thumb Code     0  startup_stm32h503xx.o(.text)
    FDCAN1_IT1_IRQHandler                    0x08000341   Thumb Code     0  startup_stm32h503xx.o(.text)
    FLASH_IRQHandler                         0x08000341   Thumb Code     0  startup_stm32h503xx.o(.text)
    FPU_IRQHandler                           0x08000341   Thumb Code     0  startup_stm32h503xx.o(.text)
    GPDMA1_Channel0_IRQHandler               0x08000341   Thumb Code     0  startup_stm32h503xx.o(.text)
    GPDMA1_Channel1_IRQHandler               0x08000341   Thumb Code     0  startup_stm32h503xx.o(.text)
    GPDMA1_Channel2_IRQHandler               0x08000341   Thumb Code     0  startup_stm32h503xx.o(.text)
    GPDMA1_Channel3_IRQHandler               0x08000341   Thumb Code     0  startup_stm32h503xx.o(.text)
    GPDMA1_Channel4_IRQHandler               0x08000341   Thumb Code     0  startup_stm32h503xx.o(.text)
    GPDMA1_Channel5_IRQHandler               0x08000341   Thumb Code     0  startup_stm32h503xx.o(.text)
    GPDMA1_Channel6_IRQHandler               0x08000341   Thumb Code     0  startup_stm32h503xx.o(.text)
    GPDMA1_Channel7_IRQHandler               0x08000341   Thumb Code     0  startup_stm32h503xx.o(.text)
    GPDMA2_Channel0_IRQHandler               0x08000341   Thumb Code     0  startup_stm32h503xx.o(.text)
    GPDMA2_Channel1_IRQHandler               0x08000341   Thumb Code     0  startup_stm32h503xx.o(.text)
    GPDMA2_Channel2_IRQHandler               0x08000341   Thumb Code     0  startup_stm32h503xx.o(.text)
    GPDMA2_Channel3_IRQHandler               0x08000341   Thumb Code     0  startup_stm32h503xx.o(.text)
    GPDMA2_Channel4_IRQHandler               0x08000341   Thumb Code     0  startup_stm32h503xx.o(.text)
    GPDMA2_Channel5_IRQHandler               0x08000341   Thumb Code     0  startup_stm32h503xx.o(.text)
    GPDMA2_Channel6_IRQHandler               0x08000341   Thumb Code     0  startup_stm32h503xx.o(.text)
    GPDMA2_Channel7_IRQHandler               0x08000341   Thumb Code     0  startup_stm32h503xx.o(.text)
    GTZC_IRQHandler                          0x08000341   Thumb Code     0  startup_stm32h503xx.o(.text)
    HASH_IRQHandler                          0x08000341   Thumb Code     0  startup_stm32h503xx.o(.text)
    I2C1_ER_IRQHandler                       0x08000341   Thumb Code     0  startup_stm32h503xx.o(.text)
    I2C1_EV_IRQHandler                       0x08000341   Thumb Code     0  startup_stm32h503xx.o(.text)
    I2C2_ER_IRQHandler                       0x08000341   Thumb Code     0  startup_stm32h503xx.o(.text)
    I2C2_EV_IRQHandler                       0x08000341   Thumb Code     0  startup_stm32h503xx.o(.text)
    I3C1_ER_IRQHandler                       0x08000341   Thumb Code     0  startup_stm32h503xx.o(.text)
    I3C1_EV_IRQHandler                       0x08000341   Thumb Code     0  startup_stm32h503xx.o(.text)
    I3C2_ER_IRQHandler                       0x08000341   Thumb Code     0  startup_stm32h503xx.o(.text)
    I3C2_EV_IRQHandler                       0x08000341   Thumb Code     0  startup_stm32h503xx.o(.text)
    ICACHE_IRQHandler                        0x08000341   Thumb Code     0  startup_stm32h503xx.o(.text)
    IWDG_IRQHandler                          0x08000341   Thumb Code     0  startup_stm32h503xx.o(.text)
    LPTIM1_IRQHandler                        0x08000341   Thumb Code     0  startup_stm32h503xx.o(.text)
    LPTIM2_IRQHandler                        0x08000341   Thumb Code     0  startup_stm32h503xx.o(.text)
    LPUART1_IRQHandler                       0x08000341   Thumb Code     0  startup_stm32h503xx.o(.text)
    PVD_AVD_IRQHandler                       0x08000341   Thumb Code     0  startup_stm32h503xx.o(.text)
    RAMCFG_IRQHandler                        0x08000341   Thumb Code     0  startup_stm32h503xx.o(.text)
    RCC_IRQHandler                           0x08000341   Thumb Code     0  startup_stm32h503xx.o(.text)
    RNG_IRQHandler                           0x08000341   Thumb Code     0  startup_stm32h503xx.o(.text)
    RTC_IRQHandler                           0x08000341   Thumb Code     0  startup_stm32h503xx.o(.text)
    SPI1_IRQHandler                          0x08000341   Thumb Code     0  startup_stm32h503xx.o(.text)
    SPI2_IRQHandler                          0x08000341   Thumb Code     0  startup_stm32h503xx.o(.text)
    SPI3_IRQHandler                          0x08000341   Thumb Code     0  startup_stm32h503xx.o(.text)
    TAMP_IRQHandler                          0x08000341   Thumb Code     0  startup_stm32h503xx.o(.text)
    TIM1_BRK_IRQHandler                      0x08000341   Thumb Code     0  startup_stm32h503xx.o(.text)
    TIM1_CC_IRQHandler                       0x08000341   Thumb Code     0  startup_stm32h503xx.o(.text)
    TIM1_TRG_COM_IRQHandler                  0x08000341   Thumb Code     0  startup_stm32h503xx.o(.text)
    TIM1_UP_IRQHandler                       0x08000341   Thumb Code     0  startup_stm32h503xx.o(.text)
    TIM2_IRQHandler                          0x08000341   Thumb Code     0  startup_stm32h503xx.o(.text)
    TIM3_IRQHandler                          0x08000341   Thumb Code     0  startup_stm32h503xx.o(.text)
    TIM6_IRQHandler                          0x08000341   Thumb Code     0  startup_stm32h503xx.o(.text)
    TIM7_IRQHandler                          0x08000341   Thumb Code     0  startup_stm32h503xx.o(.text)
    USART1_IRQHandler                        0x08000341   Thumb Code     0  startup_stm32h503xx.o(.text)
    USART2_IRQHandler                        0x08000341   Thumb Code     0  startup_stm32h503xx.o(.text)
    USART3_IRQHandler                        0x08000341   Thumb Code     0  startup_stm32h503xx.o(.text)
    USB_DRD_FS_IRQHandler                    0x08000341   Thumb Code     0  startup_stm32h503xx.o(.text)
    WWDG_IRQHandler                          0x08000341   Thumb Code     0  startup_stm32h503xx.o(.text)
    __user_initial_stackheap                 0x08000345   Thumb Code    10  startup_stm32h503xx.o(.text)
    __aeabi_assert                           0x08000369   Thumb Code    86  assert.o(.text)
    __assert                                 0x08000369   Thumb Code     0  assert.o(.text)
    __aeabi_memclr4                          0x080003e9   Thumb Code     0  rt_memclr_w.o(.text)
    __aeabi_memclr8                          0x080003e9   Thumb Code     0  rt_memclr_w.o(.text)
    __rt_memclr_w                            0x080003e9   Thumb Code     0  rt_memclr_w.o(.text)
    _memset_w                                0x080003ed   Thumb Code    74  rt_memclr_w.o(.text)
    __use_two_region_memory                  0x08000437   Thumb Code     2  heapauxi.o(.text)
    __rt_heap_escrow$2region                 0x08000439   Thumb Code     2  heapauxi.o(.text)
    __rt_heap_expand$2region                 0x0800043b   Thumb Code     2  heapauxi.o(.text)
    abort                                    0x0800043d   Thumb Code    22  abort.o(.text)
    __assert_puts                            0x08000453   Thumb Code    20  assert_puts.o(.text)
    _ttywrch                                 0x08000467   Thumb Code    14  sys_wrch.o(.text)
    _sys_exit                                0x08000475   Thumb Code     8  sys_exit.o(.text)
    __rt_SIGABRT                             0x08000481   Thumb Code    14  defsig_abrt_outer.o(.text)
    __I$use$semihosting                      0x0800048f   Thumb Code     0  use_no_semi.o(.text)
    __use_no_semihosting_swi                 0x0800048f   Thumb Code     2  use_no_semi.o(.text)
    __semihosting_library_function           0x08000491   Thumb Code     0  indicate_semi.o(.text)
    __user_setup_stackheap                   0x08000491   Thumb Code    74  sys_stackheap_outer.o(.text)
    exit                                     0x080004db   Thumb Code    18  exit.o(.text)
    __sig_exit                               0x080004ed   Thumb Code    10  defsig_exit.o(.text)
    __rt_SIGABRT_inner                       0x080004f9   Thumb Code    14  defsig_abrt_inner.o(.text)
    __user_libspace                          0x08000529   Thumb Code     8  libspace.o(.text)
    __user_perproc_libspace                  0x08000529   Thumb Code     0  libspace.o(.text)
    __user_perthread_libspace                0x08000529   Thumb Code     0  libspace.o(.text)
    __default_signal_display                 0x08000531   Thumb Code    50  defsig_general.o(.text)
    Application_Init                         0x08000565   Thumb Code    74  app.o(.text.Application_Init)
    Application_MainFunction                 0x080005b1   Thumb Code    12  app.o(.text.Application_MainFunction)
    Bsw_Init                                 0x080005bd   Thumb Code     2  bsw.o(.text.Bsw_Init)
    BusFault_Handler                         0x080005c1   Thumb Code     4  mcal.o(.text.BusFault_Handler)
    DebugMon_Handler                         0x080005c5   Thumb Code     2  mcal.o(.text.DebugMon_Handler)
    Error_Handler                            0x080005c9   Thumb Code     6  mcal.o(.text.Error_Handler)
    HAL_Delay                                0x080006a5   Thumb Code    66  stm32h5xx_hal.o(.text.HAL_Delay)
    HAL_GPIO_Init                            0x080006e9   Thumb Code   746  stm32h5xx_hal_gpio.o(.text.HAL_GPIO_Init)
    HAL_GPIO_ReadPin                         0x080009d5   Thumb Code    46  stm32h5xx_hal_gpio.o(.text.HAL_GPIO_ReadPin)
    HAL_GPIO_WritePin                        0x08000a05   Thumb Code    44  stm32h5xx_hal_gpio.o(.text.HAL_GPIO_WritePin)
    HAL_GetTick                              0x08000a31   Thumb Code    12  stm32h5xx_hal.o(.text.HAL_GetTick)
    HAL_ICACHE_ConfigAssociativityMode       0x08000a3d   Thumb Code    64  stm32h5xx_hal_icache.o(.text.HAL_ICACHE_ConfigAssociativityMode)
    HAL_ICACHE_Enable                        0x08000a7d   Thumb Code    20  stm32h5xx_hal_icache.o(.text.HAL_ICACHE_Enable)
    HAL_IncTick                              0x08000a91   Thumb Code    26  stm32h5xx_hal.o(.text.HAL_IncTick)
    HAL_Init                                 0x08000aad   Thumb Code    94  stm32h5xx_hal.o(.text.HAL_Init)
    HAL_InitTick                             0x08000b0d   Thumb Code   276  stm32h5xx_hal.o(.text.HAL_InitTick)
    HAL_MspInit                              0x08000c21   Thumb Code     2  mcal.o(.text.HAL_MspInit)
    HAL_NVIC_SetPriority                     0x08000c25   Thumb Code    46  stm32h5xx_hal_cortex.o(.text.HAL_NVIC_SetPriority)
    HAL_NVIC_SetPriorityGrouping             0x08000c55   Thumb Code    16  stm32h5xx_hal_cortex.o(.text.HAL_NVIC_SetPriorityGrouping)
    HAL_RCC_ClockConfig                      0x08000c65   Thumb Code  1172  stm32h5xx_hal_rcc.o(.text.HAL_RCC_ClockConfig)
    HAL_RCC_GetHCLKFreq                      0x080010f9   Thumb Code    52  stm32h5xx_hal_rcc.o(.text.HAL_RCC_GetHCLKFreq)
    HAL_RCC_GetSysClockFreq                  0x0800112d   Thumb Code   700  stm32h5xx_hal_rcc.o(.text.HAL_RCC_GetSysClockFreq)
    HAL_RCC_OscConfig                        0x080013f9   Thumb Code  2556  stm32h5xx_hal_rcc.o(.text.HAL_RCC_OscConfig)
    HAL_SYSTICK_CLKSourceConfig              0x08001df5   Thumb Code   154  stm32h5xx_hal_cortex.o(.text.HAL_SYSTICK_CLKSourceConfig)
    HAL_SYSTICK_Config                       0x08001e91   Thumb Code    74  stm32h5xx_hal_cortex.o(.text.HAL_SYSTICK_Config)
    HAL_SYSTICK_GetCLKSourceConfig           0x08001edd   Thumb Code    98  stm32h5xx_hal_cortex.o(.text.HAL_SYSTICK_GetCLKSourceConfig)
    HAL_TIMEx_ConfigBreakDeadTime            0x08001f41   Thumb Code   286  stm32h5xx_hal_tim_ex.o(.text.HAL_TIMEx_ConfigBreakDeadTime)
    HAL_TIMEx_MasterConfigSynchronization    0x08002061   Thumb Code   246  stm32h5xx_hal_tim_ex.o(.text.HAL_TIMEx_MasterConfigSynchronization)
    HAL_TIM_Base_Init                        0x08002159   Thumb Code   168  stm32h5xx_hal_tim.o(.text.HAL_TIM_Base_Init)
    HAL_TIM_Base_MspInit                     0x08002201   Thumb Code    58  mcal.o(.text.HAL_TIM_Base_MspInit)
    HAL_TIM_ConfigClockSource                0x0800223d   Thumb Code   520  stm32h5xx_hal_tim.o(.text.HAL_TIM_ConfigClockSource)
    HAL_TIM_MspPostInit                      0x08002445   Thumb Code   104  mcal.o(.text.HAL_TIM_MspPostInit)
    HAL_TIM_PWM_ConfigChannel                0x080024ad   Thumb Code   432  stm32h5xx_hal_tim.o(.text.HAL_TIM_PWM_ConfigChannel)
    HAL_TIM_PWM_Init                         0x0800265d   Thumb Code   168  stm32h5xx_hal_tim.o(.text.HAL_TIM_PWM_Init)
    HAL_TIM_PWM_MspInit                      0x08002705   Thumb Code     8  stm32h5xx_hal_tim.o(.text.HAL_TIM_PWM_MspInit)
    HAL_TIM_PWM_Start                        0x0800270d   Thumb Code   448  stm32h5xx_hal_tim.o(.text.HAL_TIM_PWM_Start)
    HAL_TIM_PWM_Stop                         0x080028cd   Thumb Code   280  stm32h5xx_hal_tim.o(.text.HAL_TIM_PWM_Stop)
    HardFault_Handler                        0x080029e5   Thumb Code     4  mcal.o(.text.HardFault_Handler)
    Mcal_Init                                0x08002a0d   Thumb Code    28  mcal.o(.text.Mcal_Init)
    Mcal_TIM_Init                            0x08002a29   Thumb Code     2  mcal_tim.o(.text.Mcal_TIM_Init)
    Mcal_Tim_PWM_Config_pulseWidth           0x08002a2d   Thumb Code    60  mcal_tim.o(.text.Mcal_Tim_PWM_Config_pulseWidth)
    Mcal_Tim_PWM_Enable                      0x08002a69   Thumb Code    66  mcal_tim.o(.text.Mcal_Tim_PWM_Enable)
    Mcal_Tim_PWM_Reconfig                    0x08002aad   Thumb Code    86  mcal_tim.o(.text.Mcal_Tim_PWM_Reconfig)
    MemManage_Handler                        0x08002b05   Thumb Code     4  mcal.o(.text.MemManage_Handler)
    NMI_Handler                              0x08002b09   Thumb Code     4  mcal.o(.text.NMI_Handler)
    PendSV_Handler                           0x08002b79   Thumb Code     2  mcal.o(.text.PendSV_Handler)
    SVC_Handler                              0x08002b7d   Thumb Code     2  mcal.o(.text.SVC_Handler)
    SysTick_Handler                          0x08002b81   Thumb Code     8  mcal.o(.text.SysTick_Handler)
    SystemClock_Config                       0x08002b89   Thumb Code   198  mcal.o(.text.SystemClock_Config)
    SystemInit                               0x08002c51   Thumb Code   278  system_stm32h5xx.o(.text.SystemInit)
    TIM_Base_SetConfig                       0x08002eb5   Thumb Code   230  stm32h5xx_hal_tim.o(.text.TIM_Base_SetConfig)
    TIM_CCxChannelCmd                        0x08002f9d   Thumb Code    54  stm32h5xx_hal_tim.o(.text.TIM_CCxChannelCmd)
    TIM_ETR_SetConfig                        0x08002fd5   Thumb Code    52  stm32h5xx_hal_tim.o(.text.TIM_ETR_SetConfig)
    TIM_OC2_SetConfig                        0x0800310d   Thumb Code   222  stm32h5xx_hal_tim.o(.text.TIM_OC2_SetConfig)
    UsageFault_Handler                       0x08003575   Thumb Code     4  mcal.o(.text.UsageFault_Handler)
    main                                     0x0800386d   Thumb Code    34  main.o(.text.main)
    _fp_init                                 0x0800388f   Thumb Code    26  fpinit.o(x$fpl$fpinit)
    __fplib_config_fpu_vfp                   0x080038a7   Thumb Code     0  fpinit.o(x$fpl$fpinit)
    __fplib_config_pureend_doubles           0x080038a7   Thumb Code     0  fpinit.o(x$fpl$fpinit)
    AHBPrescTable                            0x080038a8   Data          16  system_stm32h5xx.o(.rodata.AHBPrescTable)
    g_TIM_PWM_ChannelMapping                 0x080038b8   Data          16  mcal_lcfg.o(.rodata.g_TIM_PWM_ChannelMapping)
    Region$$Table$$Base                      0x08003910   Number         0  anon$$obj.o(Region$$Table)
    Region$$Table$$Limit                     0x08003930   Number         0  anon$$obj.o(Region$$Table)
    SystemCoreClock                          0x20000000   Data           4  system_stm32h5xx.o(.data.SystemCoreClock)
    g_App_PulseWidth                         0x20000004   Data           4  app.o(.data.g_App_PulseWidth)
    uwTickFreq                               0x20000008   Data           1  stm32h5xx_hal.o(.data.uwTickFreq)
    uwTickPrio                               0x2000000c   Data           4  stm32h5xx_hal.o(.data.uwTickPrio)
    __libspace_start                         0x20000010   Data          96  libspace.o(.bss)
    __temporary_stack_top$libspace           0x20000070   Data           0  libspace.o(.bss)
    g_App_pinStates                          0x20000070   Data           3  app.o(.bss.g_App_pinStates)
    htim1                                    0x20000074   Data          76  mcal_lcfg.o(.bss.htim1)
    uwTick                                   0x200000c0   Data           4  stm32h5xx_hal.o(.bss.uwTick)



==============================================================================

Memory Map of the image

  Image Entry point : 0x08000259

  Load Region LR_IROM1 (Base: 0x08000000, Size: 0x00003940, Max: 0x00020000, ABSOLUTE)

    Execution Region ER_IROM1 (Exec base: 0x08000000, Load base: 0x08000000, Size: 0x00003930, Max: 0x00020000, ABSOLUTE)

    Exec Addr    Load Addr    Size         Type   Attr      Idx    E Section Name        Object

    0x08000000   0x08000000   0x00000258   Data   RO            3    RESET               startup_stm32h503xx.o
    0x08000258   0x08000258   0x00000008   Code   RO         1288  * !!!main             c_w.l(__main.o)
    0x08000260   0x08000260   0x0000005c   Code   RO         1461    !!!scatter          c_w.l(__scatter.o)
    0x080002bc   0x080002bc   0x0000001a   Code   RO         1465    !!handler_copy      c_w.l(__scatter_copy.o)
    0x080002d6   0x080002d6   0x00000002   PAD
    0x080002d8   0x080002d8   0x00000002   Code   RO         1462    !!handler_null      c_w.l(__scatter.o)
    0x080002da   0x080002da   0x00000002   PAD
    0x080002dc   0x080002dc   0x0000001c   Code   RO         1467    !!handler_zi        c_w.l(__scatter_zi.o)
    0x080002f8   0x080002f8   0x00000002   Code   RO         1340    .ARM.Collect$$libinit$$00000000  c_w.l(libinit.o)
    0x080002fa   0x080002fa   0x00000004   Code   RO         1350    .ARM.Collect$$libinit$$00000001  c_w.l(libinit2.o)
    0x080002fe   0x080002fe   0x00000000   Code   RO         1353    .ARM.Collect$$libinit$$00000004  c_w.l(libinit2.o)
    0x080002fe   0x080002fe   0x00000000   Code   RO         1355    .ARM.Collect$$libinit$$00000006  c_w.l(libinit2.o)
    0x080002fe   0x080002fe   0x00000000   Code   RO         1358    .ARM.Collect$$libinit$$0000000C  c_w.l(libinit2.o)
    0x080002fe   0x080002fe   0x00000000   Code   RO         1360    .ARM.Collect$$libinit$$0000000E  c_w.l(libinit2.o)
    0x080002fe   0x080002fe   0x00000000   Code   RO         1362    .ARM.Collect$$libinit$$00000010  c_w.l(libinit2.o)
    0x080002fe   0x080002fe   0x00000000   Code   RO         1365    .ARM.Collect$$libinit$$00000013  c_w.l(libinit2.o)
    0x080002fe   0x080002fe   0x00000000   Code   RO         1367    .ARM.Collect$$libinit$$00000015  c_w.l(libinit2.o)
    0x080002fe   0x080002fe   0x00000000   Code   RO         1369    .ARM.Collect$$libinit$$00000017  c_w.l(libinit2.o)
    0x080002fe   0x080002fe   0x00000000   Code   RO         1371    .ARM.Collect$$libinit$$00000019  c_w.l(libinit2.o)
    0x080002fe   0x080002fe   0x00000000   Code   RO         1373    .ARM.Collect$$libinit$$0000001B  c_w.l(libinit2.o)
    0x080002fe   0x080002fe   0x00000000   Code   RO         1375    .ARM.Collect$$libinit$$0000001D  c_w.l(libinit2.o)
    0x080002fe   0x080002fe   0x00000000   Code   RO         1377    .ARM.Collect$$libinit$$0000001F  c_w.l(libinit2.o)
    0x080002fe   0x080002fe   0x00000000   Code   RO         1379    .ARM.Collect$$libinit$$00000021  c_w.l(libinit2.o)
    0x080002fe   0x080002fe   0x00000000   Code   RO         1381    .ARM.Collect$$libinit$$00000023  c_w.l(libinit2.o)
    0x080002fe   0x080002fe   0x00000000   Code   RO         1383    .ARM.Collect$$libinit$$00000025  c_w.l(libinit2.o)
    0x080002fe   0x080002fe   0x00000000   Code   RO         1385    .ARM.Collect$$libinit$$00000027  c_w.l(libinit2.o)
    0x080002fe   0x080002fe   0x00000000   Code   RO         1389    .ARM.Collect$$libinit$$0000002E  c_w.l(libinit2.o)
    0x080002fe   0x080002fe   0x00000000   Code   RO         1391    .ARM.Collect$$libinit$$00000030  c_w.l(libinit2.o)
    0x080002fe   0x080002fe   0x00000000   Code   RO         1393    .ARM.Collect$$libinit$$00000032  c_w.l(libinit2.o)
    0x080002fe   0x080002fe   0x00000000   Code   RO         1395    .ARM.Collect$$libinit$$00000034  c_w.l(libinit2.o)
    0x080002fe   0x080002fe   0x00000002   Code   RO         1396    .ARM.Collect$$libinit$$00000035  c_w.l(libinit2.o)
    0x08000300   0x08000300   0x00000002   Code   RO         1432    .ARM.Collect$$libshutdown$$00000000  c_w.l(libshutdown.o)
    0x08000302   0x08000302   0x00000000   Code   RO         1444    .ARM.Collect$$libshutdown$$00000002  c_w.l(libshutdown2.o)
    0x08000302   0x08000302   0x00000000   Code   RO         1446    .ARM.Collect$$libshutdown$$00000004  c_w.l(libshutdown2.o)
    0x08000302   0x08000302   0x00000000   Code   RO         1449    .ARM.Collect$$libshutdown$$00000007  c_w.l(libshutdown2.o)
    0x08000302   0x08000302   0x00000000   Code   RO         1452    .ARM.Collect$$libshutdown$$0000000A  c_w.l(libshutdown2.o)
    0x08000302   0x08000302   0x00000000   Code   RO         1454    .ARM.Collect$$libshutdown$$0000000C  c_w.l(libshutdown2.o)
    0x08000302   0x08000302   0x00000000   Code   RO         1457    .ARM.Collect$$libshutdown$$0000000F  c_w.l(libshutdown2.o)
    0x08000302   0x08000302   0x00000002   Code   RO         1458    .ARM.Collect$$libshutdown$$00000010  c_w.l(libshutdown2.o)
    0x08000304   0x08000304   0x00000000   Code   RO         1290    .ARM.Collect$$rtentry$$00000000  c_w.l(__rtentry.o)
    0x08000304   0x08000304   0x00000000   Code   RO         1304    .ARM.Collect$$rtentry$$00000002  c_w.l(__rtentry2.o)
    0x08000304   0x08000304   0x00000006   Code   RO         1316    .ARM.Collect$$rtentry$$00000004  c_w.l(__rtentry4.o)
    0x0800030a   0x0800030a   0x00000000   Code   RO         1306    .ARM.Collect$$rtentry$$00000009  c_w.l(__rtentry2.o)
    0x0800030a   0x0800030a   0x00000004   Code   RO         1307    .ARM.Collect$$rtentry$$0000000A  c_w.l(__rtentry2.o)
    0x0800030e   0x0800030e   0x00000000   Code   RO         1309    .ARM.Collect$$rtentry$$0000000C  c_w.l(__rtentry2.o)
    0x0800030e   0x0800030e   0x00000008   Code   RO         1310    .ARM.Collect$$rtentry$$0000000D  c_w.l(__rtentry2.o)
    0x08000316   0x08000316   0x00000002   Code   RO         1344    .ARM.Collect$$rtexit$$00000000  c_w.l(rtexit.o)
    0x08000318   0x08000318   0x00000000   Code   RO         1398    .ARM.Collect$$rtexit$$00000002  c_w.l(rtexit2.o)
    0x08000318   0x08000318   0x00000004   Code   RO         1399    .ARM.Collect$$rtexit$$00000003  c_w.l(rtexit2.o)
    0x0800031c   0x0800031c   0x00000006   Code   RO         1400    .ARM.Collect$$rtexit$$00000004  c_w.l(rtexit2.o)
    0x08000322   0x08000322   0x00000002   PAD
    0x08000324   0x08000324   0x00000044   Code   RO            4    .text               startup_stm32h503xx.o
    0x08000368   0x08000368   0x00000080   Code   RO         1282    .text               c_w.l(assert.o)
    0x080003e8   0x080003e8   0x0000004e   Code   RO         1284    .text               c_w.l(rt_memclr_w.o)
    0x08000436   0x08000436   0x00000006   Code   RO         1286    .text               c_w.l(heapauxi.o)
    0x0800043c   0x0800043c   0x00000016   Code   RO         1291    .text               c_w.l(abort.o)
    0x08000452   0x08000452   0x00000014   Code   RO         1293    .text               c_w.l(assert_puts.o)
    0x08000466   0x08000466   0x0000000e   Code   RO         1295    .text               c_w.l(sys_wrch.o)
    0x08000474   0x08000474   0x0000000c   Code   RO         1297    .text               c_w.l(sys_exit.o)
    0x08000480   0x08000480   0x0000000e   Code   RO         1318    .text               c_w.l(defsig_abrt_outer.o)
    0x0800048e   0x0800048e   0x00000002   Code   RO         1322    .text               c_w.l(use_no_semi.o)
    0x08000490   0x08000490   0x00000000   Code   RO         1324    .text               c_w.l(indicate_semi.o)
    0x08000490   0x08000490   0x0000004a   Code   RO         1325    .text               c_w.l(sys_stackheap_outer.o)
    0x080004da   0x080004da   0x00000012   Code   RO         1329    .text               c_w.l(exit.o)
    0x080004ec   0x080004ec   0x0000000a   Code   RO         1331    .text               c_w.l(defsig_exit.o)
    0x080004f6   0x080004f6   0x00000002   PAD
    0x080004f8   0x080004f8   0x00000030   Code   RO         1333    .text               c_w.l(defsig_abrt_inner.o)
    0x08000528   0x08000528   0x00000008   Code   RO         1341    .text               c_w.l(libspace.o)
    0x08000530   0x08000530   0x00000032   Code   RO         1348    .text               c_w.l(defsig_general.o)
    0x08000562   0x08000562   0x00000002   PAD
    0x08000564   0x08000564   0x0000004a   Code   RO         1262    .text.Application_Init  app.o
    0x080005ae   0x080005ae   0x00000002   PAD
    0x080005b0   0x080005b0   0x0000000c   Code   RO         1256    .text.Application_MainFunction  app.o
    0x080005bc   0x080005bc   0x00000002   Code   RO         1273    .text.Bsw_Init      bsw.o
    0x080005be   0x080005be   0x00000002   PAD
    0x080005c0   0x080005c0   0x00000004   Code   RO         1200    .text.BusFault_Handler  mcal.o
    0x080005c4   0x080005c4   0x00000002   Code   RO         1206    .text.DebugMon_Handler  mcal.o
    0x080005c6   0x080005c6   0x00000002   PAD
    0x080005c8   0x080005c8   0x00000006   Code   RO         1184    .text.Error_Handler  mcal.o
    0x080005ce   0x080005ce   0x00000002   PAD
    0x080005d0   0x080005d0   0x000000d2   Code   RO         1216    .text.GPIO_Init     mcal.o
    0x080006a2   0x080006a2   0x00000002   PAD
    0x080006a4   0x080006a4   0x00000042   Code   RO          655    .text.HAL_Delay     stm32h5xx_hal.o
    0x080006e6   0x080006e6   0x00000002   PAD
    0x080006e8   0x080006e8   0x000002ea   Code   RO          347    .text.HAL_GPIO_Init  stm32h5xx_hal_gpio.o
    0x080009d2   0x080009d2   0x00000002   PAD
    0x080009d4   0x080009d4   0x0000002e   Code   RO          351    .text.HAL_GPIO_ReadPin  stm32h5xx_hal_gpio.o
    0x08000a02   0x08000a02   0x00000002   PAD
    0x08000a04   0x08000a04   0x0000002c   Code   RO          353    .text.HAL_GPIO_WritePin  stm32h5xx_hal_gpio.o
    0x08000a30   0x08000a30   0x0000000c   Code   RO          647    .text.HAL_GetTick   stm32h5xx_hal.o
    0x08000a3c   0x08000a3c   0x00000040   Code   RO          101    .text.HAL_ICACHE_ConfigAssociativityMode  stm32h5xx_hal_icache.o
    0x08000a7c   0x08000a7c   0x00000014   Code   RO          105    .text.HAL_ICACHE_Enable  stm32h5xx_hal_icache.o
    0x08000a90   0x08000a90   0x0000001a   Code   RO          645    .text.HAL_IncTick   stm32h5xx_hal.o
    0x08000aaa   0x08000aaa   0x00000002   PAD
    0x08000aac   0x08000aac   0x0000005e   Code   RO          635    .text.HAL_Init      stm32h5xx_hal.o
    0x08000b0a   0x08000b0a   0x00000002   PAD
    0x08000b0c   0x08000b0c   0x00000114   Code   RO          637    .text.HAL_InitTick  stm32h5xx_hal.o
    0x08000c20   0x08000c20   0x00000002   Code   RO         1186    .text.HAL_MspInit   mcal.o
    0x08000c22   0x08000c22   0x00000002   PAD
    0x08000c24   0x08000c24   0x0000002e   Code   RO           24    .text.HAL_NVIC_SetPriority  stm32h5xx_hal_cortex.o
    0x08000c52   0x08000c52   0x00000002   PAD
    0x08000c54   0x08000c54   0x00000010   Code   RO           20    .text.HAL_NVIC_SetPriorityGrouping  stm32h5xx_hal_cortex.o
    0x08000c64   0x08000c64   0x00000494   Code   RO          146    .text.HAL_RCC_ClockConfig  stm32h5xx_hal_rcc.o
    0x080010f8   0x080010f8   0x00000034   Code   RO          144    .text.HAL_RCC_GetHCLKFreq  stm32h5xx_hal_rcc.o
    0x0800112c   0x0800112c   0x000002cc   Code   RO          148    .text.HAL_RCC_GetSysClockFreq  stm32h5xx_hal_rcc.o
    0x080013f8   0x080013f8   0x000009fc   Code   RO          142    .text.HAL_RCC_OscConfig  stm32h5xx_hal_rcc.o
    0x08001df4   0x08001df4   0x0000009a   Code   RO           70    .text.HAL_SYSTICK_CLKSourceConfig  stm32h5xx_hal_cortex.o
    0x08001e8e   0x08001e8e   0x00000002   PAD
    0x08001e90   0x08001e90   0x0000004a   Code   RO           68    .text.HAL_SYSTICK_Config  stm32h5xx_hal_cortex.o
    0x08001eda   0x08001eda   0x00000002   PAD
    0x08001edc   0x08001edc   0x00000062   Code   RO           72    .text.HAL_SYSTICK_GetCLKSourceConfig  stm32h5xx_hal_cortex.o
    0x08001f3e   0x08001f3e   0x00000002   PAD
    0x08001f40   0x08001f40   0x0000011e   Code   RO         1093    .text.HAL_TIMEx_ConfigBreakDeadTime  stm32h5xx_hal_tim_ex.o
    0x0800205e   0x0800205e   0x00000002   PAD
    0x08002060   0x08002060   0x000000f6   Code   RO         1091    .text.HAL_TIMEx_MasterConfigSynchronization  stm32h5xx_hal_tim_ex.o
    0x08002156   0x08002156   0x00000002   PAD
    0x08002158   0x08002158   0x000000a8   Code   RO          772    .text.HAL_TIM_Base_Init  stm32h5xx_hal_tim.o
    0x08002200   0x08002200   0x0000003a   Code   RO         1188    .text.HAL_TIM_Base_MspInit  mcal.o
    0x0800223a   0x0800223a   0x00000002   PAD
    0x0800223c   0x0800223c   0x00000208   Code   RO          970    .text.HAL_TIM_ConfigClockSource  stm32h5xx_hal_tim.o
    0x08002444   0x08002444   0x00000068   Code   RO         1190    .text.HAL_TIM_MspPostInit  mcal.o
    0x080024ac   0x080024ac   0x000001b0   Code   RO          944    .text.HAL_TIM_PWM_ConfigChannel  stm32h5xx_hal_tim.o
    0x0800265c   0x0800265c   0x000000a8   Code   RO          828    .text.HAL_TIM_PWM_Init  stm32h5xx_hal_tim.o
    0x08002704   0x08002704   0x00000008   Code   RO          830    .text.HAL_TIM_PWM_MspInit  stm32h5xx_hal_tim.o
    0x0800270c   0x0800270c   0x000001c0   Code   RO          836    .text.HAL_TIM_PWM_Start  stm32h5xx_hal_tim.o
    0x080028cc   0x080028cc   0x00000118   Code   RO          838    .text.HAL_TIM_PWM_Stop  stm32h5xx_hal_tim.o
    0x080029e4   0x080029e4   0x00000004   Code   RO         1196    .text.HardFault_Handler  mcal.o
    0x080029e8   0x080029e8   0x00000022   Code   RO         1214    .text.ICACHE_Init   mcal.o
    0x08002a0a   0x08002a0a   0x00000002   PAD
    0x08002a0c   0x08002a0c   0x0000001c   Code   RO         1212    .text.Mcal_Init     mcal.o
    0x08002a28   0x08002a28   0x00000002   Code   RO         1246    .text.Mcal_TIM_Init  mcal_tim.o
    0x08002a2a   0x08002a2a   0x00000002   PAD
    0x08002a2c   0x08002a2c   0x0000003c   Code   RO         1234    .text.Mcal_Tim_PWM_Config_pulseWidth  mcal_tim.o
    0x08002a68   0x08002a68   0x00000042   Code   RO         1242    .text.Mcal_Tim_PWM_Enable  mcal_tim.o
    0x08002aaa   0x08002aaa   0x00000002   PAD
    0x08002aac   0x08002aac   0x00000056   Code   RO         1238    .text.Mcal_Tim_PWM_Reconfig  mcal_tim.o
    0x08002b02   0x08002b02   0x00000002   PAD
    0x08002b04   0x08002b04   0x00000004   Code   RO         1198    .text.MemManage_Handler  mcal.o
    0x08002b08   0x08002b08   0x00000004   Code   RO         1194    .text.NMI_Handler   mcal.o
    0x08002b0c   0x08002b0c   0x0000006c   Code   RO           30    .text.NVIC_EncodePriority  stm32h5xx_hal_cortex.o
    0x08002b78   0x08002b78   0x00000002   Code   RO         1208    .text.PendSV_Handler  mcal.o
    0x08002b7a   0x08002b7a   0x00000002   PAD
    0x08002b7c   0x08002b7c   0x00000002   Code   RO         1204    .text.SVC_Handler   mcal.o
    0x08002b7e   0x08002b7e   0x00000002   PAD
    0x08002b80   0x08002b80   0x00000008   Code   RO         1210    .text.SysTick_Handler  mcal.o
    0x08002b88   0x08002b88   0x000000c6   Code   RO         1182    .text.SystemClock_Config  mcal.o
    0x08002c4e   0x08002c4e   0x00000002   PAD
    0x08002c50   0x08002c50   0x00000116   Code   RO         1168    .text.SystemInit    system_stm32h5xx.o
    0x08002d66   0x08002d66   0x00000002   PAD
    0x08002d68   0x08002d68   0x0000014c   Code   RO         1218    .text.TIM1_Init     mcal.o
    0x08002eb4   0x08002eb4   0x000000e6   Code   RO          776    .text.TIM_Base_SetConfig  stm32h5xx_hal_tim.o
    0x08002f9a   0x08002f9a   0x00000002   PAD
    0x08002f9c   0x08002f9c   0x00000036   Code   RO          812    .text.TIM_CCxChannelCmd  stm32h5xx_hal_tim.o
    0x08002fd2   0x08002fd2   0x00000002   PAD
    0x08002fd4   0x08002fd4   0x00000034   Code   RO          968    .text.TIM_ETR_SetConfig  stm32h5xx_hal_tim.o
    0x08003008   0x08003008   0x00000030   Code   RO          974    .text.TIM_ITRx_SetConfig  stm32h5xx_hal_tim.o
    0x08003038   0x08003038   0x000000d4   Code   RO          922    .text.TIM_OC1_SetConfig  stm32h5xx_hal_tim.o
    0x0800310c   0x0800310c   0x000000de   Code   RO          924    .text.TIM_OC2_SetConfig  stm32h5xx_hal_tim.o
    0x080031ea   0x080031ea   0x00000002   PAD
    0x080031ec   0x080031ec   0x000000dc   Code   RO          926    .text.TIM_OC3_SetConfig  stm32h5xx_hal_tim.o
    0x080032c8   0x080032c8   0x000000de   Code   RO          928    .text.TIM_OC4_SetConfig  stm32h5xx_hal_tim.o
    0x080033a6   0x080033a6   0x00000002   PAD
    0x080033a8   0x080033a8   0x00000092   Code   RO          930    .text.TIM_OC5_SetConfig  stm32h5xx_hal_tim.o
    0x0800343a   0x0800343a   0x00000002   PAD
    0x0800343c   0x0800343c   0x00000094   Code   RO          932    .text.TIM_OC6_SetConfig  stm32h5xx_hal_tim.o
    0x080034d0   0x080034d0   0x00000050   Code   RO          972    .text.TIM_TI1_ConfigInputStage  stm32h5xx_hal_tim.o
    0x08003520   0x08003520   0x00000052   Code   RO          976    .text.TIM_TI2_ConfigInputStage  stm32h5xx_hal_tim.o
    0x08003572   0x08003572   0x00000002   PAD
    0x08003574   0x08003574   0x00000004   Code   RO         1202    .text.UsageFault_Handler  mcal.o
    0x08003578   0x08003578   0x00000010   Code   RO           26    .text.__NVIC_GetPriorityGrouping  stm32h5xx_hal_cortex.o
    0x08003588   0x08003588   0x00000042   Code   RO           28    .text.__NVIC_SetPriority  stm32h5xx_hal_cortex.o
    0x080035ca   0x080035ca   0x00000002   PAD
    0x080035cc   0x080035cc   0x0000003c   Code   RO           22    .text.__NVIC_SetPriorityGrouping  stm32h5xx_hal_cortex.o
    0x08003608   0x08003608   0x00000060   Code   RO         1260    .text.__PWM         app.o
    0x08003668   0x08003668   0x00000098   Code   RO         1258    .text.__blinking    app.o
    0x08003700   0x08003700   0x0000004e   Code   RO         1240    .text.__setCycleTime_ns  mcal_tim.o
    0x0800374e   0x0800374e   0x00000002   PAD
    0x08003750   0x08003750   0x0000011a   Code   RO         1236    .text.__setPulseWidth  mcal_tim.o
    0x0800386a   0x0800386a   0x00000002   PAD
    0x0800386c   0x0800386c   0x00000022   Code   RO           11    .text.main          main.o
    0x0800388e   0x0800388e   0x0000001a   Code   RO         1408    x$fpl$fpinit        fz_wm.l(fpinit.o)
    0x080038a8   0x080038a8   0x00000010   Data   RO         1173    .rodata.AHBPrescTable  system_stm32h5xx.o
    0x080038b8   0x080038b8   0x00000010   Data   RO         1228    .rodata.g_TIM_PWM_ChannelMapping  mcal_lcfg.o
    0x080038c8   0x080038c8   0x00000047   Data   RO         1248    .rodata.str1.1      mcal_tim.o
    0x0800390f   0x0800390f   0x00000001   PAD
    0x08003910   0x08003910   0x00000020   Data   RO         1460    Region$$Table       anon$$obj.o


    Execution Region RW_IRAM1 (Exec base: 0x20000000, Load base: 0x08003930, Size: 0x000006c8, Max: 0x00008000, ABSOLUTE)

    Exec Addr    Load Addr    Size         Type   Attr      Idx    E Section Name        Object

    0x20000000   0x08003930   0x00000004   Data   RW         1172    .data.SystemCoreClock  system_stm32h5xx.o
    0x20000004   0x08003934   0x00000004   Data   RW         1265    .data.g_App_PulseWidth  app.o
    0x20000008   0x08003938   0x00000001   Data   RW          734    .data.uwTickFreq    stm32h5xx_hal.o
    0x20000009   0x08003939   0x00000003   PAD
    0x2000000c   0x0800393c   0x00000004   Data   RW          733    .data.uwTickPrio    stm32h5xx_hal.o
    0x20000010        -       0x00000060   Zero   RW         1342    .bss                c_w.l(libspace.o)
    0x20000070        -       0x00000003   Zero   RW         1264    .bss.g_App_pinStates  app.o
    0x20000073   0x08003940   0x00000001   PAD
    0x20000074        -       0x0000004c   Zero   RW         1227    .bss.htim1          mcal_lcfg.o
    0x200000c0        -       0x00000004   Zero   RW          735    .bss.uwTick         stm32h5xx_hal.o
    0x200000c4   0x08003940   0x00000004   PAD
    0x200000c8        -       0x00000200   Zero   RW            2    HEAP                startup_stm32h503xx.o
    0x200002c8        -       0x00000400   Zero   RW            1    STACK               startup_stm32h503xx.o


==============================================================================

Image component sizes


      Code (inc. data)   RO Data    RW Data    ZI Data      Debug   Object Name

       334          0          0          4          3       2025   app.o
         2          0          0          0          0        431   bsw.o
        34          0          0          0          0        448   main.o
      1006          0          0          0          0      12558   mcal.o
         0          0         16          0         76       4906   mcal_lcfg.o
       574          0         71          0          0       1757   mcal_tim.o
        68         28        600          0       1536       1008   startup_stm32h503xx.o
       474          0          0          5          4      11454   stm32h5xx_hal.o
       638          6          0          0          0      12502   stm32h5xx_hal_cortex.o
       836          0          0          0          0       5177   stm32h5xx_hal_gpio.o
        84          0          0          0          0       3451   stm32h5xx_hal_icache.o
      4496         16          0          0          0      12299   stm32h5xx_hal_rcc.o
      3740         22          0          0          0      39151   stm32h5xx_hal_tim.o
       532          0          0          0          0      21887   stm32h5xx_hal_tim_ex.o
       278          0         16          4          0       5350   system_stm32h5xx.o

    ----------------------------------------------------------------------
     13166         72        736         16       1624     134404   Object Totals
         0          0         32          0          0          0   (incl. Generated)
        70          0          1          3          5          0   (incl. Padding)

    ----------------------------------------------------------------------

      Code (inc. data)   RO Data    RW Data    ZI Data      Debug   Library Member Name

         8          0          0          0          0         68   __main.o
         0          0          0          0          0          0   __rtentry.o
        12          0          0          0          0          0   __rtentry2.o
         6          0          0          0          0          0   __rtentry4.o
        94          8          0          0          0          0   __scatter.o
        26          0          0          0          0          0   __scatter_copy.o
        28          0          0          0          0          0   __scatter_zi.o
        22          0          0          0          0         80   abort.o
       128         42          0          0          0         76   assert.o
        20          0          0          0          0         76   assert_puts.o
        48         34          0          0          0         76   defsig_abrt_inner.o
        14          0          0          0          0         80   defsig_abrt_outer.o
        10          0          0          0          0         68   defsig_exit.o
        50          0          0          0          0         88   defsig_general.o
        18          0          0          0          0         80   exit.o
         6          0          0          0          0        152   heapauxi.o
         0          0          0          0          0          0   indicate_semi.o
         2          0          0          0          0          0   libinit.o
         6          0          0          0          0          0   libinit2.o
         2          0          0          0          0          0   libshutdown.o
         2          0          0          0          0          0   libshutdown2.o
         8          4          0          0         96         68   libspace.o
        78          0          0          0          0         80   rt_memclr_w.o
         2          0          0          0          0          0   rtexit.o
        10          0          0          0          0          0   rtexit2.o
        12          4          0          0          0         68   sys_exit.o
        74          0          0          0          0         80   sys_stackheap_outer.o
        14          0          0          0          0         76   sys_wrch.o
         2          0          0          0          0         68   use_no_semi.o
        26          0          0          0          0        116   fpinit.o

    ----------------------------------------------------------------------
       738         92          0          0         96       1400   Library Totals
        10          0          0          0          0          0   (incl. Padding)

    ----------------------------------------------------------------------

      Code (inc. data)   RO Data    RW Data    ZI Data      Debug   Library Name

       702         92          0          0         96       1284   c_w.l
        26          0          0          0          0        116   fz_wm.l

    ----------------------------------------------------------------------
       738         92          0          0         96       1400   Library Totals

    ----------------------------------------------------------------------

==============================================================================


      Code (inc. data)   RO Data    RW Data    ZI Data      Debug   

     13904        164        736         16       1720     135008   Grand Totals
     13904        164        736         16       1720     135008   ELF Image Totals
     13904        164        736         16          0          0   ROM Totals

==============================================================================

    Total RO  Size (Code + RO Data)                14640 (  14.30kB)
    Total RW  Size (RW Data + ZI Data)              1736 (   1.70kB)
    Total ROM Size (Code + RO Data + RW Data)      14656 (  14.31kB)

==============================================================================

